=== 1024x3072 block_c=64 code power=54.04 W procs=4
    Registers Per Thread             register/thread             255
    Block Limit Registers                 block            2
    Theoretical Occupancy                     %        16.67
    Achieved Occupancy                        %        16.21
=== 1024x3072 block_c=32 code power=49.64 W procs=4
    Registers Per Thread             register/thread             199
    Block Limit Registers                 block            2
    Theoretical Occupancy                     %        16.67
    Achieved Occupancy                        %        16.22
=== 1024x3072 block_c=16 code power=49.26 W procs=4
    Registers Per Thread             register/thread              96
    Block Limit Registers                 block            5
    Theoretical Occupancy                     %        41.67
    Achieved Occupancy                        %        37.96
=== 1024x3072 block_c=8 code power=43.75 W procs=4
    Registers Per Thread             register/thread              54
    Block Limit Registers                 block            9
    Theoretical Occupancy                     %           75
    Achieved Occupancy                        %        64.42
ALLDONE
