5 process(es) on the card at start
idle draw before the first arm: {'mean_w': 32.2, 'max_w': 32.5, 'min_w': 31.6, 'n': 3, 'cuda_procs_max': 5, 'cuda_procs_min': 5}
/home/rob/dq-runs/venvs/prismaquant-cu130/lib/python3.12/site-packages/torch/profiler/profiler.py:224: UserWarning: Warning: Profiler clears events at the end of each cycle.Only events from the current cycle will be reported.To keep events across cycles, set acc_events=True.
  _warn_once(
-------------------------------------------------------  ------------  ------------  ------------  ------------  ------------  ------------  ------------  ------------  ------------  ------------  
                                                   Name    Self CPU %      Self CPU   CPU total %     CPU total  CPU time avg     Self CUDA   Self CUDA %    CUDA total  CUDA time avg    # of Calls  
-------------------------------------------------------  ------------  ------------  ------------  ------------  ------------  ------------  ------------  ------------  ------------  ------------  
                            tessera_window::window_gemv        11.42%       1.270ms        19.08%       2.122ms      42.449us       5.715ms        82.29%       5.761ms     115.224us            50  
                                           _gemv_kernel         0.00%       0.000us         0.00%       0.000us       0.000us       5.715ms        82.29%       5.715ms     114.305us            50  
                        tessera_window::decode_fp8_tile        11.36%       1.263ms        25.33%       2.818ms      56.351us       1.184ms        17.05%       1.234ms      24.671us            50  
                                         _decode_kernel         0.00%       0.000us         0.00%       0.000us       0.000us       1.184ms        17.05%       1.184ms      23.683us            50  
                                Activity Buffer Request        10.93%       1.215ms        10.93%       1.215ms       1.215ms      49.408us         0.71%      49.408us      49.408us             1  
                                            aten::zeros         0.96%     106.320us         6.03%     670.352us      13.407us       0.000us         0.00%      45.952us       0.919us            50  
                                            aten::zero_         0.70%      77.536us         3.97%     441.184us       8.824us       0.000us         0.00%      45.952us       0.919us            50  
                                            aten::fill_         1.30%     144.544us         3.27%     363.648us       7.273us      45.952us         0.66%      45.952us       0.919us            50  
void at::native::vectorized_elementwise_kernel<4, at...         0.00%       0.000us         0.00%       0.000us       0.000us      45.952us         0.66%      45.952us       0.919us            50  
                                            aten::empty         2.13%     237.408us         2.13%     237.408us       2.374us       0.000us         0.00%       0.000us       0.000us           100  
                                       cuLaunchKernelEx         3.65%     406.287us         3.65%     406.287us       4.063us       0.000us         0.00%       0.000us       0.000us           100  
                                       cudaLaunchKernel         1.97%     219.104us         1.97%     219.104us       4.382us       0.000us         0.00%       0.000us       0.000us            50  
-------------------------------------------------------  ------------  ------------  ------------  ------------  ------------  ------------  ------------  ------------  ------------  ------------  
Self CPU time total: 11.122ms
Self CUDA time total: 6.945ms


wrote /mnt/shared/tessera-runs/kernel-window/bench-profile-20260902-130747.json
