
== L5 gate_proj (2048, 4096)  act leg served 0.09203
    arm                                   bpp      wt     out    W4A4
    S6b per-16 + LS  L=1               4.0000 0.09936 0.09656 0.13306    2.0s
    E4M3 per-16 + LS  L=1              4.0000 0.09794 0.09504 0.13187    3.7s
    E4M3 per-32 + LS  L=1              3.7500 0.10505 0.10175 0.13693    5.4s
    E4M3 per-64 + LS  L=1              3.6250 0.11103 0.10759 0.14118    7.2s
    E4M3 per-128 + LS  L=1             3.5625 0.11693 0.11346 0.14561    8.9s
    S6b per-16 + LS  L=2               4.2500 0.09007 0.08757 0.12674   10.5s
    E4M3 per-16 + LS  L=2              4.2500 0.08807 0.08507 0.12495   12.1s
    E4M3 per-32 + LS  L=2              4.0000 0.09478 0.09179 0.12960   13.7s
    E4M3 per-64 + LS  L=2              3.8750 0.10002 0.09686 0.13322   15.3s
    E4M3 per-128 + LS  L=2             3.8125 0.10536 0.10226 0.13722   16.9s
    S6b per-16 + LS  L=4               4.3750 0.08811 0.08578 0.12554   18.4s
    E4M3 per-16 + LS  L=4              4.3750 0.08569 0.08274 0.12348   20.0s
    E4M3 per-32 + LS  L=4              4.1250 0.09239 0.08955 0.12808   21.5s
    E4M3 per-64 + LS  L=4              4.0000 0.09745 0.09446 0.13157   23.1s
    E4M3 per-128 + LS  L=4             3.9375 0.10268 0.09970 0.13522   24.6s
    S6b per-16 + LS  L=8               4.4375 0.08794 0.08533 0.12518   26.2s
    E4M3 per-16 + LS  L=8              4.4375 0.08540 0.08260 0.12338   27.7s
    E4M3 per-32 + LS  L=8              4.1875 0.09212 0.08922 0.12782   29.2s
    E4M3 per-64 + LS  L=8              4.0625 0.09721 0.09425 0.13141   30.7s
    E4M3 per-128 + LS  L=8             4.0000 0.10245 0.09934 0.13501   32.3s

== L5 up_proj (2048, 4096)  act leg served 0.09552
    arm                                   bpp      wt     out    W4A4
    S6b per-16 + LS  L=1               4.0000 0.09934 0.09993 0.13806    1.9s
    E4M3 per-16 + LS  L=1              4.0000 0.09799 0.09862 0.13719    3.6s
    E4M3 per-32 + LS  L=1              3.7500 0.10512 0.10570 0.14211    5.4s
    E4M3 per-64 + LS  L=1              3.6250 0.11110 0.11197 0.14696    7.1s
    E4M3 per-128 + LS  L=1             3.5625 0.11707 0.11781 0.15149    8.8s
    S6b per-16 + LS  L=2               4.2500 0.08998 0.09074 0.13143   10.4s
    E4M3 per-16 + LS  L=2              4.2500 0.08813 0.08885 0.13033   12.0s
    E4M3 per-32 + LS  L=2              4.0000 0.09490 0.09580 0.13498   13.6s
    E4M3 per-64 + LS  L=2              3.8750 0.10015 0.10067 0.13858   15.2s
    E4M3 per-128 + LS  L=2             3.8125 0.10549 0.10615 0.14239   16.8s
    S6b per-16 + LS  L=4               4.3750 0.08798 0.08868 0.13016   18.3s
    E4M3 per-16 + LS  L=4              4.3750 0.08577 0.08651 0.12858   19.9s
    E4M3 per-32 + LS  L=4              4.1250 0.09248 0.09327 0.13326   21.4s
    E4M3 per-64 + LS  L=4              4.0000 0.09758 0.09789 0.13666   23.0s
    E4M3 per-128 + LS  L=4             3.9375 0.10284 0.10332 0.14036   24.5s
    S6b per-16 + LS  L=8               4.4375 0.08782 0.08842 0.12980   26.1s
    E4M3 per-16 + LS  L=8              4.4375 0.08548 0.08613 0.12838   27.6s
    E4M3 per-32 + LS  L=8              4.1875 0.09222 0.09307 0.13308   29.1s
    E4M3 per-64 + LS  L=8              4.0625 0.09733 0.09777 0.13655   30.7s
    E4M3 per-128 + LS  L=8             4.0000 0.10261 0.10325 0.14031   32.2s

== L20 gate_proj (2048, 4096)  act leg served 0.08675
    arm                                   bpp      wt     out    W4A4
    S6b per-16 + LS  L=1               4.0000 0.09965 0.09094 0.12539    1.9s
    E4M3 per-16 + LS  L=1              4.0000 0.09810 0.08932 0.12402    3.6s
    E4M3 per-32 + LS  L=1              3.7500 0.10520 0.09576 0.12883    5.4s
    E4M3 per-64 + LS  L=1              3.6250 0.11063 0.10067 0.13251    7.1s
    E4M3 per-128 + LS  L=1             3.5625 0.11601 0.10600 0.13651    8.8s
    S6b per-16 + LS  L=2               4.2500 0.09051 0.08233 0.11937   10.4s
    E4M3 per-16 + LS  L=2              4.2500 0.08828 0.08041 0.11795   12.0s
    E4M3 per-32 + LS  L=2              4.0000 0.09507 0.08654 0.12222   13.6s
    E4M3 per-64 + LS  L=2              3.8750 0.09969 0.09069 0.12507   15.2s
    E4M3 per-128 + LS  L=2             3.8125 0.10423 0.09486 0.12812   16.8s
    S6b per-16 + LS  L=4               4.3750 0.08868 0.08062 0.11826   18.4s
    E4M3 per-16 + LS  L=4              4.3750 0.08592 0.07802 0.11640   19.9s
    E4M3 per-32 + LS  L=4              4.1250 0.09267 0.08441 0.12073   21.5s
    E4M3 per-64 + LS  L=4              4.0000 0.09711 0.08844 0.12352   23.0s
    E4M3 per-128 + LS  L=4             3.9375 0.10147 0.09244 0.12634   24.6s
    S6b per-16 + LS  L=8               4.4375 0.08856 0.08049 0.11809   26.1s
    E4M3 per-16 + LS  L=8              4.4375 0.08567 0.07794 0.11636   27.6s
    E4M3 per-32 + LS  L=8              4.1875 0.09243 0.08412 0.12058   29.2s
    E4M3 per-64 + LS  L=8              4.0625 0.09684 0.08811 0.12319   30.7s
    E4M3 per-128 + LS  L=8             4.0000 0.10121 0.09227 0.12610   32.2s

== L20 up_proj (2048, 4096)  act leg served 0.09220
    arm                                   bpp      wt     out    W4A4
    S6b per-16 + LS  L=1               4.0000 0.09967 0.09629 0.13297    1.9s
    E4M3 per-16 + LS  L=1              4.0000 0.09798 0.09417 0.13152    3.6s
    E4M3 per-32 + LS  L=1              3.7500 0.10504 0.10131 0.13645    5.3s
    E4M3 per-64 + LS  L=1              3.6250 0.11055 0.10639 0.14033    7.0s
    E4M3 per-128 + LS  L=1             3.5625 0.11607 0.11214 0.14497    8.8s
    S6b per-16 + LS  L=2               4.2500 0.09054 0.08745 0.12671   10.4s
    E4M3 per-16 + LS  L=2              4.2500 0.08813 0.08507 0.12517   12.0s
    E4M3 per-32 + LS  L=2              4.0000 0.09487 0.09124 0.12929   13.5s
    E4M3 per-64 + LS  L=2              3.8750 0.09959 0.09586 0.13270   15.1s
    E4M3 per-128 + LS  L=2             3.8125 0.10428 0.10073 0.13630   16.7s
    S6b per-16 + LS  L=4               4.3750 0.08868 0.08563 0.12549   18.3s
    E4M3 per-16 + LS  L=4              4.3750 0.08576 0.08273 0.12353   19.8s
    E4M3 per-32 + LS  L=4              4.1250 0.09245 0.08895 0.12779   21.4s
    E4M3 per-64 + LS  L=4              4.0000 0.09698 0.09340 0.13088   22.9s
    E4M3 per-128 + LS  L=4             3.9375 0.10155 0.09798 0.13424   24.5s
    S6b per-16 + LS  L=8               4.4375 0.08856 0.08550 0.12526   26.0s
    E4M3 per-16 + LS  L=8              4.4375 0.08550 0.08228 0.12319   27.5s
    E4M3 per-32 + LS  L=8              4.1875 0.09221 0.08872 0.12760   29.1s
    E4M3 per-64 + LS  L=8              4.0625 0.09672 0.09322 0.13081   30.6s
    E4M3 per-128 + LS  L=8             4.0000 0.10129 0.09778 0.13410   32.1s

== L42 gate_proj (2048, 4096)  act leg served 0.06309
    arm                                   bpp      wt     out    W4A4
    S6b per-16 + LS  L=1               4.0000 0.09947 0.06695 0.09200    1.9s
    E4M3 per-16 + LS  L=1              4.0000 0.09888 0.06563 0.09102    3.6s
    E4M3 per-32 + LS  L=1              3.7500 0.10654 0.07139 0.09532    5.4s
    E4M3 per-64 + LS  L=1              3.6250 0.11273 0.07547 0.09830    7.1s
    E4M3 per-128 + LS  L=1             3.5625 0.11777 0.07878 0.10089    8.8s
    S6b per-16 + LS  L=2               4.2500 0.09001 0.06002 0.08717   10.4s
    E4M3 per-16 + LS  L=2              4.2500 0.08911 0.05968 0.08679   12.0s
    E4M3 per-32 + LS  L=2              4.0000 0.09655 0.06456 0.09027   13.6s
    E4M3 per-64 + LS  L=2              3.8750 0.10228 0.06830 0.09302   15.3s
    E4M3 per-128 + LS  L=2             3.8125 0.10688 0.07160 0.09535   16.9s
    S6b per-16 + LS  L=4               4.3750 0.08794 0.05877 0.08638   18.4s
    E4M3 per-16 + LS  L=4              4.3750 0.08675 0.05799 0.08571   20.0s
    E4M3 per-32 + LS  L=4              4.1250 0.09415 0.06287 0.08913   21.5s
    E4M3 per-64 + LS  L=4              4.0000 0.09980 0.06683 0.09186   23.1s
    E4M3 per-128 + LS  L=4             3.9375 0.10434 0.06999 0.09413   24.6s
    S6b per-16 + LS  L=8               4.4375 0.08775 0.05889 0.08651   26.2s
    E4M3 per-16 + LS  L=8              4.4375 0.08642 0.05781 0.08551   27.7s
    E4M3 per-32 + LS  L=8              4.1875 0.09378 0.06260 0.08890   29.2s
    E4M3 per-64 + LS  L=8              4.0625 0.09939 0.06648 0.09166   30.8s
    E4M3 per-128 + LS  L=8             4.0000 0.10397 0.06964 0.09391   32.3s

== L42 up_proj (2048, 4096)  act leg served 0.08471
    arm                                   bpp      wt     out    W4A4
    S6b per-16 + LS  L=1               4.0000 0.09940 0.08915 0.12278    1.9s
    E4M3 per-16 + LS  L=1              4.0000 0.09833 0.08797 0.12193    3.6s
    E4M3 per-32 + LS  L=1              3.7500 0.10567 0.09400 0.12648    5.4s
    E4M3 per-64 + LS  L=1              3.6250 0.11231 0.10081 0.13165    7.1s
    E4M3 per-128 + LS  L=1             3.5625 0.11799 0.10496 0.13468    8.8s
    S6b per-16 + LS  L=2               4.2500 0.08999 0.08053 0.11671   10.4s
    E4M3 per-16 + LS  L=2              4.2500 0.08840 0.07874 0.11554   12.0s
    E4M3 per-32 + LS  L=2              4.0000 0.09552 0.08545 0.12009   13.6s
    E4M3 per-64 + LS  L=2              3.8750 0.10164 0.09093 0.12406   15.2s
    E4M3 per-128 + LS  L=2             3.8125 0.10677 0.09519 0.12713   16.8s
    S6b per-16 + LS  L=4               4.3750 0.08793 0.07878 0.11541   18.4s
    E4M3 per-16 + LS  L=4              4.3750 0.08609 0.07659 0.11405   19.9s
    E4M3 per-32 + LS  L=4              4.1250 0.09327 0.08356 0.11885   21.5s
    E4M3 per-64 + LS  L=4              4.0000 0.09925 0.08865 0.12240   23.1s
    E4M3 per-128 + LS  L=4             3.9375 0.10417 0.09281 0.12548   24.6s
    S6b per-16 + LS  L=8               4.4375 0.08773 0.07859 0.11530   26.1s
    E4M3 per-16 + LS  L=8              4.4375 0.08581 0.07619 0.11372   27.7s
    E4M3 per-32 + LS  L=8              4.1875 0.09304 0.08299 0.11837   29.2s
    E4M3 per-64 + LS  L=8              4.0625 0.09897 0.08833 0.12216   30.7s
    E4M3 per-128 + LS  L=8             4.0000 0.10380 0.09248 0.12521   32.3s

| arm | bpp | out-space weight leg | vs S6b L=1 | W4A4 | vs EXL3@A4 |
|---|---:|---:|---:|---:|---:|
| E4M3 per-128 + LS  L=1 | 3.5625 | 0.10553 | 0.852x | 0.13569 | 1.314x |
| E4M3 per-64 + LS  L=1 | 3.6250 | 0.10048 | 0.895x | 0.13182 | 1.277x |
| E4M3 per-32 + LS  L=1 | 3.7500 | 0.09498 | 0.947x | 0.12769 | 1.237x |
| E4M3 per-128 + LS  L=2 | 3.8125 | 0.09513 | 0.945x | 0.12775 | 1.237x |
| E4M3 per-64 + LS  L=2 | 3.8750 | 0.09055 | 0.993x | 0.12444 | 1.206x |
| E4M3 per-128 + LS  L=4 | 3.9375 | 0.09271 | 0.970x | 0.12596 | 1.220x |
| E4M3 per-128 + LS  L=8 | 4.0000 | 0.09246 | 0.973x | 0.12577 | 1.218x |
| E4M3 per-16 + LS  L=1 | 4.0000 | 0.08846 | 1.017x | 0.12292 | 1.190x |
| E4M3 per-32 + LS  L=2 | 4.0000 | 0.08590 | 1.047x | 0.12107 | 1.173x |
| E4M3 per-64 + LS  L=4 | 4.0000 | 0.08828 | 1.018x | 0.12281 | 1.190x |
| S6b per-16 + LS  L=1 | 4.0000 | 0.08997 | 1.000x | 0.12404 | 1.201x |
| E4M3 per-64 + LS  L=8 | 4.0625 | 0.08803 | 1.021x | 0.12263 | 1.188x |
| E4M3 per-32 + LS  L=4 | 4.1250 | 0.08377 | 1.074x | 0.11964 | 1.159x |
| E4M3 per-32 + LS  L=8 | 4.1875 | 0.08345 | 1.078x | 0.11939 | 1.156x |
| E4M3 per-16 + LS  L=2 | 4.2500 | 0.07964 | 1.129x | 0.11679 | 1.131x |
| S6b per-16 + LS  L=2 | 4.2500 | 0.08144 | 1.105x | 0.11802 | 1.143x |
| E4M3 per-16 + LS  L=4 | 4.3750 | 0.07743 | 1.162x | 0.11529 | 1.117x |
| S6b per-16 + LS  L=4 | 4.3750 | 0.07971 | 1.129x | 0.11687 | 1.132x |
| E4M3 per-16 + LS  L=8 | 4.4375 | 0.07716 | 1.166x | 0.11509 | 1.115x |
| S6b per-16 + LS  L=8 | 4.4375 | 0.07954 | 1.132x | 0.11669 | 1.130x |

wrote experiments/results/tessera_rate_plane_frontier.json
