
== L5 gate_proj (2048, 4096)  act leg served 0.09203 amax 0.09092  (fit 128 / held-out 128 tokens)
   verify vs encode_unit/reconstruct_unit: {'max_abs_diff': 0.0234375, 'differing': 66293, 'numel': 8388608, 'rel_encoder': 0.10812097042798996, 'rel_harness': 0.1079322099685669}
    arm                                               wt     out    W4A4
    P0 s6b h=1.00 (artifact)                     0.10793 0.10465 0.13881     0.4s
    P1 s6b h=0.89                                0.11546 0.11251 0.14583     0.9s
    P1 s6b h=0.94                                0.11071 0.10762 0.14202     1.3s
    P1 s6b h=0.97                                0.10758 0.10443 0.13897     1.8s
    P1 s6b h=1.05                                0.11722 0.11398 0.14551     2.2s
    P1 s6b h=1.10                                0.12524 0.12195 0.15156     2.6s
    P1 s6b h=1.20                                0.15134 0.14740 0.17202     3.1s
    P1 s6b nearest-mantissa                      0.10327 0.10024 0.13585     3.5s
    P2 e4m3 flat h=1.00                          0.10411 0.10078 0.13623     3.9s
    P2 e4m3 flat h=0.89                          0.12542 0.12154 0.15325     4.4s
    P2 e4m3 flat h=0.94                          0.11072 0.10729 0.14202     4.8s
    P2 e4m3 flat h=0.97                          0.10463 0.10137 0.13720     5.2s
    P2 e4m3 flat h=1.05                          0.10404 0.10114 0.13589     5.7s
    P2 e4m3 flat h=1.10                          0.11423 0.11112 0.14296     6.1s
    P2 e4m3 flat h=1.20                          0.13870 0.13517 0.16192     6.5s
    P3 e8m0-only t=1.00                          0.13549 0.13136 0.16081     7.0s
    P3 e8m0-only t=1.19                          0.12957 0.12581 0.15624     7.4s
    P3 e8m0-only t=1.41                          0.13064 0.12644 0.15616     7.8s
    P3 e8m0-only t=1.68                          0.15040 0.14606 0.17186     8.3s
    P3 e8m0-only t=2.00                          0.22617 0.22107 0.23729     8.7s
    R s6b LS plain -> s6b x1                     0.10118 0.09819 0.13432     9.6s
    R s6b LS plain -> s6b x2                     0.09968 0.09674 0.13320    10.0s
    R s6b LS plain -> s6b x3                     0.09916 0.09626 0.13284    10.5s
    R s6b LS plain -> fp32 x1                    0.09875 0.09593 0.13254    11.4s
    R s6b LS plain -> fp32 x2                    0.09628 0.09346 0.13086    11.8s
    R s6b LS plain -> fp32 x3                    0.09545 0.09274 0.13041    12.3s
    R s6b LS H16 s=0.025 -> s6b x1               0.10141 0.09803 0.13411    13.2s
    R s6b LS H16 s=0.025 -> s6b x2               0.09992 0.09621 0.13278    13.6s
    R s6b LS H16 s=0.025 -> s6b x3               0.09937 0.09571 0.13240    14.1s
    R s6b LS H16 s=0.1 -> s6b x1                 0.10137 0.09795 0.13409    15.0s
    R s6b LS H16 s=0.1 -> s6b x2                 0.09990 0.09639 0.13297    15.5s
    R s6b LS H16 s=0.1 -> s6b x3                 0.09935 0.09584 0.13248    16.0s
    R s6b LS H16 s=1.0 -> s6b x1                 0.10124 0.09783 0.13397    17.3s
    R s6b LS H16 s=1.0 -> s6b x2                 0.09973 0.09637 0.13283    17.8s
    R s6b LS H16 s=1.0 -> s6b x3                 0.09921 0.09602 0.13256    18.2s
    R e4m3 LS plain -> e4m3 x1                   0.09871 0.09559 0.13230    19.1s
    R e4m3 LS plain -> e4m3 x2                   0.09794 0.09501 0.13186    19.8s
    R e4m3 LS plain -> e4m3 x3                   0.09774 0.09480 0.13168    20.7s
    R e4m3 LS H16 s=0.025 -> e4m3 x1             0.09898 0.09553 0.13229    21.6s
    R e4m3 LS H16 s=0.025 -> e4m3 x2             0.09825 0.09500 0.13190    22.0s
    R e4m3 LS H16 s=0.025 -> e4m3 x3             0.09802 0.09459 0.13169    22.5s
    R e4m3 LS H16 s=0.1 -> e4m3 x1               0.09895 0.09561 0.13237    23.4s
    R e4m3 LS H16 s=0.1 -> e4m3 x2               0.09821 0.09494 0.13179    23.8s
    R e4m3 LS H16 s=0.1 -> e4m3 x3               0.09797 0.09456 0.13164    24.2s
    R e4m3 LS H16 s=1.0 -> e4m3 x1               0.09879 0.09558 0.13215    25.1s
    R e4m3 LS H16 s=1.0 -> e4m3 x2               0.09803 0.09491 0.13178    25.6s
    R e4m3 LS H16 s=1.0 -> e4m3 x3               0.09781 0.09466 0.13167    26.0s
    R e8m0 LS plain -> e8m0 x1                   0.12957 0.12581 0.15624    26.9s
    R e8m0 LS plain -> e8m0 x2                   0.12957 0.12581 0.15624    27.3s
    R e8m0 LS plain -> e8m0 x3                   0.12957 0.12581 0.15624    27.8s
    R e8m0 LS H16 s=0.025 -> e8m0 x1             0.12957 0.12581 0.15624    28.6s
    R e8m0 LS H16 s=0.025 -> e8m0 x2             0.12957 0.12581 0.15624    29.1s
    R e8m0 LS H16 s=0.025 -> e8m0 x3             0.12957 0.12581 0.15624    29.5s
    R e8m0 LS H16 s=0.1 -> e8m0 x1               0.12957 0.12581 0.15624    30.4s
    R e8m0 LS H16 s=0.1 -> e8m0 x2               0.12957 0.12581 0.15624    30.8s
    R e8m0 LS H16 s=0.1 -> e8m0 x3               0.12957 0.12581 0.15624    31.3s
    R e8m0 LS H16 s=1.0 -> e8m0 x1               0.12957 0.12581 0.15624    32.1s
    R e8m0 LS H16 s=1.0 -> e8m0 x2               0.12957 0.12581 0.15624    32.6s
    R e8m0 LS H16 s=1.0 -> e8m0 x3               0.12957 0.12581 0.15624    33.0s
    M L=2 on s6b                                 0.09970 0.09682 0.13313    33.4s
    M L=2 on s6b + H16-LS x1                     0.09195 0.08902 0.12771    34.2s
    M L=2 on e8m0                                0.12020 0.11704 0.14932    34.6s
    M L=2 on e8m0 + H16-LS x1                    0.12020 0.11704 0.14932    35.4s
    F1 s6b group-LDLQ s=0.025 x1                 0.11672 0.10799 0.14111    37.8s
    F1 s6b group-LDLQ s=0.025 x1 + H16-LS        0.11325 0.10509 0.13899    37.8s
    F1 s6b group-LDLQ s=0.025 x2                 0.11077 0.10266 0.13725    40.1s
    F1 s6b group-LDLQ s=0.025 x2 + H16-LS        0.10946 0.10160 0.13648    40.1s
    F1 s6b group-LDLQ s=0.1 x1                   0.11518 0.10699 0.14054    42.4s
    F1 s6b group-LDLQ s=0.1 x1 + H16-LS          0.11156 0.10386 0.13829    42.4s
    F1 s6b group-LDLQ s=0.1 x2                   0.10915 0.10156 0.13686    44.7s
    F1 s6b group-LDLQ s=0.1 x2 + H16-LS          0.10783 0.10038 0.13597    44.7s
    F1 s6b group-LDLQ s=1.0 x1                   0.10999 0.10367 0.13798    47.0s
    F1 s6b group-LDLQ s=1.0 x1 + H16-LS          0.10564 0.09991 0.13529    47.0s
    F1 s6b group-LDLQ s=1.0 x2                   0.10346 0.09755 0.13352    49.3s
    F1 s6b group-LDLQ s=1.0 x2 + H16-LS          0.10227 0.09647 0.13276    49.3s
    F2 s6b full-LDLQ s=0.025                     0.11759 0.10292 0.13755    57.7s
    F2 s6b full-LDLQ s=0.1                       0.11540 0.10119 0.13625    66.2s
    F2 s6b full-LDLQ s=1.0                       0.11175 0.09794 0.13376    74.6s
    F1 e4m3 group-LDLQ s=0.025 x1                0.11251 0.10410 0.13878    76.9s
    F1 e4m3 group-LDLQ s=0.025 x1 + H16-LS       0.10992 0.10199 0.13705    76.9s
    F1 e4m3 group-LDLQ s=0.025 x2                0.10812 0.10011 0.13577    79.2s
    F1 e4m3 group-LDLQ s=0.025 x2 + H16-LS       0.10730 0.09943 0.13522    79.2s
    F1 e4m3 group-LDLQ s=0.1 x1                  0.11103 0.10308 0.13799    81.5s
    F1 e4m3 group-LDLQ s=0.1 x1 + H16-LS         0.10833 0.10072 0.13613    81.5s
    F1 e4m3 group-LDLQ s=0.1 x2                  0.10657 0.09926 0.13508    83.9s
    F1 e4m3 group-LDLQ s=0.1 x2 + H16-LS         0.10578 0.09849 0.13446    83.9s
    F1 e4m3 group-LDLQ s=1.0 x1                  0.10600 0.09997 0.13584    86.2s
    F1 e4m3 group-LDLQ s=1.0 x1 + H16-LS         0.10267 0.09714 0.13356    86.2s
    F1 e4m3 group-LDLQ s=1.0 x2                  0.10097 0.09541 0.13216    88.5s
    F1 e4m3 group-LDLQ s=1.0 x2 + H16-LS         0.10033 0.09474 0.13166    88.5s
    F2 e4m3 full-LDLQ s=0.025                    0.11380 0.09927 0.13522    97.5s
    F2 e4m3 full-LDLQ s=0.1                      0.11153 0.09717 0.13376   105.9s
    F2 e4m3 full-LDLQ s=1.0                      0.10789 0.09432 0.13173   114.4s

== L5 up_proj (2048, 4096)  act leg served 0.09552 amax 0.09449  (fit 128 / held-out 128 tokens)
    arm                                               wt     out    W4A4
    P0 s6b h=1.00 (artifact)                     0.10789 0.10865 0.14427     0.6s
    P1 s6b h=0.89                                0.11516 0.11622 0.15085     1.0s
    P1 s6b h=0.94                                0.11050 0.11142 0.14730     1.5s
    P1 s6b h=0.97                                0.10748 0.10818 0.14410     1.9s
    P1 s6b h=1.05                                0.11719 0.11790 0.15078     2.3s
    P1 s6b h=1.10                                0.12515 0.12591 0.15676     2.8s
    P1 s6b h=1.20                                0.15130 0.15223 0.17768     3.2s
    P1 s6b nearest-mantissa                      0.10327 0.10433 0.14140     3.7s
    P2 e4m3 flat h=1.00                          0.10412 0.10495 0.14185     4.1s
    P2 e4m3 flat h=0.89                          0.12540 0.12628 0.15909     4.5s
    P2 e4m3 flat h=0.94                          0.11070 0.11143 0.14738     5.0s
    P2 e4m3 flat h=0.97                          0.10449 0.10525 0.14236     5.4s
    P2 e4m3 flat h=1.05                          0.10415 0.10474 0.14100     5.8s
    P2 e4m3 flat h=1.10                          0.11420 0.11514 0.14814     6.3s
    P2 e4m3 flat h=1.20                          0.13883 0.13958 0.16741     6.7s
    P3 e8m0-only t=1.00                          0.13510 0.13599 0.16673     7.1s
    P3 e8m0-only t=1.19                          0.12901 0.13018 0.16184     7.6s
    P3 e8m0-only t=1.41                          0.13019 0.13127 0.16249     8.0s
    P3 e8m0-only t=1.68                          0.14966 0.15067 0.17790     8.5s
    P3 e8m0-only t=2.00                          0.22508 0.22623 0.24326     8.9s
    R s6b LS plain -> s6b x1                     0.10114 0.10169 0.13925     9.8s
    R s6b LS plain -> s6b x2                     0.09965 0.10012 0.13814    10.2s
    R s6b LS plain -> s6b x3                     0.09913 0.09972 0.13798    10.6s
    R s6b LS plain -> fp32 x1                    0.09873 0.09941 0.13736    11.5s
    R s6b LS plain -> fp32 x2                    0.09627 0.09692 0.13575    12.0s
    R s6b LS plain -> fp32 x3                    0.09545 0.09600 0.13517    12.4s
    R s6b LS H16 s=0.025 -> s6b x1               0.10136 0.10128 0.13886    13.3s
    R s6b LS H16 s=0.025 -> s6b x2               0.09990 0.09984 0.13773    13.7s
    R s6b LS H16 s=0.025 -> s6b x3               0.09935 0.09919 0.13740    14.2s
    R s6b LS H16 s=0.1 -> s6b x1                 0.10134 0.10131 0.13889    15.0s
    R s6b LS H16 s=0.1 -> s6b x2                 0.09986 0.09982 0.13777    15.5s
    R s6b LS H16 s=0.1 -> s6b x3                 0.09932 0.09940 0.13752    15.9s
    R s6b LS H16 s=1.0 -> s6b x1                 0.10121 0.10157 0.13919    16.8s
    R s6b LS H16 s=1.0 -> s6b x2                 0.09971 0.10008 0.13807    17.2s
    R s6b LS H16 s=1.0 -> s6b x3                 0.09917 0.09957 0.13771    17.7s
    R e4m3 LS plain -> e4m3 x1                   0.09876 0.09961 0.13779    18.6s
    R e4m3 LS plain -> e4m3 x2                   0.09800 0.09874 0.13728    19.0s
    R e4m3 LS plain -> e4m3 x3                   0.09778 0.09845 0.13705    19.4s
    R e4m3 LS H16 s=0.025 -> e4m3 x1             0.09904 0.09942 0.13773    20.3s
    R e4m3 LS H16 s=0.025 -> e4m3 x2             0.09830 0.09862 0.13711    20.7s
    R e4m3 LS H16 s=0.025 -> e4m3 x3             0.09806 0.09819 0.13676    21.2s
    R e4m3 LS H16 s=0.1 -> e4m3 x1               0.09900 0.09951 0.13777    22.1s
    R e4m3 LS H16 s=0.1 -> e4m3 x2               0.09825 0.09875 0.13714    22.5s
    R e4m3 LS H16 s=0.1 -> e4m3 x3               0.09802 0.09826 0.13687    22.9s
    R e4m3 LS H16 s=1.0 -> e4m3 x1               0.09884 0.09964 0.13780    23.8s
    R e4m3 LS H16 s=1.0 -> e4m3 x2               0.09807 0.09890 0.13731    24.3s
    R e4m3 LS H16 s=1.0 -> e4m3 x3               0.09785 0.09865 0.13713    24.7s
    R e8m0 LS plain -> e8m0 x1                   0.12901 0.13018 0.16184    25.6s
    R e8m0 LS plain -> e8m0 x2                   0.12901 0.13018 0.16184    26.0s
    R e8m0 LS plain -> e8m0 x3                   0.12901 0.13018 0.16184    26.4s
    R e8m0 LS H16 s=0.025 -> e8m0 x1             0.12901 0.13018 0.16184    27.3s
    R e8m0 LS H16 s=0.025 -> e8m0 x2             0.12901 0.13018 0.16184    27.8s
    R e8m0 LS H16 s=0.025 -> e8m0 x3             0.12901 0.13018 0.16184    28.2s
    R e8m0 LS H16 s=0.1 -> e8m0 x1               0.12901 0.13018 0.16184    29.1s
    R e8m0 LS H16 s=0.1 -> e8m0 x2               0.12901 0.13018 0.16184    29.5s
    R e8m0 LS H16 s=0.1 -> e8m0 x3               0.12901 0.13018 0.16184    29.9s
    R e8m0 LS H16 s=1.0 -> e8m0 x1               0.12901 0.13018 0.16184    30.8s
    R e8m0 LS H16 s=1.0 -> e8m0 x2               0.12901 0.13018 0.16184    31.3s
    R e8m0 LS H16 s=1.0 -> e8m0 x3               0.12901 0.13018 0.16184    31.7s
    M L=2 on s6b                                 0.09964 0.09986 0.13785    32.1s
    M L=2 on s6b + H16-LS x1                     0.09184 0.09204 0.13222    32.9s
    M L=2 on e8m0                                0.11962 0.12077 0.15451    33.3s
    M L=2 on e8m0 + H16-LS x1                    0.11962 0.12077 0.15451    34.1s
    F1 s6b group-LDLQ s=0.025 x1                 0.11664 0.11189 0.14670    36.4s
    F1 s6b group-LDLQ s=0.025 x1 + H16-LS        0.11315 0.10880 0.14448    36.4s
    F1 s6b group-LDLQ s=0.025 x2                 0.11074 0.10635 0.14264    38.7s
    F1 s6b group-LDLQ s=0.025 x2 + H16-LS        0.10943 0.10522 0.14177    38.7s
    F1 s6b group-LDLQ s=0.1 x1                   0.11512 0.11062 0.14568    41.1s
    F1 s6b group-LDLQ s=0.1 x1 + H16-LS          0.11148 0.10748 0.14341    41.1s
    F1 s6b group-LDLQ s=0.1 x2                   0.10910 0.10484 0.14148    43.4s
    F1 s6b group-LDLQ s=0.1 x2 + H16-LS          0.10780 0.10372 0.14063    43.4s
    F1 s6b group-LDLQ s=1.0 x1                   0.10995 0.10717 0.14296    45.7s
    F1 s6b group-LDLQ s=1.0 x1 + H16-LS          0.10560 0.10314 0.14007    45.7s
    F1 s6b group-LDLQ s=1.0 x2                   0.10340 0.10081 0.13840    48.0s
    F1 s6b group-LDLQ s=1.0 x2 + H16-LS          0.10223 0.09963 0.13756    48.0s
    F2 s6b full-LDLQ s=0.025                     0.11753 0.10673 0.14269    56.5s
    F2 s6b full-LDLQ s=0.1                       0.11534 0.10436 0.14118    64.9s
    F2 s6b full-LDLQ s=1.0                       0.11165 0.10157 0.13890    73.3s
    F1 e4m3 group-LDLQ s=0.025 x1                0.11253 0.10838 0.14422    75.6s
    F1 e4m3 group-LDLQ s=0.025 x1 + H16-LS       0.10997 0.10617 0.14238    75.6s
    F1 e4m3 group-LDLQ s=0.025 x2                0.10816 0.10413 0.14090    77.9s
    F1 e4m3 group-LDLQ s=0.025 x2 + H16-LS       0.10734 0.10349 0.14046    78.0s
    F1 e4m3 group-LDLQ s=0.1 x1                  0.11105 0.10699 0.14332    80.3s
    F1 e4m3 group-LDLQ s=0.1 x1 + H16-LS         0.10837 0.10482 0.14151    80.3s
    F1 e4m3 group-LDLQ s=0.1 x2                  0.10659 0.10275 0.13999    82.6s
    F1 e4m3 group-LDLQ s=0.1 x2 + H16-LS         0.10580 0.10199 0.13939    82.6s
    F1 e4m3 group-LDLQ s=1.0 x1                  0.10598 0.10372 0.14099    84.9s
    F1 e4m3 group-LDLQ s=1.0 x1 + H16-LS         0.10270 0.10060 0.13849    84.9s
    F1 e4m3 group-LDLQ s=1.0 x2                  0.10098 0.09879 0.13709    87.2s
    F1 e4m3 group-LDLQ s=1.0 x2 + H16-LS         0.10034 0.09824 0.13662    87.2s
    F2 e4m3 full-LDLQ s=0.025                    0.11373 0.10300 0.14027    95.7s
    F2 e4m3 full-LDLQ s=0.1                      0.11147 0.10117 0.13890   104.1s
    F2 e4m3 full-LDLQ s=1.0                      0.10785 0.09809 0.13674   112.6s

== L20 gate_proj (2048, 4096)  act leg served 0.08675 amax 0.08576  (fit 128 / held-out 128 tokens)
    arm                                               wt     out    W4A4
    P0 s6b h=1.00 (artifact)                     0.10733 0.09776 0.13023     0.6s
    P1 s6b h=0.89                                0.11537 0.10532 0.13700     1.0s
    P1 s6b h=0.94                                0.11077 0.10087 0.13308     1.5s
    P1 s6b h=0.97                                0.10681 0.09723 0.12993     1.9s
    P1 s6b h=1.05                                0.11680 0.10634 0.13661     2.3s
    P1 s6b h=1.10                                0.12573 0.11574 0.14381     2.8s
    P1 s6b h=1.20                                0.15146 0.14064 0.16395     3.2s
    P1 s6b nearest-mantissa                      0.10307 0.09345 0.12722     3.6s
    P2 e4m3 flat h=1.00                          0.10420 0.09452 0.12806     4.1s
    P2 e4m3 flat h=0.89                          0.12614 0.11518 0.14461     4.5s
    P2 e4m3 flat h=0.94                          0.10993 0.10040 0.13294     4.9s
    P2 e4m3 flat h=0.97                          0.10477 0.09537 0.12906     5.4s
    P2 e4m3 flat h=1.05                          0.10339 0.09399 0.12733     5.8s
    P2 e4m3 flat h=1.10                          0.11462 0.10528 0.13544     6.2s
    P2 e4m3 flat h=1.20                          0.13598 0.12572 0.15171     6.7s
    P3 e8m0-only t=1.00                          0.13522 0.12302 0.15120     7.1s
    P3 e8m0-only t=1.19                          0.13012 0.11882 0.14776     7.5s
    P3 e8m0-only t=1.41                          0.13201 0.12000 0.14842     8.0s
    P3 e8m0-only t=1.68                          0.15861 0.14432 0.16800     8.4s
    P3 e8m0-only t=2.00                          0.22984 0.21485 0.23004     8.8s
    R s6b LS plain -> s6b x1                     0.10130 0.09235 0.12632     9.7s
    R s6b LS plain -> s6b x2                     0.09995 0.09119 0.12555    10.2s
    R s6b LS plain -> s6b x3                     0.09947 0.09081 0.12528    10.6s
    R s6b LS plain -> fp32 x1                    0.09885 0.08996 0.12454    11.5s
    R s6b LS plain -> fp32 x2                    0.09650 0.08791 0.12318    12.0s
    R s6b LS plain -> fp32 x3                    0.09570 0.08720 0.12275    12.4s
    R s6b LS H16 s=0.025 -> s6b x1               0.10157 0.09223 0.12626    13.3s
    R s6b LS H16 s=0.025 -> s6b x2               0.10026 0.09090 0.12539    13.7s
    R s6b LS H16 s=0.025 -> s6b x3               0.09976 0.09052 0.12505    14.1s
    R s6b LS H16 s=0.1 -> s6b x1                 0.10153 0.09205 0.12612    15.0s
    R s6b LS H16 s=0.1 -> s6b x2                 0.10021 0.09071 0.12515    15.4s
    R s6b LS H16 s=0.1 -> s6b x3                 0.09971 0.09019 0.12480    15.9s
    R s6b LS H16 s=1.0 -> s6b x1                 0.10137 0.09206 0.12611    16.8s
    R s6b LS H16 s=1.0 -> s6b x2                 0.10002 0.09096 0.12534    17.2s
    R s6b LS H16 s=1.0 -> s6b x3                 0.09953 0.09037 0.12490    17.6s
    R e4m3 LS plain -> e4m3 x1                   0.09888 0.09013 0.12474    18.5s
    R e4m3 LS plain -> e4m3 x2                   0.09811 0.08945 0.12410    18.9s
    R e4m3 LS plain -> e4m3 x3                   0.09790 0.08913 0.12388    19.4s
    R e4m3 LS H16 s=0.025 -> e4m3 x1             0.09922 0.08993 0.12459    20.2s
    R e4m3 LS H16 s=0.025 -> e4m3 x2             0.09850 0.08927 0.12411    20.7s
    R e4m3 LS H16 s=0.025 -> e4m3 x3             0.09826 0.08901 0.12392    21.1s
    R e4m3 LS H16 s=0.1 -> e4m3 x1               0.09917 0.08983 0.12449    22.0s
    R e4m3 LS H16 s=0.1 -> e4m3 x2               0.09844 0.08904 0.12390    22.4s
    R e4m3 LS H16 s=0.1 -> e4m3 x3               0.09820 0.08869 0.12367    22.9s
    R e4m3 LS H16 s=1.0 -> e4m3 x1               0.09897 0.08997 0.12455    23.8s
    R e4m3 LS H16 s=1.0 -> e4m3 x2               0.09820 0.08915 0.12396    24.2s
    R e4m3 LS H16 s=1.0 -> e4m3 x3               0.09798 0.08891 0.12377    24.6s
    R e8m0 LS plain -> e8m0 x1                   0.13012 0.11882 0.14776    25.5s
    R e8m0 LS plain -> e8m0 x2                   0.13012 0.11882 0.14776    25.9s
    R e8m0 LS plain -> e8m0 x3                   0.13012 0.11882 0.14776    26.4s
    R e8m0 LS H16 s=0.025 -> e8m0 x1             0.13012 0.11882 0.14776    27.2s
    R e8m0 LS H16 s=0.025 -> e8m0 x2             0.13012 0.11882 0.14776    27.7s
    R e8m0 LS H16 s=0.025 -> e8m0 x3             0.13012 0.11882 0.14776    28.1s
    R e8m0 LS H16 s=0.1 -> e8m0 x1               0.13012 0.11882 0.14776    29.0s
    R e8m0 LS H16 s=0.1 -> e8m0 x2               0.13012 0.11882 0.14776    29.4s
    R e8m0 LS H16 s=0.1 -> e8m0 x3               0.13012 0.11882 0.14776    29.8s
    R e8m0 LS H16 s=1.0 -> e8m0 x1               0.13012 0.11882 0.14776    30.7s
    R e8m0 LS H16 s=1.0 -> e8m0 x2               0.13012 0.11882 0.14776    31.1s
    R e8m0 LS H16 s=1.0 -> e8m0 x3               0.13012 0.11882 0.14776    31.6s
    M L=2 on s6b                                 0.09898 0.09016 0.12477    32.0s
    M L=2 on s6b + H16-LS x1                     0.09222 0.08353 0.12020    32.8s
    M L=2 on e8m0                                0.12137 0.11078 0.14162    33.2s
    M L=2 on e8m0 + H16-LS x1                    0.12137 0.11078 0.14162    34.0s
    F1 s6b group-LDLQ s=0.025 x1                 0.11662 0.09878 0.13081    36.3s
    F1 s6b group-LDLQ s=0.025 x1 + H16-LS        0.11361 0.09640 0.12908    36.3s
    F1 s6b group-LDLQ s=0.025 x2                 0.11134 0.09447 0.12772    38.6s
    F1 s6b group-LDLQ s=0.025 x2 + H16-LS        0.11017 0.09349 0.12703    38.6s
    F1 s6b group-LDLQ s=0.1 x1                   0.11499 0.09775 0.13029    40.9s
    F1 s6b group-LDLQ s=0.1 x1 + H16-LS          0.11182 0.09518 0.12842    40.9s
    F1 s6b group-LDLQ s=0.1 x2                   0.10963 0.09305 0.12701    43.2s
    F1 s6b group-LDLQ s=0.1 x2 + H16-LS          0.10848 0.09215 0.12638    43.2s
    F1 s6b group-LDLQ s=1.0 x1                   0.10959 0.09503 0.12811    45.6s
    F1 s6b group-LDLQ s=1.0 x1 + H16-LS          0.10577 0.09167 0.12573    45.6s
    F1 s6b group-LDLQ s=1.0 x2                   0.10373 0.09032 0.12478    47.9s
    F1 s6b group-LDLQ s=1.0 x2 + H16-LS          0.10267 0.08944 0.12415    47.9s
    F2 s6b full-LDLQ s=0.025                     0.11690 0.09173 0.12577    56.3s
    F2 s6b full-LDLQ s=0.1                       0.11474 0.08991 0.12437    64.7s
    F2 s6b full-LDLQ s=1.0                       0.11110 0.08737 0.12245    73.2s
    F1 e4m3 group-LDLQ s=0.025 x1                0.11312 0.09587 0.12912    75.5s
    F1 e4m3 group-LDLQ s=0.025 x1 + H16-LS       0.11065 0.09405 0.12760    75.5s
    F1 e4m3 group-LDLQ s=0.025 x2                0.10890 0.09256 0.12659    77.8s
    F1 e4m3 group-LDLQ s=0.025 x2 + H16-LS       0.10814 0.09206 0.12618    77.8s
    F1 e4m3 group-LDLQ s=0.1 x1                  0.11157 0.09491 0.12846    80.1s
    F1 e4m3 group-LDLQ s=0.1 x1 + H16-LS         0.10898 0.09291 0.12682    80.1s
    F1 e4m3 group-LDLQ s=0.1 x2                  0.10719 0.09148 0.12580    82.5s
    F1 e4m3 group-LDLQ s=0.1 x2 + H16-LS         0.10645 0.09104 0.12549    82.5s
    F1 e4m3 group-LDLQ s=1.0 x1                  0.10629 0.09242 0.12643    84.8s
    F1 e4m3 group-LDLQ s=1.0 x1 + H16-LS         0.10304 0.08984 0.12437    84.8s
    F1 e4m3 group-LDLQ s=1.0 x2                  0.10136 0.08833 0.12337    87.1s
    F1 e4m3 group-LDLQ s=1.0 x2 + H16-LS         0.10071 0.08777 0.12293    87.1s
    F2 e4m3 full-LDLQ s=0.025                    0.11370 0.08912 0.12431    95.5s
    F2 e4m3 full-LDLQ s=0.1                      0.11149 0.08734 0.12299   104.0s
    F2 e4m3 full-LDLQ s=1.0                      0.10787 0.08499 0.12147   112.4s

== L20 up_proj (2048, 4096)  act leg served 0.09220 amax 0.09129  (fit 128 / held-out 128 tokens)
    arm                                               wt     out    W4A4
    P0 s6b h=1.00 (artifact)                     0.10741 0.10356 0.13818     0.6s
    P1 s6b h=0.89                                0.11565 0.11220 0.14535     1.0s
    P1 s6b h=0.94                                0.11097 0.10694 0.14135     1.5s
    P1 s6b h=0.97                                0.10694 0.10298 0.13793     1.9s
    P1 s6b h=1.05                                0.11681 0.11319 0.14497     2.3s
    P1 s6b h=1.10                                0.12592 0.12210 0.15184     2.8s
    P1 s6b h=1.20                                0.15164 0.14728 0.17233     3.2s
    P1 s6b nearest-mantissa                      0.10293 0.09935 0.13531     3.6s
    P2 e4m3 flat h=1.00                          0.10403 0.10009 0.13575     4.1s
    P2 e4m3 flat h=0.89                          0.12598 0.12213 0.15386     4.5s
    P2 e4m3 flat h=0.94                          0.10993 0.10620 0.14116     4.9s
    P2 e4m3 flat h=0.97                          0.10470 0.10086 0.13682     5.4s
    P2 e4m3 flat h=1.05                          0.10329 0.09963 0.13499     5.8s
    P2 e4m3 flat h=1.10                          0.11456 0.11142 0.14337     6.2s
    P2 e4m3 flat h=1.20                          0.13615 0.13211 0.15968     6.7s
    P3 e8m0-only t=1.00                          0.13594 0.13185 0.16100     7.1s
    P3 e8m0-only t=1.19                          0.13077 0.12663 0.15707     7.5s
    P3 e8m0-only t=1.41                          0.13218 0.12740 0.15709     8.0s
    P3 e8m0-only t=1.68                          0.15868 0.15347 0.17824     8.4s
    P3 e8m0-only t=2.00                          0.23040 0.22383 0.24017     8.8s
    R s6b LS plain -> s6b x1                     0.10135 0.09793 0.13422     9.7s
    R s6b LS plain -> s6b x2                     0.09995 0.09649 0.13320    10.1s
    R s6b LS plain -> s6b x3                     0.09946 0.09610 0.13284    10.6s
    R s6b LS plain -> fp32 x1                    0.09888 0.09540 0.13233    11.4s
    R s6b LS plain -> fp32 x2                    0.09649 0.09308 0.13080    11.9s
    R s6b LS plain -> fp32 x3                    0.09566 0.09244 0.13038    12.3s
    R s6b LS H16 s=0.025 -> s6b x1               0.10161 0.09743 0.13374    13.2s
    R s6b LS H16 s=0.025 -> s6b x2               0.10026 0.09608 0.13289    13.6s
    R s6b LS H16 s=0.025 -> s6b x3               0.09975 0.09550 0.13241    14.0s
    R s6b LS H16 s=0.1 -> s6b x1                 0.10157 0.09749 0.13382    14.9s
    R s6b LS H16 s=0.1 -> s6b x2                 0.10022 0.09592 0.13275    15.3s
    R s6b LS H16 s=0.1 -> s6b x3                 0.09970 0.09520 0.13229    15.8s
    R s6b LS H16 s=1.0 -> s6b x1                 0.10142 0.09750 0.13380    16.6s
    R s6b LS H16 s=1.0 -> s6b x2                 0.10003 0.09606 0.13278    17.1s
    R s6b LS H16 s=1.0 -> s6b x3                 0.09952 0.09569 0.13255    17.5s
    R e4m3 LS plain -> e4m3 x1                   0.09871 0.09509 0.13214    18.4s
    R e4m3 LS plain -> e4m3 x2                   0.09798 0.09408 0.13146    18.8s
    R e4m3 LS plain -> e4m3 x3                   0.09777 0.09396 0.13142    19.3s
    R e4m3 LS H16 s=0.025 -> e4m3 x1             0.09907 0.09501 0.13206    20.1s
    R e4m3 LS H16 s=0.025 -> e4m3 x2             0.09836 0.09399 0.13131    20.6s
    R e4m3 LS H16 s=0.025 -> e4m3 x3             0.09814 0.09384 0.13123    21.0s
    R e4m3 LS H16 s=0.1 -> e4m3 x1               0.09902 0.09493 0.13195    21.9s
    R e4m3 LS H16 s=0.1 -> e4m3 x2               0.09831 0.09409 0.13130    22.3s
    R e4m3 LS H16 s=0.1 -> e4m3 x3               0.09809 0.09396 0.13126    22.8s
    R e4m3 LS H16 s=1.0 -> e4m3 x1               0.09881 0.09477 0.13202    23.6s
    R e4m3 LS H16 s=1.0 -> e4m3 x2               0.09808 0.09376 0.13116    24.1s
    R e4m3 LS H16 s=1.0 -> e4m3 x3               0.09786 0.09362 0.13103    24.5s
    R e8m0 LS plain -> e8m0 x1                   0.13077 0.12663 0.15707    25.4s
    R e8m0 LS plain -> e8m0 x2                   0.13077 0.12663 0.15707    25.8s
    R e8m0 LS plain -> e8m0 x3                   0.13077 0.12663 0.15707    26.3s
    R e8m0 LS H16 s=0.025 -> e8m0 x1             0.13077 0.12663 0.15707    27.1s
    R e8m0 LS H16 s=0.025 -> e8m0 x2             0.13077 0.12663 0.15707    27.6s
    R e8m0 LS H16 s=0.025 -> e8m0 x3             0.13077 0.12663 0.15707    28.0s
    R e8m0 LS H16 s=0.1 -> e8m0 x1               0.13077 0.12663 0.15707    28.9s
    R e8m0 LS H16 s=0.1 -> e8m0 x2               0.13077 0.12663 0.15707    29.3s
    R e8m0 LS H16 s=0.1 -> e8m0 x3               0.13077 0.12663 0.15707    29.7s
    R e8m0 LS H16 s=1.0 -> e8m0 x1               0.13077 0.12663 0.15707    30.6s
    R e8m0 LS H16 s=1.0 -> e8m0 x2               0.13077 0.12663 0.15707    31.0s
    R e8m0 LS H16 s=1.0 -> e8m0 x3               0.13077 0.12663 0.15707    31.5s
    M L=2 on s6b                                 0.09909 0.09538 0.13215    31.9s
    M L=2 on s6b + H16-LS x1                     0.09228 0.08858 0.12750    32.7s
    M L=2 on e8m0                                0.12202 0.11811 0.15038    33.1s
    M L=2 on e8m0 + H16-LS x1                    0.12202 0.11811 0.15038    33.9s
    F1 s6b group-LDLQ s=0.025 x1                 0.11672 0.10485 0.13915    36.2s
    F1 s6b group-LDLQ s=0.025 x1 + H16-LS        0.11366 0.10244 0.13735    36.2s
    F1 s6b group-LDLQ s=0.025 x2                 0.11136 0.10030 0.13564    38.5s
    F1 s6b group-LDLQ s=0.025 x2 + H16-LS        0.11018 0.09941 0.13508    38.5s
    F1 s6b group-LDLQ s=0.1 x1                   0.11510 0.10376 0.13804    40.8s
    F1 s6b group-LDLQ s=0.1 x1 + H16-LS          0.11190 0.10123 0.13626    40.8s
    F1 s6b group-LDLQ s=0.1 x2                   0.10966 0.09928 0.13497    43.1s
    F1 s6b group-LDLQ s=0.1 x2 + H16-LS          0.10848 0.09829 0.13424    43.1s
    F1 s6b group-LDLQ s=1.0 x1                   0.10966 0.10094 0.13621    45.4s
    F1 s6b group-LDLQ s=1.0 x1 + H16-LS          0.10580 0.09768 0.13390    45.5s
    F1 s6b group-LDLQ s=1.0 x2                   0.10377 0.09587 0.13263    47.8s
    F1 s6b group-LDLQ s=1.0 x2 + H16-LS          0.10269 0.09493 0.13202    47.8s
    F2 s6b full-LDLQ s=0.025                     0.11698 0.09757 0.13360    56.2s
    F2 s6b full-LDLQ s=0.1                       0.11485 0.09573 0.13240    64.7s
    F2 s6b full-LDLQ s=1.0                       0.11118 0.09291 0.13032    73.1s
    F1 e4m3 group-LDLQ s=0.025 x1                0.11293 0.10148 0.13704    75.4s
    F1 e4m3 group-LDLQ s=0.025 x1 + H16-LS       0.11048 0.09962 0.13551    75.4s
    F1 e4m3 group-LDLQ s=0.025 x2                0.10872 0.09792 0.13396    77.7s
    F1 e4m3 group-LDLQ s=0.025 x2 + H16-LS       0.10797 0.09738 0.13356    77.7s
    F1 e4m3 group-LDLQ s=0.1 x1                  0.11141 0.10045 0.13611    80.1s
    F1 e4m3 group-LDLQ s=0.1 x1 + H16-LS         0.10884 0.09849 0.13455    80.1s
    F1 e4m3 group-LDLQ s=0.1 x2                  0.10704 0.09711 0.13352    82.4s
    F1 e4m3 group-LDLQ s=0.1 x2 + H16-LS         0.10628 0.09657 0.13304    82.4s
    F1 e4m3 group-LDLQ s=1.0 x1                  0.10611 0.09778 0.13406    84.7s
    F1 e4m3 group-LDLQ s=1.0 x1 + H16-LS         0.10285 0.09502 0.13197    84.7s
    F1 e4m3 group-LDLQ s=1.0 x2                  0.10120 0.09342 0.13095    87.0s
    F1 e4m3 group-LDLQ s=1.0 x2 + H16-LS         0.10056 0.09287 0.13053    87.0s
    F2 e4m3 full-LDLQ s=0.025                    0.11354 0.09436 0.13183    95.4s
    F2 e4m3 full-LDLQ s=0.1                      0.11132 0.09261 0.13064   103.9s
    F2 e4m3 full-LDLQ s=1.0                      0.10773 0.08974 0.12858   112.3s

== L42 gate_proj (2048, 4096)  act leg served 0.06309 amax 0.06228  (fit 128 / held-out 128 tokens)
    arm                                               wt     out    W4A4
    P0 s6b h=1.00 (artifact)                     0.10756 0.07263 0.09625     0.6s
    P1 s6b h=0.89                                0.11420 0.07682 0.09954     1.0s
    P1 s6b h=0.94                                0.10923 0.07223 0.09599     1.5s
    P1 s6b h=0.97                                0.10689 0.07105 0.09508     1.9s
    P1 s6b h=1.05                                0.11690 0.08129 0.10302     2.3s
    P1 s6b h=1.10                                0.12373 0.08814 0.10842     2.8s
    P1 s6b h=1.20                                0.15002 0.11182 0.12813     3.2s
    P1 s6b nearest-mantissa                      0.10394 0.06952 0.09390     3.6s
    P2 e4m3 flat h=1.00                          0.10206 0.06784 0.09256     4.1s
    P2 e4m3 flat h=0.89                          0.12675 0.08679 0.10721     4.5s
    P2 e4m3 flat h=0.94                          0.11190 0.07498 0.09790     4.9s
    P2 e4m3 flat h=0.97                          0.10646 0.07068 0.09465     5.4s
    P2 e4m3 flat h=1.05                          0.10657 0.07323 0.09679     5.8s
    P2 e4m3 flat h=1.10                          0.11484 0.08132 0.10303     6.2s
    P2 e4m3 flat h=1.20                          0.13998 0.10577 0.12301     6.7s
    P3 e8m0-only t=1.00                          0.13227 0.08846 0.10861     7.1s
    P3 e8m0-only t=1.19                          0.12550 0.08419 0.10513     7.5s
    P3 e8m0-only t=1.41                          0.12841 0.08532 0.10614     8.0s
    P3 e8m0-only t=1.68                          0.14624 0.09879 0.11710     8.4s
    P3 e8m0-only t=2.00                          0.21584 0.16250 0.17396     8.8s
    R s6b LS plain -> s6b x1                     0.10105 0.06783 0.09256     9.7s
    R s6b LS plain -> s6b x2                     0.09972 0.06729 0.09229    10.1s
    R s6b LS plain -> s6b x3                     0.09928 0.06684 0.09193    10.6s
    R s6b LS plain -> fp32 x1                    0.09865 0.06627 0.09160    11.5s
    R s6b LS plain -> fp32 x2                    0.09645 0.06482 0.09053    11.9s
    R s6b LS plain -> fp32 x3                    0.09573 0.06427 0.09015    12.3s
    R s6b LS H16 s=0.025 -> s6b x1               0.10158 0.06718 0.09223    13.2s
    R s6b LS H16 s=0.025 -> s6b x2               0.10040 0.06626 0.09154    13.7s
    R s6b LS H16 s=0.025 -> s6b x3               0.09998 0.06592 0.09134    14.1s
    R s6b LS H16 s=0.1 -> s6b x1                 0.10151 0.06721 0.09227    15.0s
    R s6b LS H16 s=0.1 -> s6b x2                 0.10030 0.06627 0.09157    15.4s
    R s6b LS H16 s=0.1 -> s6b x3                 0.09987 0.06587 0.09136    15.8s
    R s6b LS H16 s=1.0 -> s6b x1                 0.10119 0.06743 0.09234    16.7s
    R s6b LS H16 s=1.0 -> s6b x2                 0.09989 0.06625 0.09153    17.1s
    R s6b LS H16 s=1.0 -> s6b x3                 0.09942 0.06592 0.09134    17.6s
    R e4m3 LS plain -> e4m3 x1                   0.09933 0.06597 0.09130    18.4s
    R e4m3 LS plain -> e4m3 x2                   0.09884 0.06560 0.09101    18.9s
    R e4m3 LS plain -> e4m3 x3                   0.09868 0.06547 0.09089    19.3s
    R e4m3 LS H16 s=0.025 -> e4m3 x1             0.09981 0.06560 0.09103    20.2s
    R e4m3 LS H16 s=0.025 -> e4m3 x2             0.09940 0.06548 0.09095    20.6s
    R e4m3 LS H16 s=0.025 -> e4m3 x3             0.09924 0.06503 0.09065    21.1s
    R e4m3 LS H16 s=0.1 -> e4m3 x1               0.09973 0.06564 0.09107    21.9s
    R e4m3 LS H16 s=0.1 -> e4m3 x2               0.09931 0.06535 0.09086    22.4s
    R e4m3 LS H16 s=0.1 -> e4m3 x3               0.09914 0.06500 0.09058    22.8s
    R e4m3 LS H16 s=1.0 -> e4m3 x1               0.09944 0.06562 0.09107    23.7s
    R e4m3 LS H16 s=1.0 -> e4m3 x2               0.09894 0.06510 0.09070    24.1s
    R e4m3 LS H16 s=1.0 -> e4m3 x3               0.09877 0.06474 0.09047    24.6s
    R e8m0 LS plain -> e8m0 x1                   0.12550 0.08419 0.10513    25.5s
    R e8m0 LS plain -> e8m0 x2                   0.12550 0.08419 0.10513    25.9s
    R e8m0 LS plain -> e8m0 x3                   0.12550 0.08419 0.10513    26.3s
    R e8m0 LS H16 s=0.025 -> e8m0 x1             0.12550 0.08419 0.10513    27.2s
    R e8m0 LS H16 s=0.025 -> e8m0 x2             0.12550 0.08419 0.10513    27.6s
    R e8m0 LS H16 s=0.025 -> e8m0 x3             0.12550 0.08419 0.10513    28.1s
    R e8m0 LS H16 s=0.1 -> e8m0 x1               0.12550 0.08419 0.10513    28.9s
    R e8m0 LS H16 s=0.1 -> e8m0 x2               0.12550 0.08419 0.10513    29.3s
    R e8m0 LS H16 s=0.1 -> e8m0 x3               0.12550 0.08419 0.10513    29.8s
    R e8m0 LS H16 s=1.0 -> e8m0 x1               0.12550 0.08419 0.10513    30.7s
    R e8m0 LS H16 s=1.0 -> e8m0 x2               0.12550 0.08419 0.10513    31.1s
    R e8m0 LS H16 s=1.0 -> e8m0 x3               0.12550 0.08419 0.10513    31.5s
    M L=2 on s6b                                 0.09915 0.06661 0.09177    31.9s
    M L=2 on s6b + H16-LS x1                     0.09188 0.06055 0.08751    32.7s
    M L=2 on e8m0                                0.11571 0.07849 0.10061    33.1s
    M L=2 on e8m0 + H16-LS x1                    0.11571 0.07849 0.10061    33.9s
    F1 s6b group-LDLQ s=0.025 x1                 0.11794 0.06928 0.09353    36.2s
    F1 s6b group-LDLQ s=0.025 x1 + H16-LS        0.11520 0.06809 0.09268    36.2s
    F1 s6b group-LDLQ s=0.025 x2                 0.11272 0.06648 0.09149    38.5s
    F1 s6b group-LDLQ s=0.025 x2 + H16-LS        0.11179 0.06613 0.09121    38.5s
    F1 s6b group-LDLQ s=0.1 x1                   0.11610 0.06885 0.09320    40.8s
    F1 s6b group-LDLQ s=0.1 x1 + H16-LS          0.11315 0.06758 0.09228    40.8s
    F1 s6b group-LDLQ s=0.1 x2                   0.11073 0.06572 0.09095    43.1s
    F1 s6b group-LDLQ s=0.1 x2 + H16-LS          0.10976 0.06523 0.09062    43.1s
    F1 s6b group-LDLQ s=1.0 x1                   0.11022 0.06710 0.09205    45.4s
    F1 s6b group-LDLQ s=1.0 x1 + H16-LS          0.10624 0.06509 0.09064    45.4s
    F1 s6b group-LDLQ s=1.0 x2                   0.10414 0.06398 0.08976    47.7s
    F1 s6b group-LDLQ s=1.0 x2 + H16-LS          0.10310 0.06351 0.08945    47.7s
    F2 s6b full-LDLQ s=0.025                     0.11686 0.06160 0.08786    56.1s
    F2 s6b full-LDLQ s=0.1                       0.11464 0.06051 0.08711    64.4s
    F2 s6b full-LDLQ s=1.0                       0.11103 0.05877 0.08583    72.8s
    F1 e4m3 group-LDLQ s=0.025 x1                0.11169 0.06600 0.09111    75.0s
    F1 e4m3 group-LDLQ s=0.025 x1 + H16-LS       0.11064 0.06593 0.09102    75.1s
    F1 e4m3 group-LDLQ s=0.025 x2                0.10950 0.06459 0.09032    77.4s
    F1 e4m3 group-LDLQ s=0.025 x2 + H16-LS       0.10921 0.06463 0.09036    77.4s
    F1 e4m3 group-LDLQ s=0.1 x1                  0.10996 0.06516 0.09062    79.7s
    F1 e4m3 group-LDLQ s=0.1 x1 + H16-LS         0.10883 0.06482 0.09033    79.7s
    F1 e4m3 group-LDLQ s=0.1 x2                  0.10770 0.06396 0.08976    82.0s
    F1 e4m3 group-LDLQ s=0.1 x2 + H16-LS         0.10736 0.06394 0.08973    82.0s
    F1 e4m3 group-LDLQ s=1.0 x1                  0.10443 0.06389 0.08964    84.3s
    F1 e4m3 group-LDLQ s=1.0 x1 + H16-LS         0.10286 0.06330 0.08925    84.3s
    F1 e4m3 group-LDLQ s=1.0 x2                  0.10185 0.06271 0.08895    86.6s
    F1 e4m3 group-LDLQ s=1.0 x2 + H16-LS         0.10145 0.06246 0.08875    86.6s
    F2 e4m3 full-LDLQ s=0.025                    0.11238 0.05925 0.08656    95.1s
    F2 e4m3 full-LDLQ s=0.1                      0.11013 0.05813 0.08591   103.6s
    F2 e4m3 full-LDLQ s=1.0                      0.10641 0.05644 0.08468   112.0s

== L42 up_proj (2048, 4096)  act leg served 0.08471 amax 0.08389  (fit 128 / held-out 128 tokens)
    arm                                               wt     out    W4A4
    P0 s6b h=1.00 (artifact)                     0.10765 0.09595 0.12757     0.6s
    P1 s6b h=0.89                                0.11447 0.10254 0.13327     1.0s
    P1 s6b h=0.94                                0.10955 0.09769 0.12944     1.5s
    P1 s6b h=0.97                                0.10703 0.09554 0.12753     1.9s
    P1 s6b h=1.05                                0.11683 0.10541 0.13456     2.3s
    P1 s6b h=1.10                                0.12409 0.11195 0.13959     2.8s
    P1 s6b h=1.20                                0.15031 0.13751 0.16036     3.2s
    P1 s6b nearest-mantissa                      0.10372 0.09220 0.12509     3.6s
    P2 e4m3 flat h=1.00                          0.10332 0.09187 0.12476     4.1s
    P2 e4m3 flat h=0.89                          0.12811 0.11544 0.14360     4.5s
    P2 e4m3 flat h=0.94                          0.11379 0.10173 0.13258     4.9s
    P2 e4m3 flat h=0.97                          0.10505 0.09314 0.12598     5.4s
    P2 e4m3 flat h=1.05                          0.10437 0.09377 0.12602     5.8s
    P2 e4m3 flat h=1.10                          0.11573 0.10491 0.13415     6.2s
    P2 e4m3 flat h=1.20                          0.13906 0.12771 0.15227     6.7s
    P3 e8m0-only t=1.00                          0.13302 0.11927 0.14651     7.1s
    P3 e8m0-only t=1.19                          0.12632 0.11267 0.14124     7.5s
    P3 e8m0-only t=1.41                          0.12862 0.11573 0.14341     8.0s
    P3 e8m0-only t=1.68                          0.14660 0.13232 0.15687     8.4s
    P3 e8m0-only t=2.00                          0.21784 0.19939 0.21522     8.8s
    R s6b LS plain -> s6b x1                     0.10104 0.09039 0.12358     9.7s
    R s6b LS plain -> s6b x2                     0.09967 0.08938 0.12290    10.1s
    R s6b LS plain -> s6b x3                     0.09920 0.08896 0.12262    10.6s
    R s6b LS plain -> fp32 x1                    0.09865 0.08823 0.12221    11.4s
    R s6b LS plain -> fp32 x2                    0.09638 0.08617 0.12076    11.9s
    R s6b LS plain -> fp32 x3                    0.09563 0.08560 0.12034    12.3s
    R s6b LS H16 s=0.025 -> s6b x1               0.10158 0.08953 0.12305    13.2s
    R s6b LS H16 s=0.025 -> s6b x2               0.10032 0.08823 0.12220    13.6s
    R s6b LS H16 s=0.025 -> s6b x3               0.09985 0.08733 0.12144    14.0s
    R s6b LS H16 s=0.1 -> s6b x1                 0.10151 0.08958 0.12305    14.9s
    R s6b LS H16 s=0.1 -> s6b x2                 0.10024 0.08834 0.12232    15.3s
    R s6b LS H16 s=0.1 -> s6b x3                 0.09975 0.08757 0.12166    15.8s
    R s6b LS H16 s=1.0 -> s6b x1                 0.10119 0.08971 0.12305    16.7s
    R s6b LS H16 s=1.0 -> s6b x2                 0.09982 0.08837 0.12218    17.1s
    R s6b LS H16 s=1.0 -> s6b x3                 0.09934 0.08797 0.12189    17.5s
    R e4m3 LS plain -> e4m3 x1                   0.09895 0.08799 0.12189    18.4s
    R e4m3 LS plain -> e4m3 x2                   0.09830 0.08781 0.12185    18.8s
    R e4m3 LS plain -> e4m3 x3                   0.09813 0.08779 0.12182    19.3s
    R e4m3 LS H16 s=0.025 -> e4m3 x1             0.09958 0.08826 0.12231    20.1s
    R e4m3 LS H16 s=0.025 -> e4m3 x2             0.09907 0.08742 0.12175    20.6s
    R e4m3 LS H16 s=0.025 -> e4m3 x3             0.09889 0.08753 0.12185    21.0s
    R e4m3 LS H16 s=0.1 -> e4m3 x1               0.09950 0.08819 0.12221    21.9s
    R e4m3 LS H16 s=0.1 -> e4m3 x2               0.09895 0.08732 0.12171    22.3s
    R e4m3 LS H16 s=0.1 -> e4m3 x3               0.09876 0.08682 0.12146    22.8s
    R e4m3 LS H16 s=1.0 -> e4m3 x1               0.09912 0.08792 0.12196    23.7s
    R e4m3 LS H16 s=1.0 -> e4m3 x2               0.09849 0.08716 0.12146    24.1s
    R e4m3 LS H16 s=1.0 -> e4m3 x3               0.09830 0.08696 0.12128    24.5s
    R e8m0 LS plain -> e8m0 x1                   0.12632 0.11267 0.14124    25.4s
    R e8m0 LS plain -> e8m0 x2                   0.12632 0.11267 0.14124    25.8s
    R e8m0 LS plain -> e8m0 x3                   0.12632 0.11267 0.14124    26.3s
    R e8m0 LS H16 s=0.025 -> e8m0 x1             0.12632 0.11267 0.14124    27.1s
    R e8m0 LS H16 s=0.025 -> e8m0 x2             0.12632 0.11267 0.14124    27.6s
    R e8m0 LS H16 s=0.025 -> e8m0 x3             0.12632 0.11267 0.14124    28.0s
    R e8m0 LS H16 s=0.1 -> e8m0 x1               0.12632 0.11267 0.14124    28.9s
    R e8m0 LS H16 s=0.1 -> e8m0 x2               0.12632 0.11267 0.14124    29.3s
    R e8m0 LS H16 s=0.1 -> e8m0 x3               0.12632 0.11267 0.14124    29.7s
    R e8m0 LS H16 s=1.0 -> e8m0 x1               0.12632 0.11267 0.14124    30.6s
    R e8m0 LS H16 s=1.0 -> e8m0 x2               0.12632 0.11267 0.14124    31.0s
    R e8m0 LS H16 s=1.0 -> e8m0 x3               0.12632 0.11267 0.14124    31.5s
    M L=2 on s6b                                 0.09928 0.08872 0.12227    31.9s
    M L=2 on s6b + H16-LS x1                     0.09194 0.08120 0.11720    32.7s
    M L=2 on e8m0                                0.11660 0.10462 0.13502    33.1s
    M L=2 on e8m0 + H16-LS x1                    0.11660 0.10462 0.13502    33.9s
    F1 s6b group-LDLQ s=0.025 x1                 0.11798 0.09343 0.12572    36.2s
    F1 s6b group-LDLQ s=0.025 x1 + H16-LS        0.11517 0.09168 0.12445    36.2s
    F1 s6b group-LDLQ s=0.025 x2                 0.11267 0.08933 0.12269    38.5s
    F1 s6b group-LDLQ s=0.025 x2 + H16-LS        0.11171 0.08870 0.12223    38.5s
    F1 s6b group-LDLQ s=0.1 x1                   0.11618 0.09247 0.12483    40.9s
    F1 s6b group-LDLQ s=0.1 x1 + H16-LS          0.11317 0.09034 0.12331    40.9s
    F1 s6b group-LDLQ s=0.1 x2                   0.11076 0.08813 0.12177    43.3s
    F1 s6b group-LDLQ s=0.1 x2 + H16-LS          0.10974 0.08742 0.12132    43.3s
    F1 s6b group-LDLQ s=1.0 x1                   0.11033 0.09038 0.12339    45.7s
    F1 s6b group-LDLQ s=1.0 x1 + H16-LS          0.10628 0.08731 0.12116    45.7s
    F1 s6b group-LDLQ s=1.0 x2                   0.10411 0.08540 0.11993    48.0s
    F1 s6b group-LDLQ s=1.0 x2 + H16-LS          0.10304 0.08474 0.11952    48.0s
    F2 s6b full-LDLQ s=0.025                     0.11696 0.08293 0.11808    56.6s
    F2 s6b full-LDLQ s=0.1                       0.11477 0.08130 0.11709    65.1s
    F2 s6b full-LDLQ s=1.0                       0.11115 0.07915 0.11536    73.7s
    F1 e4m3 group-LDLQ s=0.025 x1                0.11318 0.08931 0.12306    76.1s
    F1 e4m3 group-LDLQ s=0.025 x1 + H16-LS       0.11157 0.08860 0.12250    76.1s
    F1 e4m3 group-LDLQ s=0.025 x2                0.11001 0.08719 0.12144    78.4s
    F1 e4m3 group-LDLQ s=0.025 x2 + H16-LS       0.10955 0.08716 0.12140    78.4s
    F1 e4m3 group-LDLQ s=0.1 x1                  0.11144 0.08843 0.12231    80.8s
    F1 e4m3 group-LDLQ s=0.1 x1 + H16-LS         0.10968 0.08760 0.12169    80.8s
    F1 e4m3 group-LDLQ s=0.1 x2                  0.10813 0.08614 0.12062    83.1s
    F1 e4m3 group-LDLQ s=0.1 x2 + H16-LS         0.10765 0.08605 0.12050    83.1s
    F1 e4m3 group-LDLQ s=1.0 x1                  0.10579 0.08643 0.12109    85.5s
    F1 e4m3 group-LDLQ s=1.0 x1 + H16-LS         0.10328 0.08478 0.11988    85.5s
    F1 e4m3 group-LDLQ s=1.0 x2                  0.10184 0.08400 0.11921    87.8s
    F1 e4m3 group-LDLQ s=1.0 x2 + H16-LS         0.10131 0.08358 0.11898    87.8s
    F2 e4m3 full-LDLQ s=0.025                    0.11303 0.07991 0.11617    96.4s
    F2 e4m3 full-LDLQ s=0.1                      0.11082 0.07846 0.11537   105.0s
    F2 e4m3 full-LDLQ s=1.0                      0.10718 0.07605 0.11359   113.5s

act leg: served 0.08572  amax 0.08477   over 6 tensors
arm                                            bpp       wt      out     W4A4   out vs P0    min    max  vs EXL3@A4    clip
P0 s6b h=1.00 (artifact)                      4.00  0.10763  0.09720  0.12922      1.000x  1.000  1.000      1.252x  0.0601
P1 s6b h=0.89                                 4.00  0.11505  0.10427  0.13531      0.933x  0.923  0.945      1.310x  0.0000
P1 s6b h=0.94                                 4.00  0.11029  0.09946  0.13153      0.979x  0.968  1.006      1.273x  0.0059
P1 s6b h=0.97                                 4.00  0.10712  0.09657  0.12892      1.007x  1.002  1.022      1.248x  0.0476
P1 s6b h=1.05                                 4.00  0.11696  0.10635  0.13591      0.913x  0.893  0.922      1.317x  0.0778
P1 s6b h=1.10                                 4.00  0.12498  0.11430  0.14200      0.849x  0.824  0.863      1.376x  0.0872
P1 s6b h=1.20                                 4.00  0.15101  0.13948  0.16241      0.695x  0.649  0.714      1.576x  0.1091
P1 s6b nearest-mantissa                       4.00  0.10336  0.09318  0.12646      1.043x  1.041  1.046      1.225x  0.0432
P2 e4m3 flat h=1.00                           4.00  0.10364  0.09334  0.12653      1.043x  1.034  1.071      1.225x  0.0333
P2 e4m3 flat h=0.89                           4.00  0.12630  0.11456  0.14360      0.848x  0.831  0.861      1.391x  0.0000
P2 e4m3 flat h=0.94                           4.00  0.11116  0.10034  0.13233      0.969x  0.943  0.975      1.282x  0.0000
P2 e4m3 flat h=0.97                           4.00  0.10502  0.09445  0.12768      1.029x  1.025  1.032      1.236x  0.0045
P2 e4m3 flat h=1.05                           4.00  0.10430  0.09442  0.12700      1.028x  0.992  1.040      1.231x  0.0710
P2 e4m3 flat h=1.10                           4.00  0.11470  0.10487  0.13451      0.925x  0.893  0.944      1.304x  0.0876
P2 e4m3 flat h=1.20                           4.00  0.13812  0.12768  0.15267      0.759x  0.687  0.784      1.483x  0.1093
P3 e8m0-only t=1.00                           3.75  0.13451  0.12166  0.14914      0.800x  0.785  0.821      1.443x  0.0000
P3 e8m0-only t=1.19                           3.75  0.12855  0.11638  0.14488      0.837x  0.818  0.863      1.402x  0.0062
P3 e8m0-only t=1.41                           3.75  0.13034  0.11769  0.14562      0.827x  0.813  0.851      1.409x  0.0202
P3 e8m0-only t=1.68                           3.75  0.15170  0.13761  0.16166      0.708x  0.675  0.735      1.565x  0.0541
P3 e8m0-only t=2.00                           3.75  0.22419  0.20798  0.22332      0.467x  0.447  0.481      2.166x  0.1388
R s6b LS plain -> s6b x1                      4.00  0.10118  0.09140  0.12504      1.064x  1.057  1.071      1.211x  0.0513
R s6b LS plain -> s6b x2                      4.00  0.09977  0.09020  0.12421      1.078x  1.072  1.085      1.203x  0.0500
R s6b LS plain -> s6b x3                      4.00  0.09928  0.08978  0.12392      1.083x  1.077  1.090      1.200x  0.0496
R s6b LS plain -> fp32 x1                      nan  0.09875  0.08920  0.12343      1.090x  1.086  1.096      1.195x  0.0505
R s6b LS plain -> fp32 x2                      nan  0.09640  0.08706  0.12198      1.117x  1.112  1.121      1.181x  0.0459
R s6b LS plain -> fp32 x3                      nan  0.09560  0.08637  0.12153      1.125x  1.120  1.132      1.177x  0.0450
R s6b LS H16 s=0.025 -> s6b x1                4.00  0.10152  0.09095  0.12471      1.069x  1.060  1.081      1.208x  0.0508
R s6b LS H16 s=0.025 -> s6b x2                4.00  0.10018  0.08959  0.12376      1.085x  1.076  1.096      1.198x  0.0494
R s6b LS H16 s=0.025 -> s6b x3                4.00  0.09968  0.08903  0.12334      1.092x  1.080  1.102      1.194x  0.0489
R s6b LS H16 s=0.1 -> s6b x1                  4.00  0.10147  0.09093  0.12471      1.069x  1.062  1.081      1.208x  0.0508
R s6b LS H16 s=0.1 -> s6b x2                  4.00  0.10012  0.08958  0.12376      1.086x  1.078  1.096      1.198x  0.0495
R s6b LS H16 s=0.1 -> s6b x3                  4.00  0.09962  0.08901  0.12335      1.093x  1.084  1.103      1.195x  0.0490
R s6b LS H16 s=1.0 -> s6b x1                  4.00  0.10127  0.09102  0.12474      1.068x  1.062  1.077      1.208x  0.0511
R s6b LS H16 s=1.0 -> s6b x2                  4.00  0.09987  0.08968  0.12379      1.084x  1.075  1.096      1.199x  0.0498
R s6b LS H16 s=1.0 -> s6b x3                  4.00  0.09936  0.08926  0.12349      1.090x  1.082  1.102      1.196x  0.0494
R e4m3 LS plain -> e4m3 x1                    4.00  0.09889  0.08906  0.12336      1.092x  1.085  1.101      1.195x  0.0361
R e4m3 LS plain -> e4m3 x2                    4.00  0.09820  0.08845  0.12293      1.099x  1.093  1.107      1.190x  0.0367
R e4m3 LS plain -> e4m3 x3                    4.00  0.09800  0.08827  0.12279      1.101x  1.093  1.109      1.189x  0.0368
R e4m3 LS H16 s=0.025 -> e4m3 x1              4.00  0.09928  0.08896  0.12333      1.093x  1.087  1.107      1.194x  0.0365
R e4m3 LS H16 s=0.025 -> e4m3 x2              4.00  0.09865  0.08830  0.12286      1.101x  1.095  1.109      1.190x  0.0374
R e4m3 LS H16 s=0.025 -> e4m3 x3              4.00  0.09844  0.08803  0.12268      1.105x  1.096  1.117      1.188x  0.0376
R e4m3 LS H16 s=0.1 -> e4m3 x1                4.00  0.09923  0.08895  0.12331      1.093x  1.088  1.107      1.194x  0.0364
R e4m3 LS H16 s=0.1 -> e4m3 x2                4.00  0.09858  0.08825  0.12278      1.102x  1.098  1.111      1.189x  0.0373
R e4m3 LS H16 s=0.1 -> e4m3 x3                4.00  0.09836  0.08788  0.12258      1.107x  1.102  1.117      1.187x  0.0375
R e4m3 LS H16 s=1.0 -> e4m3 x1                4.00  0.09900  0.08892  0.12326      1.094x  1.087  1.107      1.194x  0.0362
R e4m3 LS H16 s=1.0 -> e4m3 x2                4.00  0.09830  0.08816  0.12273      1.103x  1.097  1.116      1.188x  0.0369
R e4m3 LS H16 s=1.0 -> e4m3 x3                4.00  0.09809  0.08792  0.12256      1.106x  1.100  1.122      1.187x  0.0371
R e8m0 LS plain -> e8m0 x1                    3.75  0.12855  0.11638  0.14488      0.837x  0.818  0.863      1.402x  0.0062
R e8m0 LS plain -> e8m0 x2                    3.75  0.12855  0.11638  0.14488      0.837x  0.818  0.863      1.402x  0.0062
R e8m0 LS plain -> e8m0 x3                    3.75  0.12855  0.11638  0.14488      0.837x  0.818  0.863      1.402x  0.0062
R e8m0 LS H16 s=0.025 -> e8m0 x1              3.75  0.12855  0.11638  0.14488      0.837x  0.818  0.863      1.402x  0.0062
R e8m0 LS H16 s=0.025 -> e8m0 x2              3.75  0.12855  0.11638  0.14488      0.837x  0.818  0.863      1.402x  0.0062
R e8m0 LS H16 s=0.025 -> e8m0 x3              3.75  0.12855  0.11638  0.14488      0.837x  0.818  0.863      1.402x  0.0062
R e8m0 LS H16 s=0.1 -> e8m0 x1                3.75  0.12855  0.11638  0.14488      0.837x  0.818  0.863      1.402x  0.0062
R e8m0 LS H16 s=0.1 -> e8m0 x2                3.75  0.12855  0.11638  0.14488      0.837x  0.818  0.863      1.402x  0.0062
R e8m0 LS H16 s=0.1 -> e8m0 x3                3.75  0.12855  0.11638  0.14488      0.837x  0.818  0.863      1.402x  0.0062
R e8m0 LS H16 s=1.0 -> e8m0 x1                3.75  0.12855  0.11638  0.14488      0.837x  0.818  0.863      1.402x  0.0062
R e8m0 LS H16 s=1.0 -> e8m0 x2                3.75  0.12855  0.11638  0.14488      0.837x  0.818  0.863      1.402x  0.0062
R e8m0 LS H16 s=1.0 -> e8m0 x3                3.75  0.12855  0.11638  0.14488      0.837x  0.818  0.863      1.402x  0.0062
M L=2 on s6b                                  4.25  0.09931  0.08959  0.12366      1.085x  1.081  1.090      1.198x  0.0601
M L=2 on s6b + H16-LS x1                      4.25  0.09202  0.08249  0.11872      1.179x  1.169  1.200      1.150x  0.0502
M L=2 on e8m0                                 4.00  0.11925  0.10830  0.13858      0.899x  0.877  0.925      1.341x  0.0062
M L=2 on e8m0 + H16-LS x1                     4.00  0.11925  0.10830  0.13858      0.899x  0.877  0.925      1.341x  0.0062
F1 s6b group-LDLQ s=0.025 x1                  4.00  0.11710  0.09770  0.12950      0.999x  0.969  1.048      1.253x  0.0587
F1 s6b group-LDLQ s=0.025 x1 + H16-LS         4.00  0.11401  0.09542  0.12784      1.022x  0.996  1.067      1.237x  0.0587
F1 s6b group-LDLQ s=0.025 x2                  4.00  0.11160  0.09327  0.12624      1.046x  1.019  1.092      1.221x  0.0524
F1 s6b group-LDLQ s=0.025 x2 + H16-LS         4.00  0.11046  0.09242  0.12563      1.055x  1.030  1.098      1.216x  0.0524
F1 s6b group-LDLQ s=0.1 x1                    4.00  0.11544  0.09674  0.12876      1.008x  0.978  1.055      1.246x  0.0591
F1 s6b group-LDLQ s=0.1 x1 + H16-LS           4.00  0.11218  0.09428  0.12699      1.034x  1.008  1.075      1.229x  0.0591
F1 s6b group-LDLQ s=0.1 x2                    4.00  0.10984  0.09209  0.12551      1.059x  1.030  1.105      1.214x  0.0524
F1 s6b group-LDLQ s=0.1 x2 + H16-LS           4.00  0.10868  0.09120  0.12486      1.069x  1.042  1.113      1.208x  0.0524
F1 s6b group-LDLQ s=1.0 x1                    4.00  0.10996  0.09405  0.12678      1.037x  1.009  1.082      1.227x  0.0608
F1 s6b group-LDLQ s=1.0 x1 + H16-LS           4.00  0.10589  0.09080  0.12447      1.074x  1.047  1.116      1.204x  0.0608
F1 s6b group-LDLQ s=1.0 x2                    4.00  0.10377  0.08899  0.12317      1.095x  1.073  1.135      1.192x  0.0523
F1 s6b group-LDLQ s=1.0 x2 + H16-LS           4.00  0.10267  0.08812  0.12258      1.106x  1.085  1.144      1.186x  0.0523
F2 s6b full-LDLQ s=0.025                      4.00  0.11714  0.09058  0.12426      1.083x  1.017  1.179      1.201x  0.0621
F2 s6b full-LDLQ s=0.1                        4.00  0.11496  0.08883  0.12307      1.104x  1.034  1.200      1.189x  0.0621
F2 s6b full-LDLQ s=1.0                        4.00  0.11131  0.08629  0.12110      1.137x  1.068  1.236      1.171x  0.0622
F1 e4m3 group-LDLQ s=0.025 x1                 4.00  0.11266  0.09419  0.12722      1.037x  1.003  1.100      1.230x  0.0376
F1 e4m3 group-LDLQ s=0.025 x1 + H16-LS        4.00  0.11054  0.09273  0.12601      1.052x  1.023  1.102      1.219x  0.0376
F1 e4m3 group-LDLQ s=0.025 x2                 4.00  0.10890  0.09108  0.12483      1.071x  1.043  1.124      1.208x  0.0412
F1 e4m3 group-LDLQ s=0.025 x2 + H16-LS        4.00  0.10825  0.09069  0.12453      1.075x  1.050  1.124      1.205x  0.0412
F1 e4m3 group-LDLQ s=0.1 x1                   4.00  0.11108  0.09317  0.12647      1.049x  1.015  1.115      1.223x  0.0376
F1 e4m3 group-LDLQ s=0.1 x1 + H16-LS          4.00  0.10884  0.09156  0.12517      1.066x  1.037  1.121      1.211x  0.0376
F1 e4m3 group-LDLQ s=0.1 x2                   4.00  0.10720  0.09012  0.12413      1.083x  1.054  1.135      1.201x  0.0411
F1 e4m3 group-LDLQ s=0.1 x2 + H16-LS          4.00  0.10655  0.08968  0.12377      1.088x  1.063  1.136      1.198x  0.0411
F1 e4m3 group-LDLQ s=1.0 x1                   4.00  0.10577  0.09070  0.12467      1.076x  1.047  1.137      1.206x  0.0373
F1 e4m3 group-LDLQ s=1.0 x1 + H16-LS          4.00  0.10290  0.08845  0.12292      1.102x  1.077  1.147      1.189x  0.0373
F1 e4m3 group-LDLQ s=1.0 x2                   4.00  0.10137  0.08711  0.12195      1.119x  1.097  1.158      1.180x  0.0405
F1 e4m3 group-LDLQ s=1.0 x2 + H16-LS          4.00  0.10078  0.08661  0.12158      1.125x  1.105  1.163      1.177x  0.0405
F2 e4m3 full-LDLQ s=0.025                     4.00  0.11336  0.08749  0.12239      1.122x  1.054  1.226      1.183x  0.0359
F2 e4m3 full-LDLQ s=0.1                       4.00  0.11113  0.08581  0.12126      1.143x  1.074  1.249      1.172x  0.0359
F2 e4m3 full-LDLQ s=1.0                       4.00  0.10749  0.08327  0.11946      1.178x  1.108  1.287      1.155x  0.0360
EXL3 K=4 (weight leg measured; W4A4 projected)  4.01        -  0.05653  0.10288

wrote experiments/results/tessera_fp4_native_levers.json
