
== L5 gate_proj (2048, 4096)  eval 1024 rows  act leg served 0.09170
    arm                                        bpp       wt      out     W4A4  enc s
    span1 S6b refit4 (today's default)        4.00 0.09924 0.09563 0.13228    1.6
    span2 LUT refit4 (new default)            4.00 0.08787 0.08471 0.12467    2.2
    span2 LUT refit6                          4.00 0.08785 0.08466 0.12464    2.9
    span1 LUT refit4 (plane alone)            3.75 0.09762 0.09384 0.13096    2.1
    span2 S6b refit4 (trellis alone)          4.25 0.08998 0.08681 0.12605    1.3
    span1 S6b refit0 (the 151 GiB export)     4.00 0.10812 0.10412 0.13843    0.4

== L5 up_proj (2048, 4096)  eval 1024 rows  act leg served 0.09474
    arm                                        bpp       wt      out     W4A4  enc s
    span1 S6b refit4 (today's default)        4.00 0.09921 0.09863 0.13643    1.5
    span2 LUT refit4 (new default)            4.00 0.08796 0.08746 0.12868    2.1
    span2 LUT refit6                          4.00 0.08793 0.08748 0.12869    3.0
    span1 LUT refit4 (plane alone)            3.75 0.09769 0.09733 0.13554    2.1
    span2 S6b refit4 (trellis alone)          4.25 0.08990 0.08939 0.12992    1.4
    span1 S6b refit0 (the 151 GiB export)     4.00 0.10808 0.10731 0.14277    0.4

== L20 gate_proj (2048, 4096)  eval 1024 rows  act leg served 0.08769
    arm                                        bpp       wt      out     W4A4  enc s
    span1 S6b refit4 (today's default)        4.00 0.09954 0.09244 0.12727    1.5
    span2 LUT refit4 (new default)            4.00 0.08830 0.08145 0.11953    2.1
    span2 LUT refit6                          4.00 0.08827 0.08142 0.11952    3.0
    span1 LUT refit4 (plane alone)            3.75 0.09796 0.08989 0.12539    2.2
    span2 S6b refit4 (trellis alone)          4.25 0.09045 0.08380 0.12114    1.3
    span1 S6b refit0 (the 151 GiB export)     4.00 0.10751 0.09947 0.13240    0.4

== L20 up_proj (2048, 4096)  eval 1024 rows  act leg served 0.09242
    arm                                        bpp       wt      out     W4A4  enc s
    span1 S6b refit4 (today's default)        4.00 0.09956 0.09641 0.13324    1.5
    span2 LUT refit4 (new default)            4.00 0.08817 0.08587 0.12600    1.9
    span2 LUT refit6                          4.00 0.08815 0.08584 0.12598    2.8
    span1 LUT refit4 (plane alone)            3.75 0.09784 0.09512 0.13234    2.0
    span2 S6b refit4 (trellis alone)          4.25 0.09046 0.08764 0.12707    1.4
    span1 S6b refit0 (the 151 GiB export)     4.00 0.10760 0.10398 0.13871    0.4

== L42 gate_proj (2048, 4096)  eval 1024 rows  act leg served 0.06653
    arm                                        bpp       wt      out     W4A4  enc s
    span1 S6b refit4 (today's default)        4.00 0.09936 0.06982 0.09646    1.5
    span2 LUT refit4 (new default)            4.00 0.08902 0.06247 0.09126    2.1
    span2 LUT refit6                          4.00 0.08899 0.06248 0.09126    3.0
    span1 LUT refit4 (plane alone)            3.75 0.09865 0.06969 0.09645    2.3
    span2 S6b refit4 (trellis alone)          4.25 0.08996 0.06360 0.09211    1.3
    span1 S6b refit0 (the 151 GiB export)     4.00 0.10775 0.07640 0.10133    0.4

== L42 up_proj (2048, 4096)  eval 1024 rows  act leg served 0.08633
    arm                                        bpp       wt      out     W4A4  enc s
    span1 S6b refit4 (today's default)        4.00 0.09929 0.09037 0.12472    1.5
    span2 LUT refit4 (new default)            4.00 0.08873 0.08072 0.11798    2.2
    span2 LUT refit6                          4.00 0.08871 0.08075 0.11800    3.1
    span1 LUT refit4 (plane alone)            3.75 0.09836 0.08903 0.12383    2.3
    span2 S6b refit4 (trellis alone)          4.25 0.08993 0.08203 0.11891    1.4
    span1 S6b refit0 (the 151 GiB export)     4.00 0.10784 0.09784 0.13013    0.4

| arm | bpp | out-space weight leg | vs today's default | W4A4 | vs EXL3@A4 | encode s |
|---|---:|---:|---:|---:|---:|---:|
| span1 S6b refit4 (today's default) | 4.00 | 0.09055 | 1.000x | 0.12507 | 1.205x | 1.5 |
| span2 LUT refit4 (new default) | 4.00 | 0.08044 | 1.125x | 0.11802 | 1.137x | 2.1 |
| span2 LUT refit6 | 4.00 | 0.08044 | 1.125x | 0.11802 | 1.137x | 3.0 |
| span1 LUT refit4 (plane alone) | 3.75 | 0.08915 | 1.015x | 0.12408 | 1.195x | 2.2 |
| span2 S6b refit4 (trellis alone) | 4.25 | 0.08221 | 1.101x | 0.11920 | 1.148x | 1.3 |
| span1 S6b refit0 (the 151 GiB export) | 4.00 | 0.09819 | 0.922x | 0.13063 | 1.258x | 0.4 |

wrote experiments/results/tessera_wire_default_check.json
