
== L5.gate_proj (2048, 4096)  eval 1024 rows  act leg served 0.09170
    arm                                        bpp       wt      out     W4A4  enc s
    span2 LUT refit4 unweighted (default)     4.00 0.08787 0.08471 0.12467    2.3
    span2 LUT refit4 scale-weighted           4.00 0.08796 0.08448 0.12447    2.2
    span2 LUT refit0 unweighted               4.00 0.09340 0.08994 0.12829    0.6
    span2 LUT refit0 scale-weighted           4.00 0.09346 0.09012 0.12838    0.6
    span1 S6b refit0 unweighted (export)      4.00 0.10812 0.10412 0.13843    0.4
    span1 S6b refit0 scale-weighted           4.00 0.10828 0.10444 0.13870    0.4
    identity check span2 LUT refit4 unweighted (default): 0.084707 vs prior 0.084707 OK
    identity check span1 S6b refit0 unweighted (export): 0.104121 vs prior 0.104121 OK

== L5.up_proj (2048, 4096)  eval 1024 rows  act leg served 0.09474
    arm                                        bpp       wt      out     W4A4  enc s
    span2 LUT refit4 unweighted (default)     4.00 0.08796 0.08746 0.12868    2.1
    span2 LUT refit4 scale-weighted           4.00 0.08805 0.08766 0.12880    2.2
    span2 LUT refit0 unweighted               4.00 0.09343 0.09288 0.13239    0.6
    span2 LUT refit0 scale-weighted           4.00 0.09349 0.09323 0.13260    0.6
    span1 S6b refit0 unweighted (export)      4.00 0.10808 0.10731 0.14277    0.4
    span1 S6b refit0 scale-weighted           4.00 0.10824 0.10777 0.14304    0.4
    identity check span2 LUT refit4 unweighted (default): 0.087457 vs prior 0.087457 OK
    identity check span1 S6b refit0 unweighted (export): 0.107305 vs prior 0.107305 OK

== L20.gate_proj (2048, 4096)  eval 1024 rows  act leg served 0.08769
    arm                                        bpp       wt      out     W4A4  enc s
    span2 LUT refit4 unweighted (default)     4.00 0.08830 0.08145 0.11953    2.1
    span2 LUT refit4 scale-weighted           4.00 0.08839 0.08164 0.11971    2.2
    span2 LUT refit0 unweighted               4.00 0.09335 0.08632 0.12284    0.6
    span2 LUT refit0 scale-weighted           4.00 0.09341 0.08623 0.12279    0.7
    span1 S6b refit0 unweighted (export)      4.00 0.10751 0.09947 0.13240    0.4
    span1 S6b refit0 scale-weighted           4.00 0.10765 0.09983 0.13261    0.4
    identity check span2 LUT refit4 unweighted (default): 0.081446 vs prior 0.081446 OK
    identity check span1 S6b refit0 unweighted (export): 0.099474 vs prior 0.099474 OK

== L20.up_proj (2048, 4096)  eval 1024 rows  act leg served 0.09242
    arm                                        bpp       wt      out     W4A4  enc s
    span2 LUT refit4 unweighted (default)     4.00 0.08817 0.08587 0.12600    1.9
    span2 LUT refit4 scale-weighted           4.00 0.08826 0.08564 0.12580    2.0
    span2 LUT refit0 unweighted               4.00 0.09322 0.09050 0.12912    0.5
    span2 LUT refit0 scale-weighted           4.00 0.09326 0.09041 0.12906    0.5
    span1 S6b refit0 unweighted (export)      4.00 0.10760 0.10398 0.13871    0.4
    span1 S6b refit0 scale-weighted           4.00 0.10775 0.10420 0.13890    0.4
    identity check span2 LUT refit4 unweighted (default): 0.085867 vs prior 0.085867 OK
    identity check span1 S6b refit0 unweighted (export): 0.103981 vs prior 0.103981 OK

== L42.gate_proj (2048, 4096)  eval 1024 rows  act leg served 0.06653
    arm                                        bpp       wt      out     W4A4  enc s
    span2 LUT refit4 unweighted (default)     4.00 0.08902 0.06247 0.09126    2.1
    span2 LUT refit4 scale-weighted           4.00 0.08912 0.06269 0.09142    2.3
    span2 LUT refit0 unweighted               4.00 0.09430 0.06644 0.09398    0.7
    span2 LUT refit0 scale-weighted           4.00 0.09437 0.06602 0.09370    0.7
    span1 S6b refit0 unweighted (export)      4.00 0.10775 0.07640 0.10133    0.4
    span1 S6b refit0 scale-weighted           4.00 0.10791 0.07640 0.10130    0.4
    identity check span2 LUT refit4 unweighted (default): 0.062474 vs prior 0.062474 OK
    identity check span1 S6b refit0 unweighted (export): 0.076401 vs prior 0.076401 OK

== L42.up_proj (2048, 4096)  eval 1024 rows  act leg served 0.08633
    arm                                        bpp       wt      out     W4A4  enc s
    span2 LUT refit4 unweighted (default)     4.00 0.08873 0.08072 0.11798    2.1
    span2 LUT refit4 scale-weighted           4.00 0.08879 0.08071 0.11798    2.3
    span2 LUT refit0 unweighted               4.00 0.09402 0.08562 0.12137    0.7
    span2 LUT refit0 scale-weighted           4.00 0.09409 0.08570 0.12143    0.7
    span1 S6b refit0 unweighted (export)      4.00 0.10784 0.09784 0.13013    0.4
    span1 S6b refit0 scale-weighted           4.00 0.10802 0.09850 0.13068    0.4
    identity check span2 LUT refit4 unweighted (default): 0.080716 vs prior 0.080716 OK
    identity check span1 S6b refit0 unweighted (export): 0.097843 vs prior 0.097843 OK

| arm | bpp | out-space weight leg | vs default | W4A4 | vs EXL3@A4 | encode s |
|---|---:|---:|---:|---:|---:|---:|
| span2 LUT refit4 unweighted (default) | 4.00 | 0.08044 | 1.000x (1.000-1.000) | 0.11802 | 1.137x | 2.1 |
| span2 LUT refit4 scale-weighted | 4.00 | 0.08047 | 1.000x (0.997-1.003) | 0.11803 | 1.137x | 2.2 |
| span2 LUT refit0 unweighted | 4.00 | 0.08528 | 0.943x (0.940-0.949) | 0.12133 | 1.169x | 0.6 |
| span2 LUT refit0 scale-weighted | 4.00 | 0.08528 | 0.943x (0.938-0.950) | 0.12133 | 1.169x | 0.6 |
| span1 S6b refit0 unweighted (export) | 4.00 | 0.09819 | 0.819x (0.814-0.826) | 0.13063 | 1.258x | 0.4 |
| span1 S6b refit0 scale-weighted | 4.00 | 0.09852 | 0.817x (0.811-0.824) | 0.13087 | 1.261x | 0.4 |
weighted / unweighted at 'span2 LUT refit4 unweighted (default)': 0.9995x (0.9966-1.0027)
weighted / unweighted at 'span2 LUT refit0 unweighted': 1.0003x (0.9963-1.0063)
weighted / unweighted at 'span1 S6b refit0 unweighted (export)': 0.9967x (0.9933-1.0000)

wrote experiments/results/tessera_trellis_weighting_check.json
