
== L5 gate_proj (2048, 4096)  act leg served 0.09203 amax 0.09092  (fit 128 / held-out 128 tokens)
   verify vs encode_unit/reconstruct_unit: {'max_abs_diff': 0.0224609375, 'differing': 3762640, 'numel': 8388608, 'rel_encoder': 0.09936119616031647, 'rel_harness': 0.1081208810210228}
    arm                                               wt     out    W4A4
    P0 s6b h=1.00 (artifact)                     0.10812 0.10486 0.13899     1.0s
    P1 s6b h=0.89                                0.11565 0.11262 0.14593     2.0s
    P1 s6b h=0.94                                0.11090 0.10773 0.14213     3.0s
    P1 s6b h=0.97                                0.10777 0.10460 0.13911     3.9s
    P1 s6b h=1.05                                0.11738 0.11408 0.14564     4.9s
    P1 s6b h=1.10                                0.12539 0.12210 0.15170     5.9s
    P1 s6b h=1.20                                0.15147 0.14747 0.17210     6.8s
    P1 s6b nearest-mantissa                      0.10347 0.10041 0.13601     7.8s
    P2 e4m3 flat h=1.00                          0.10431 0.10100 0.13642     8.8s
    P2 e4m3 flat h=0.89                          0.12559 0.12170 0.15341     9.8s
    P2 e4m3 flat h=0.94                          0.11092 0.10752 0.14219    10.8s
    P2 e4m3 flat h=0.97                          0.10483 0.10148 0.13725    11.8s
    P2 e4m3 flat h=1.05                          0.10424 0.10131 0.13604    12.8s
    P2 e4m3 flat h=1.10                          0.11441 0.11124 0.14304    13.7s
    P2 e4m3 flat h=1.20                          0.13884 0.13536 0.16204    14.7s
    P3 e8m0-only t=1.00                          0.13572 0.13171 0.16110    15.7s
    P3 e8m0-only t=1.19                          0.12977 0.12599 0.15639    16.7s
    P3 e8m0-only t=1.41                          0.13079 0.12659 0.15625    17.7s
    P3 e8m0-only t=1.68                          0.15053 0.14622 0.17199    18.2s
    P3 e8m0-only t=2.00                          0.22626 0.22127 0.23748    19.2s
    R s6b LS plain -> s6b x1                     0.10138 0.09842 0.13447    21.2s
    R s6b LS plain -> s6b x2                     0.09988 0.09702 0.13343    22.2s
    R s6b LS plain -> s6b x3                     0.09936 0.09656 0.13306    23.2s
    R s6b LS plain -> s6b x4                     0.09914 0.09640 0.13292    24.2s
    R s6b LS plain -> s6b x5                     0.09905 0.09628 0.13285    25.2s
    R s6b LS plain -> fp32 x1                    0.09897 0.09613 0.13271    27.2s
    R s6b LS plain -> fp32 x2                    0.09650 0.09366 0.13100    28.2s
    R s6b LS plain -> fp32 x3                    0.09566 0.09299 0.13058    29.1s
    R s6b LS plain -> fp32 x4                    0.09534 0.09264 0.13036    30.1s
    R s6b LS plain -> fp32 x5                    0.09519 0.09245 0.13021    31.1s
    R s6b LS H16 s=0.025 -> s6b x1               0.10161 0.09830 0.13430    33.1s
    R s6b LS H16 s=0.025 -> s6b x2               0.10013 0.09649 0.13297    34.1s
    R s6b LS H16 s=0.025 -> s6b x3               0.09958 0.09601 0.13260    35.1s
    R s6b LS H16 s=0.025 -> s6b x4               0.09932 0.09583 0.13248    36.0s
    R s6b LS H16 s=0.025 -> s6b x5               0.09919 0.09584 0.13247    37.1s
    R s6b LS H16 s=0.1 -> s6b x1                 0.10158 0.09821 0.13429    39.0s
    R s6b LS H16 s=0.1 -> s6b x2                 0.10011 0.09665 0.13318    40.0s
    R s6b LS H16 s=0.1 -> s6b x3                 0.09955 0.09615 0.13273    41.0s
    R s6b LS H16 s=0.1 -> s6b x4                 0.09930 0.09578 0.13249    42.0s
    R s6b LS H16 s=0.1 -> s6b x5                 0.09918 0.09573 0.13246    43.0s
    R s6b LS H16 s=1.0 -> s6b x1                 0.10144 0.09796 0.13407    45.0s
    R s6b LS H16 s=1.0 -> s6b x2                 0.09994 0.09658 0.13299    46.0s
    R s6b LS H16 s=1.0 -> s6b x3                 0.09941 0.09617 0.13270    47.0s
    R s6b LS H16 s=1.0 -> s6b x4                 0.09918 0.09610 0.13264    47.5s
    R s6b LS H16 s=1.0 -> s6b x5                 0.09908 0.09607 0.13264    47.9s
    R e4m3 LS plain -> e4m3 x1                   0.09893 0.09574 0.13241    49.5s
    R e4m3 LS plain -> e4m3 x2                   0.09815 0.09524 0.13204    50.5s
    R e4m3 LS plain -> e4m3 x3                   0.09794 0.09504 0.13187    51.4s
    R e4m3 LS plain -> e4m3 x4                   0.09786 0.09499 0.13184    52.4s
    R e4m3 LS plain -> e4m3 x5                   0.09784 0.09494 0.13180    53.4s
    R e4m3 LS H16 s=0.025 -> e4m3 x1             0.09920 0.09571 0.13247    55.4s
    R e4m3 LS H16 s=0.025 -> e4m3 x2             0.09846 0.09523 0.13206    56.4s
    R e4m3 LS H16 s=0.025 -> e4m3 x3             0.09823 0.09476 0.13180    57.3s
    R e4m3 LS H16 s=0.025 -> e4m3 x4             0.09813 0.09473 0.13188    58.3s
    R e4m3 LS H16 s=0.025 -> e4m3 x5             0.09809 0.09469 0.13177    59.3s
    R e4m3 LS H16 s=0.1 -> e4m3 x1               0.09916 0.09579 0.13251    61.3s
    R e4m3 LS H16 s=0.1 -> e4m3 x2               0.09842 0.09507 0.13187    62.2s
    R e4m3 LS H16 s=0.1 -> e4m3 x3               0.09818 0.09472 0.13172    63.2s
    R e4m3 LS H16 s=0.1 -> e4m3 x4               0.09808 0.09466 0.13169    64.2s
    R e4m3 LS H16 s=0.1 -> e4m3 x5               0.09804 0.09458 0.13164    65.2s
    R e4m3 LS H16 s=1.0 -> e4m3 x1               0.09900 0.09577 0.13225    67.1s
    R e4m3 LS H16 s=1.0 -> e4m3 x2               0.09824 0.09514 0.13191    68.1s
    R e4m3 LS H16 s=1.0 -> e4m3 x3               0.09801 0.09491 0.13181    69.1s
    R e4m3 LS H16 s=1.0 -> e4m3 x4               0.09793 0.09473 0.13173    70.1s
    R e4m3 LS H16 s=1.0 -> e4m3 x5               0.09790 0.09477 0.13177    71.1s
    R e8m0 LS plain -> e8m0 x1                   0.12977 0.12599 0.15639    73.0s
    R e8m0 LS plain -> e8m0 x2                   0.12977 0.12599 0.15639    74.0s
    R e8m0 LS plain -> e8m0 x3                   0.12977 0.12599 0.15639    75.0s
    R e8m0 LS plain -> e8m0 x4                   0.12977 0.12599 0.15639    76.0s
    R e8m0 LS plain -> e8m0 x5                   0.12977 0.12599 0.15639    77.0s
    R e8m0 LS H16 s=0.025 -> e8m0 x1             0.12977 0.12599 0.15639    78.5s
    R e8m0 LS H16 s=0.025 -> e8m0 x2             0.12977 0.12599 0.15639    79.5s
    R e8m0 LS H16 s=0.025 -> e8m0 x3             0.12977 0.12599 0.15639    80.5s
    R e8m0 LS H16 s=0.025 -> e8m0 x4             0.12977 0.12599 0.15639    81.5s
    R e8m0 LS H16 s=0.025 -> e8m0 x5             0.12977 0.12599 0.15639    82.5s
    R e8m0 LS H16 s=0.1 -> e8m0 x1               0.12977 0.12599 0.15639    84.4s
    R e8m0 LS H16 s=0.1 -> e8m0 x2               0.12977 0.12599 0.15639    85.4s
    R e8m0 LS H16 s=0.1 -> e8m0 x3               0.12977 0.12599 0.15639    86.4s
    R e8m0 LS H16 s=0.1 -> e8m0 x4               0.12977 0.12599 0.15639    87.4s
    R e8m0 LS H16 s=0.1 -> e8m0 x5               0.12977 0.12599 0.15639    88.4s
    R e8m0 LS H16 s=1.0 -> e8m0 x1               0.12977 0.12599 0.15639    90.4s
    R e8m0 LS H16 s=1.0 -> e8m0 x2               0.12977 0.12599 0.15639    91.3s
    R e8m0 LS H16 s=1.0 -> e8m0 x3               0.12977 0.12599 0.15639    92.3s
    R e8m0 LS H16 s=1.0 -> e8m0 x4               0.12977 0.12599 0.15639    93.3s
    R e8m0 LS H16 s=1.0 -> e8m0 x5               0.12977 0.12599 0.15639    94.3s
    M L=2 on s6b                                 0.09978 0.09690 0.13318    95.2s
    M L=2 on s6b + H16-LS x1                     0.09205 0.08907 0.12772    97.0s
    M L=2 on e8m0                                0.12030 0.11711 0.14937    98.0s
    M L=2 on e8m0 + H16-LS x1                    0.12030 0.11711 0.14937    99.8s
    F1 s6b group-LDLQ s=0.025 x1                 0.11691 0.10809 0.14126   103.1s
    F1 s6b group-LDLQ s=0.025 x1 + H16-LS        0.11345 0.10517 0.13913   103.2s
    F1 s6b group-LDLQ s=0.025 x2                 0.11100 0.10286 0.13751   106.3s
    F1 s6b group-LDLQ s=0.025 x2 + H16-LS        0.10969 0.10167 0.13667   106.3s
    F1 s6b group-LDLQ s=0.1 x1                   0.11539 0.10711 0.14064   109.6s
    F1 s6b group-LDLQ s=0.1 x1 + H16-LS          0.11177 0.10402 0.13844   109.6s
    F1 s6b group-LDLQ s=0.1 x2                   0.10936 0.10174 0.13695   112.9s
    F1 s6b group-LDLQ s=0.1 x2 + H16-LS          0.10804 0.10055 0.13601   113.0s
    F1 s6b group-LDLQ s=1.0 x1                   0.11019 0.10398 0.13819   116.3s
    F1 s6b group-LDLQ s=1.0 x1 + H16-LS          0.10585 0.10023 0.13552   116.3s
    F1 s6b group-LDLQ s=1.0 x2                   0.10367 0.09772 0.13376   119.6s
    F1 s6b group-LDLQ s=1.0 x2 + H16-LS          0.10248 0.09663 0.13299   119.7s
    F2 s6b full-LDLQ s=0.025                     0.11790 0.10317 0.13772   130.6s
    F2 s6b full-LDLQ s=0.1                       0.11564 0.10134 0.13627   141.5s
    F2 s6b full-LDLQ s=1.0                       0.11195 0.09814 0.13392   151.5s
    F1 e4m3 group-LDLQ s=0.025 x1                0.11274 0.10429 0.13896   153.8s
    F1 e4m3 group-LDLQ s=0.025 x1 + H16-LS       0.11016 0.10223 0.13730   153.8s
    F1 e4m3 group-LDLQ s=0.025 x2                0.10835 0.10043 0.13596   156.1s
    F1 e4m3 group-LDLQ s=0.025 x2 + H16-LS       0.10753 0.09974 0.13536   156.1s
    F1 e4m3 group-LDLQ s=0.1 x1                  0.11125 0.10334 0.13826   158.4s
    F1 e4m3 group-LDLQ s=0.1 x1 + H16-LS         0.10855 0.10105 0.13645   158.5s
    F1 e4m3 group-LDLQ s=0.1 x2                  0.10679 0.09939 0.13523   160.8s
    F1 e4m3 group-LDLQ s=0.1 x2 + H16-LS         0.10600 0.09868 0.13467   160.8s
    F1 e4m3 group-LDLQ s=1.0 x1                  0.10620 0.10009 0.13598   163.1s
    F1 e4m3 group-LDLQ s=1.0 x1 + H16-LS         0.10288 0.09723 0.13369   163.1s
    F1 e4m3 group-LDLQ s=1.0 x2                  0.10118 0.09553 0.13229   165.4s
    F1 e4m3 group-LDLQ s=1.0 x2 + H16-LS         0.10054 0.09487 0.13179   165.4s
    F2 e4m3 full-LDLQ s=0.025                    0.11397 0.09960 0.13545   173.9s
    F2 e4m3 full-LDLQ s=0.1                      0.11177 0.09765 0.13415   182.3s
    F2 e4m3 full-LDLQ s=1.0                      0.10811 0.09453 0.13179   190.7s

== L5 up_proj (2048, 4096)  act leg served 0.09552 amax 0.09449  (fit 128 / held-out 128 tokens)
    arm                                               wt     out    W4A4
    P0 s6b h=1.00 (artifact)                     0.10808 0.10881 0.14438     0.6s
    P1 s6b h=0.89                                0.11535 0.11633 0.15094     1.1s
    P1 s6b h=0.94                                0.11070 0.11162 0.14748     1.5s
    P1 s6b h=0.97                                0.10767 0.10837 0.14421     1.9s
    P1 s6b h=1.05                                0.11737 0.11810 0.15092     2.4s
    P1 s6b h=1.10                                0.12531 0.12606 0.15687     2.8s
    P1 s6b h=1.20                                0.15143 0.15237 0.17780     3.2s
    P1 s6b nearest-mantissa                      0.10347 0.10455 0.14156     3.7s
    P2 e4m3 flat h=1.00                          0.10432 0.10516 0.14202     4.1s
    P2 e4m3 flat h=0.89                          0.12558 0.12643 0.15919     4.5s
    P2 e4m3 flat h=0.94                          0.11090 0.11166 0.14761     5.0s
    P2 e4m3 flat h=0.97                          0.10470 0.10551 0.14258     5.4s
    P2 e4m3 flat h=1.05                          0.10435 0.10499 0.14120     5.9s
    P2 e4m3 flat h=1.10                          0.11437 0.11531 0.14828     6.3s
    P2 e4m3 flat h=1.20                          0.13897 0.13973 0.16754     6.7s
    P3 e8m0-only t=1.00                          0.13534 0.13624 0.16694     7.2s
    P3 e8m0-only t=1.19                          0.12922 0.13034 0.16195     7.6s
    P3 e8m0-only t=1.41                          0.13035 0.13142 0.16262     8.1s
    P3 e8m0-only t=1.68                          0.14980 0.15097 0.17814     8.5s
    P3 e8m0-only t=2.00                          0.22518 0.22628 0.24331     8.9s
    R s6b LS plain -> s6b x1                     0.10135 0.10200 0.13943     9.8s
    R s6b LS plain -> s6b x2                     0.09985 0.10030 0.13822    10.3s
    R s6b LS plain -> s6b x3                     0.09934 0.09993 0.13806    10.7s
    R s6b LS plain -> s6b x4                     0.09912 0.09962 0.13784    11.1s
    R s6b LS plain -> s6b x5                     0.09902 0.09952 0.13776    11.6s
    R s6b LS plain -> fp32 x1                    0.09894 0.09961 0.13750    12.5s
    R s6b LS plain -> fp32 x2                    0.09649 0.09717 0.13595    12.9s
    R s6b LS plain -> fp32 x3                    0.09566 0.09626 0.13538    13.3s
    R s6b LS plain -> fp32 x4                    0.09534 0.09573 0.13502    13.8s
    R s6b LS plain -> fp32 x5                    0.09520 0.09560 0.13494    14.2s
    R s6b LS H16 s=0.025 -> s6b x1               0.10157 0.10148 0.13900    15.1s
    R s6b LS H16 s=0.025 -> s6b x2               0.10010 0.10010 0.13789    15.6s
    R s6b LS H16 s=0.025 -> s6b x3               0.09955 0.09940 0.13754    16.0s
    R s6b LS H16 s=0.025 -> s6b x4               0.09930 0.09903 0.13728    16.4s
    R s6b LS H16 s=0.025 -> s6b x5               0.09918 0.09890 0.13716    16.9s
    R s6b LS H16 s=0.1 -> s6b x1                 0.10154 0.10153 0.13905    17.8s
    R s6b LS H16 s=0.1 -> s6b x2                 0.10006 0.10005 0.13790    18.2s
    R s6b LS H16 s=0.1 -> s6b x3                 0.09951 0.09957 0.13761    18.7s
    R s6b LS H16 s=0.1 -> s6b x4                 0.09927 0.09915 0.13730    19.1s
    R s6b LS H16 s=0.1 -> s6b x5                 0.09915 0.09900 0.13720    19.5s
    R s6b LS H16 s=1.0 -> s6b x1                 0.10141 0.10178 0.13932    20.4s
    R s6b LS H16 s=1.0 -> s6b x2                 0.09991 0.10016 0.13813    20.9s
    R s6b LS H16 s=1.0 -> s6b x3                 0.09936 0.09968 0.13777    21.3s
    R s6b LS H16 s=1.0 -> s6b x4                 0.09914 0.09935 0.13756    21.7s
    R s6b LS H16 s=1.0 -> s6b x5                 0.09904 0.09922 0.13747    22.2s
    R e4m3 LS plain -> e4m3 x1                   0.09897 0.09980 0.13797    23.1s
    R e4m3 LS plain -> e4m3 x2                   0.09820 0.09884 0.13737    23.5s
    R e4m3 LS plain -> e4m3 x3                   0.09799 0.09862 0.13719    23.9s
    R e4m3 LS plain -> e4m3 x4                   0.09791 0.09861 0.13718    24.4s
    R e4m3 LS plain -> e4m3 x5                   0.09789 0.09855 0.13716    24.8s
    R e4m3 LS H16 s=0.025 -> e4m3 x1             0.09925 0.09963 0.13789    25.7s
    R e4m3 LS H16 s=0.025 -> e4m3 x2             0.09851 0.09875 0.13716    26.1s
    R e4m3 LS H16 s=0.025 -> e4m3 x3             0.09826 0.09832 0.13680    26.6s
    R e4m3 LS H16 s=0.025 -> e4m3 x4             0.09816 0.09824 0.13673    27.0s
    R e4m3 LS H16 s=0.025 -> e4m3 x5             0.09812 0.09824 0.13676    27.5s
    R e4m3 LS H16 s=0.1 -> e4m3 x1               0.09922 0.09971 0.13790    28.3s
    R e4m3 LS H16 s=0.1 -> e4m3 x2               0.09846 0.09886 0.13721    28.8s
    R e4m3 LS H16 s=0.1 -> e4m3 x3               0.09822 0.09841 0.13698    29.2s
    R e4m3 LS H16 s=0.1 -> e4m3 x4               0.09812 0.09820 0.13682    29.7s
    R e4m3 LS H16 s=0.1 -> e4m3 x5               0.09808 0.09828 0.13684    30.1s
    R e4m3 LS H16 s=1.0 -> e4m3 x1               0.09905 0.09986 0.13798    31.0s
    R e4m3 LS H16 s=1.0 -> e4m3 x2               0.09827 0.09917 0.13756    31.4s
    R e4m3 LS H16 s=1.0 -> e4m3 x3               0.09805 0.09890 0.13737    31.9s
    R e4m3 LS H16 s=1.0 -> e4m3 x4               0.09797 0.09880 0.13729    32.3s
    R e4m3 LS H16 s=1.0 -> e4m3 x5               0.09794 0.09877 0.13724    32.7s
    R e8m0 LS plain -> e8m0 x1                   0.12922 0.13034 0.16195    33.6s
    R e8m0 LS plain -> e8m0 x2                   0.12922 0.13034 0.16195    34.0s
    R e8m0 LS plain -> e8m0 x3                   0.12922 0.13034 0.16195    34.5s
    R e8m0 LS plain -> e8m0 x4                   0.12922 0.13034 0.16195    34.9s
    R e8m0 LS plain -> e8m0 x5                   0.12922 0.13034 0.16195    35.4s
    R e8m0 LS H16 s=0.025 -> e8m0 x1             0.12922 0.13034 0.16195    36.2s
    R e8m0 LS H16 s=0.025 -> e8m0 x2             0.12922 0.13034 0.16195    36.7s
    R e8m0 LS H16 s=0.025 -> e8m0 x3             0.12922 0.13034 0.16195    37.1s
    R e8m0 LS H16 s=0.025 -> e8m0 x4             0.12922 0.13034 0.16195    37.6s
    R e8m0 LS H16 s=0.025 -> e8m0 x5             0.12922 0.13034 0.16195    38.0s
    R e8m0 LS H16 s=0.1 -> e8m0 x1               0.12922 0.13034 0.16195    38.9s
    R e8m0 LS H16 s=0.1 -> e8m0 x2               0.12922 0.13034 0.16195    39.3s
    R e8m0 LS H16 s=0.1 -> e8m0 x3               0.12922 0.13034 0.16195    39.8s
    R e8m0 LS H16 s=0.1 -> e8m0 x4               0.12922 0.13034 0.16195    40.2s
    R e8m0 LS H16 s=0.1 -> e8m0 x5               0.12922 0.13034 0.16195    40.6s
    R e8m0 LS H16 s=1.0 -> e8m0 x1               0.12922 0.13034 0.16195    41.5s
    R e8m0 LS H16 s=1.0 -> e8m0 x2               0.12922 0.13034 0.16195    42.0s
    R e8m0 LS H16 s=1.0 -> e8m0 x3               0.12922 0.13034 0.16195    42.4s
    R e8m0 LS H16 s=1.0 -> e8m0 x4               0.12922 0.13034 0.16195    42.8s
    R e8m0 LS H16 s=1.0 -> e8m0 x5               0.12922 0.13034 0.16195    43.3s
    M L=2 on s6b                                 0.09972 0.09997 0.13794    43.7s
    M L=2 on s6b + H16-LS x1                     0.09194 0.09206 0.13222    44.5s
    M L=2 on e8m0                                0.11971 0.12087 0.15462    44.9s
    M L=2 on e8m0 + H16-LS x1                    0.11971 0.12087 0.15462    45.7s
    F1 s6b group-LDLQ s=0.025 x1                 0.11683 0.11213 0.14682    48.0s
    F1 s6b group-LDLQ s=0.025 x1 + H16-LS        0.11335 0.10906 0.14464    48.0s
    F1 s6b group-LDLQ s=0.025 x2                 0.11094 0.10660 0.14284    50.3s
    F1 s6b group-LDLQ s=0.025 x2 + H16-LS        0.10963 0.10549 0.14202    50.3s
    F1 s6b group-LDLQ s=0.1 x1                   0.11534 0.11089 0.14588    52.7s
    F1 s6b group-LDLQ s=0.1 x1 + H16-LS          0.11171 0.10776 0.14365    52.7s
    F1 s6b group-LDLQ s=0.1 x2                   0.10932 0.10520 0.14182    55.0s
    F1 s6b group-LDLQ s=0.1 x2 + H16-LS          0.10802 0.10399 0.14089    55.0s
    F1 s6b group-LDLQ s=1.0 x1                   0.11015 0.10741 0.14317    57.8s
    F1 s6b group-LDLQ s=1.0 x1 + H16-LS          0.10580 0.10339 0.14026    57.8s
    F1 s6b group-LDLQ s=1.0 x2                   0.10362 0.10100 0.13846    61.2s
    F1 s6b group-LDLQ s=1.0 x2 + H16-LS          0.10245 0.09979 0.13760    61.2s
    F2 s6b full-LDLQ s=0.025                     0.11779 0.10698 0.14301    71.0s
    F2 s6b full-LDLQ s=0.1                       0.11553 0.10475 0.14142    79.5s
    F2 s6b full-LDLQ s=1.0                       0.11186 0.10177 0.13908    88.1s
    F1 e4m3 group-LDLQ s=0.025 x1                0.11275 0.10849 0.14433    90.5s
    F1 e4m3 group-LDLQ s=0.025 x1 + H16-LS       0.11019 0.10633 0.14250    90.5s
    F1 e4m3 group-LDLQ s=0.025 x2                0.10837 0.10450 0.14122    93.0s
    F1 e4m3 group-LDLQ s=0.025 x2 + H16-LS       0.10755 0.10384 0.14079    93.0s
    F1 e4m3 group-LDLQ s=0.1 x1                  0.11126 0.10714 0.14326    95.5s
    F1 e4m3 group-LDLQ s=0.1 x1 + H16-LS         0.10859 0.10500 0.14146    95.5s
    F1 e4m3 group-LDLQ s=0.1 x2                  0.10681 0.10299 0.14018    98.0s
    F1 e4m3 group-LDLQ s=0.1 x2 + H16-LS         0.10602 0.10229 0.13964    98.0s
    F1 e4m3 group-LDLQ s=1.0 x1                  0.10619 0.10389 0.14113   100.4s
    F1 e4m3 group-LDLQ s=1.0 x1 + H16-LS         0.10291 0.10071 0.13859   100.4s
    F1 e4m3 group-LDLQ s=1.0 x2                  0.10120 0.09885 0.13708   102.9s
    F1 e4m3 group-LDLQ s=1.0 x2 + H16-LS         0.10055 0.09830 0.13661   102.9s
    F2 e4m3 full-LDLQ s=0.025                    0.11392 0.10350 0.14053   111.4s
    F2 e4m3 full-LDLQ s=0.1                      0.11168 0.10147 0.13921   119.9s
    F2 e4m3 full-LDLQ s=1.0                      0.10805 0.09835 0.13686   128.4s

== L20 gate_proj (2048, 4096)  act leg served 0.08675 amax 0.08576  (fit 128 / held-out 128 tokens)
    arm                                               wt     out    W4A4
    P0 s6b h=1.00 (artifact)                     0.10751 0.09786 0.13033     0.8s
    P1 s6b h=0.89                                0.11555 0.10542 0.13704     1.5s
    P1 s6b h=0.94                                0.11096 0.10098 0.13316     2.2s
    P1 s6b h=0.97                                0.10699 0.09729 0.13000     2.9s
    P1 s6b h=1.05                                0.11696 0.10654 0.13678     3.6s
    P1 s6b h=1.10                                0.12586 0.11587 0.14391     4.3s
    P1 s6b h=1.20                                0.15158 0.14075 0.16405     5.0s
    P1 s6b nearest-mantissa                      0.10327 0.09367 0.12737     5.7s
    P2 e4m3 flat h=1.00                          0.10440 0.09466 0.12815     6.4s
    P2 e4m3 flat h=0.89                          0.12630 0.11537 0.14474     7.1s
    P2 e4m3 flat h=0.94                          0.11012 0.10056 0.13305     7.8s
    P2 e4m3 flat h=0.97                          0.10497 0.09551 0.12916     8.5s
    P2 e4m3 flat h=1.05                          0.10358 0.09412 0.12745     9.2s
    P2 e4m3 flat h=1.10                          0.11479 0.10537 0.13551    10.0s
    P2 e4m3 flat h=1.20                          0.13611 0.12577 0.15177    11.0s
    P3 e8m0-only t=1.00                          0.13542 0.12324 0.15134    11.9s
    P3 e8m0-only t=1.19                          0.13030 0.11901 0.14792    12.9s
    P3 e8m0-only t=1.41                          0.13216 0.12026 0.14863    13.8s
    P3 e8m0-only t=1.68                          0.15874 0.14452 0.16818    14.2s
    P3 e8m0-only t=2.00                          0.22991 0.21490 0.23010    15.1s
    R s6b LS plain -> s6b x1                     0.10149 0.09245 0.12641    17.1s
    R s6b LS plain -> s6b x2                     0.10014 0.09133 0.12566    18.0s
    R s6b LS plain -> s6b x3                     0.09965 0.09094 0.12539    18.4s
    R s6b LS plain -> s6b x4                     0.09945 0.09067 0.12521    19.2s
    R s6b LS plain -> s6b x5                     0.09937 0.09057 0.12513    20.2s
    R s6b LS plain -> fp32 x1                    0.09904 0.09013 0.12467    22.1s
    R s6b LS plain -> fp32 x2                    0.09670 0.08803 0.12325    22.6s
    R s6b LS plain -> fp32 x3                    0.09590 0.08729 0.12279    23.1s
    R s6b LS plain -> fp32 x4                    0.09558 0.08705 0.12264    24.1s
    R s6b LS plain -> fp32 x5                    0.09545 0.08701 0.12259    25.1s
    R s6b LS H16 s=0.025 -> s6b x1               0.10176 0.09235 0.12636    27.1s
    R s6b LS H16 s=0.025 -> s6b x2               0.10045 0.09102 0.12549    28.0s
    R s6b LS H16 s=0.025 -> s6b x3               0.09994 0.09068 0.12522    29.0s
    R s6b LS H16 s=0.025 -> s6b x4               0.09970 0.09042 0.12496    30.0s
    R s6b LS H16 s=0.025 -> s6b x5               0.09958 0.09010 0.12472    31.0s
    R s6b LS H16 s=0.1 -> s6b x1                 0.10172 0.09225 0.12628    33.0s
    R s6b LS H16 s=0.1 -> s6b x2                 0.10040 0.09096 0.12533    34.0s
    R s6b LS H16 s=0.1 -> s6b x3                 0.09990 0.09042 0.12497    35.0s
    R s6b LS H16 s=0.1 -> s6b x4                 0.09967 0.09024 0.12484    36.0s
    R s6b LS H16 s=0.1 -> s6b x5                 0.09955 0.09012 0.12479    37.0s
    R s6b LS H16 s=1.0 -> s6b x1                 0.10156 0.09216 0.12622    38.7s
    R s6b LS H16 s=1.0 -> s6b x2                 0.10020 0.09107 0.12543    39.4s
    R s6b LS H16 s=1.0 -> s6b x3                 0.09971 0.09039 0.12491    40.1s
    R s6b LS H16 s=1.0 -> s6b x4                 0.09950 0.09022 0.12469    40.8s
    R s6b LS H16 s=1.0 -> s6b x5                 0.09941 0.09016 0.12464    41.5s
    R e4m3 LS plain -> e4m3 x1                   0.09908 0.09031 0.12486    42.9s
    R e4m3 LS plain -> e4m3 x2                   0.09832 0.08965 0.12423    43.6s
    R e4m3 LS plain -> e4m3 x3                   0.09810 0.08932 0.12402    44.3s
    R e4m3 LS plain -> e4m3 x4                   0.09803 0.08920 0.12395    45.1s
    R e4m3 LS plain -> e4m3 x5                   0.09801 0.08920 0.12393    45.8s
    R e4m3 LS H16 s=0.025 -> e4m3 x1             0.09942 0.09012 0.12471    47.2s
    R e4m3 LS H16 s=0.025 -> e4m3 x2             0.09870 0.08937 0.12415    47.9s
    R e4m3 LS H16 s=0.025 -> e4m3 x3             0.09846 0.08928 0.12403    48.6s
    R e4m3 LS H16 s=0.025 -> e4m3 x4             0.09836 0.08901 0.12379    49.3s
    R e4m3 LS H16 s=0.025 -> e4m3 x5             0.09831 0.08897 0.12371    50.1s
    R e4m3 LS H16 s=0.1 -> e4m3 x1               0.09938 0.09001 0.12459    51.5s
    R e4m3 LS H16 s=0.1 -> e4m3 x2               0.09864 0.08923 0.12395    52.2s
    R e4m3 LS H16 s=0.1 -> e4m3 x3               0.09841 0.08887 0.12371    52.9s
    R e4m3 LS H16 s=0.1 -> e4m3 x4               0.09831 0.08882 0.12360    53.6s
    R e4m3 LS H16 s=0.1 -> e4m3 x5               0.09827 0.08874 0.12358    54.4s
    R e4m3 LS H16 s=1.0 -> e4m3 x1               0.09918 0.09013 0.12463    55.8s
    R e4m3 LS H16 s=1.0 -> e4m3 x2               0.09840 0.08936 0.12406    56.5s
    R e4m3 LS H16 s=1.0 -> e4m3 x3               0.09818 0.08911 0.12389    57.2s
    R e4m3 LS H16 s=1.0 -> e4m3 x4               0.09810 0.08920 0.12400    57.9s
    R e4m3 LS H16 s=1.0 -> e4m3 x5               0.09807 0.08912 0.12398    58.7s
    R e8m0 LS plain -> e8m0 x1                   0.13030 0.11901 0.14792    60.1s
    R e8m0 LS plain -> e8m0 x2                   0.13030 0.11901 0.14792    60.8s
    R e8m0 LS plain -> e8m0 x3                   0.13030 0.11901 0.14792    61.5s
    R e8m0 LS plain -> e8m0 x4                   0.13030 0.11901 0.14792    62.2s
    R e8m0 LS plain -> e8m0 x5                   0.13030 0.11901 0.14792    62.9s
    R e8m0 LS H16 s=0.025 -> e8m0 x1             0.13030 0.11901 0.14792    64.3s
    R e8m0 LS H16 s=0.025 -> e8m0 x2             0.13030 0.11901 0.14792    65.0s
    R e8m0 LS H16 s=0.025 -> e8m0 x3             0.13030 0.11901 0.14792    65.7s
    R e8m0 LS H16 s=0.025 -> e8m0 x4             0.13030 0.11901 0.14792    66.4s
    R e8m0 LS H16 s=0.025 -> e8m0 x5             0.13030 0.11901 0.14792    67.1s
    R e8m0 LS H16 s=0.1 -> e8m0 x1               0.13030 0.11901 0.14792    68.5s
    R e8m0 LS H16 s=0.1 -> e8m0 x2               0.13030 0.11901 0.14792    69.3s
    R e8m0 LS H16 s=0.1 -> e8m0 x3               0.13030 0.11901 0.14792    70.0s
    R e8m0 LS H16 s=0.1 -> e8m0 x4               0.13030 0.11901 0.14792    70.7s
    R e8m0 LS H16 s=0.1 -> e8m0 x5               0.13030 0.11901 0.14792    71.4s
    R e8m0 LS H16 s=1.0 -> e8m0 x1               0.13030 0.11901 0.14792    72.8s
    R e8m0 LS H16 s=1.0 -> e8m0 x2               0.13030 0.11901 0.14792    73.5s
    R e8m0 LS H16 s=1.0 -> e8m0 x3               0.13030 0.11901 0.14792    74.2s
    R e8m0 LS H16 s=1.0 -> e8m0 x4               0.13030 0.11901 0.14792    74.9s
    R e8m0 LS H16 s=1.0 -> e8m0 x5               0.13030 0.11901 0.14792    75.6s
    M L=2 on s6b                                 0.09907 0.09024 0.12484    76.3s
    M L=2 on s6b + H16-LS x1                     0.09231 0.08349 0.12022    77.6s
    M L=2 on e8m0                                0.12145 0.11086 0.14169    78.3s
    M L=2 on e8m0 + H16-LS x1                    0.12145 0.11086 0.14169    79.6s
    F1 s6b group-LDLQ s=0.025 x1                 0.11683 0.09905 0.13103    82.1s
    F1 s6b group-LDLQ s=0.025 x1 + H16-LS        0.11380 0.09662 0.12924    82.1s
    F1 s6b group-LDLQ s=0.025 x2                 0.11154 0.09471 0.12790    84.5s
    F1 s6b group-LDLQ s=0.025 x2 + H16-LS        0.11038 0.09374 0.12720    84.5s
    F1 s6b group-LDLQ s=0.1 x1                   0.11519 0.09795 0.13038    87.0s
    F1 s6b group-LDLQ s=0.1 x1 + H16-LS          0.11203 0.09536 0.12850    87.0s
    F1 s6b group-LDLQ s=0.1 x2                   0.10983 0.09331 0.12712    89.5s
    F1 s6b group-LDLQ s=0.1 x2 + H16-LS          0.10869 0.09243 0.12654    89.5s
    F1 s6b group-LDLQ s=1.0 x1                   0.10977 0.09524 0.12827    91.9s
    F1 s6b group-LDLQ s=1.0 x1 + H16-LS          0.10596 0.09189 0.12588    91.9s
    F1 s6b group-LDLQ s=1.0 x2                   0.10392 0.09047 0.12481    94.4s
    F1 s6b group-LDLQ s=1.0 x2 + H16-LS          0.10286 0.08956 0.12418    94.4s
    F2 s6b full-LDLQ s=0.025                     0.11715 0.09162 0.12561   102.8s
    F2 s6b full-LDLQ s=0.1                       0.11494 0.09012 0.12456   111.3s
    F2 s6b full-LDLQ s=1.0                       0.11129 0.08755 0.12267   120.8s
    F1 e4m3 group-LDLQ s=0.025 x1                0.11334 0.09601 0.12916   123.9s
    F1 e4m3 group-LDLQ s=0.025 x1 + H16-LS       0.11087 0.09421 0.12764   123.9s
    F1 e4m3 group-LDLQ s=0.025 x2                0.10914 0.09268 0.12668   126.8s
    F1 e4m3 group-LDLQ s=0.025 x2 + H16-LS       0.10838 0.09220 0.12628   126.8s
    F1 e4m3 group-LDLQ s=0.1 x1                  0.11177 0.09510 0.12857   130.2s
    F1 e4m3 group-LDLQ s=0.1 x1 + H16-LS         0.10918 0.09298 0.12683   130.2s
    F1 e4m3 group-LDLQ s=0.1 x2                  0.10742 0.09156 0.12579   133.5s
    F1 e4m3 group-LDLQ s=0.1 x2 + H16-LS         0.10668 0.09112 0.12549   133.5s
    F1 e4m3 group-LDLQ s=1.0 x1                  0.10649 0.09257 0.12654   136.8s
    F1 e4m3 group-LDLQ s=1.0 x1 + H16-LS         0.10324 0.08996 0.12445   136.8s
    F1 e4m3 group-LDLQ s=1.0 x2                  0.10156 0.08845 0.12341   139.4s
    F1 e4m3 group-LDLQ s=1.0 x2 + H16-LS         0.10092 0.08784 0.12296   139.4s
    F2 e4m3 full-LDLQ s=0.025                    0.11391 0.08942 0.12459   147.9s
    F2 e4m3 full-LDLQ s=0.1                      0.11170 0.08760 0.12316   156.4s
    F2 e4m3 full-LDLQ s=1.0                      0.10807 0.08497 0.12148   164.9s

== L20 up_proj (2048, 4096)  act leg served 0.09220 amax 0.09129  (fit 128 / held-out 128 tokens)
    arm                                               wt     out    W4A4
    P0 s6b h=1.00 (artifact)                     0.10760 0.10378 0.13835     0.8s
    P1 s6b h=0.89                                0.11584 0.11235 0.14550     1.5s
    P1 s6b h=0.94                                0.11117 0.10715 0.14150     2.2s
    P1 s6b h=0.97                                0.10714 0.10322 0.13810     2.9s
    P1 s6b h=1.05                                0.11698 0.11338 0.14512     3.6s
    P1 s6b h=1.10                                0.12607 0.12231 0.15202     4.3s
    P1 s6b h=1.20                                0.15176 0.14739 0.17240     5.0s
    P1 s6b nearest-mantissa                      0.10314 0.09945 0.13536     5.7s
    P2 e4m3 flat h=1.00                          0.10424 0.10032 0.13596     6.4s
    P2 e4m3 flat h=0.89                          0.12615 0.12224 0.15396     7.1s
    P2 e4m3 flat h=0.94                          0.11013 0.10631 0.14125     7.8s
    P2 e4m3 flat h=0.97                          0.10491 0.10109 0.13696     8.5s
    P2 e4m3 flat h=1.05                          0.10349 0.09981 0.13514     9.2s
    P2 e4m3 flat h=1.10                          0.11473 0.11165 0.14350     9.9s
    P2 e4m3 flat h=1.20                          0.13628 0.13230 0.15984    10.6s
    P3 e8m0-only t=1.00                          0.13615 0.13205 0.16118    11.3s
    P3 e8m0-only t=1.19                          0.13095 0.12672 0.15715    12.0s
    P3 e8m0-only t=1.41                          0.13233 0.12760 0.15721    12.7s
    P3 e8m0-only t=1.68                          0.15881 0.15363 0.17834    13.4s
    P3 e8m0-only t=2.00                          0.23048 0.22391 0.24024    14.1s
    R s6b LS plain -> s6b x1                     0.10155 0.09806 0.13431    15.5s
    R s6b LS plain -> s6b x2                     0.10016 0.09670 0.13336    16.2s
    R s6b LS plain -> s6b x3                     0.09967 0.09629 0.13297    16.9s
    R s6b LS plain -> s6b x4                     0.09947 0.09604 0.13277    17.6s
    R s6b LS plain -> s6b x5                     0.09938 0.09592 0.13270    18.3s
    R s6b LS plain -> fp32 x1                    0.09908 0.09558 0.13247    19.7s
    R s6b LS plain -> fp32 x2                    0.09670 0.09328 0.13097    20.4s
    R s6b LS plain -> fp32 x3                    0.09587 0.09263 0.13053    21.1s
    R s6b LS plain -> fp32 x4                    0.09554 0.09234 0.13032    21.8s
    R s6b LS plain -> fp32 x5                    0.09540 0.09217 0.13021    22.5s
    R s6b LS H16 s=0.025 -> s6b x1               0.10182 0.09756 0.13381    23.9s
    R s6b LS H16 s=0.025 -> s6b x2               0.10046 0.09622 0.13301    24.6s
    R s6b LS H16 s=0.025 -> s6b x3               0.09995 0.09576 0.13259    25.3s
    R s6b LS H16 s=0.025 -> s6b x4               0.09970 0.09558 0.13251    26.0s
    R s6b LS H16 s=0.025 -> s6b x5               0.09957 0.09538 0.13240    26.7s
    R s6b LS H16 s=0.1 -> s6b x1                 0.10178 0.09763 0.13390    28.1s
    R s6b LS H16 s=0.1 -> s6b x2                 0.10042 0.09612 0.13292    28.8s
    R s6b LS H16 s=0.1 -> s6b x3                 0.09991 0.09550 0.13250    29.5s
    R s6b LS H16 s=0.1 -> s6b x4                 0.09966 0.09529 0.13220    30.2s
    R s6b LS H16 s=0.1 -> s6b x5                 0.09954 0.09521 0.13219    30.9s
    R s6b LS H16 s=1.0 -> s6b x1                 0.10162 0.09764 0.13389    32.3s
    R s6b LS H16 s=1.0 -> s6b x2                 0.10023 0.09624 0.13285    33.0s
    R s6b LS H16 s=1.0 -> s6b x3                 0.09971 0.09590 0.13270    33.7s
    R s6b LS H16 s=1.0 -> s6b x4                 0.09949 0.09555 0.13247    34.4s
    R s6b LS H16 s=1.0 -> s6b x5                 0.09939 0.09546 0.13243    35.2s
    R e4m3 LS plain -> e4m3 x1                   0.09892 0.09531 0.13235    36.6s
    R e4m3 LS plain -> e4m3 x2                   0.09819 0.09428 0.13159    37.2s
    R e4m3 LS plain -> e4m3 x3                   0.09798 0.09417 0.13152    38.0s
    R e4m3 LS plain -> e4m3 x4                   0.09791 0.09410 0.13148    38.7s
    R e4m3 LS plain -> e4m3 x5                   0.09788 0.09411 0.13149    39.4s
    R e4m3 LS H16 s=0.025 -> e4m3 x1             0.09928 0.09523 0.13224    40.8s
    R e4m3 LS H16 s=0.025 -> e4m3 x2             0.09857 0.09425 0.13151    41.5s
    R e4m3 LS H16 s=0.025 -> e4m3 x3             0.09835 0.09409 0.13143    42.2s
    R e4m3 LS H16 s=0.025 -> e4m3 x4             0.09826 0.09383 0.13115    42.9s
    R e4m3 LS H16 s=0.025 -> e4m3 x5             0.09821 0.09384 0.13114    43.6s
    R e4m3 LS H16 s=0.1 -> e4m3 x1               0.09924 0.09512 0.13214    45.0s
    R e4m3 LS H16 s=0.1 -> e4m3 x2               0.09852 0.09421 0.13138    45.8s
    R e4m3 LS H16 s=0.1 -> e4m3 x3               0.09830 0.09408 0.13132    46.5s
    R e4m3 LS H16 s=0.1 -> e4m3 x4               0.09821 0.09398 0.13114    47.2s
    R e4m3 LS H16 s=0.1 -> e4m3 x5               0.09816 0.09390 0.13108    47.9s
    R e4m3 LS H16 s=1.0 -> e4m3 x1               0.09903 0.09491 0.13213    49.3s
    R e4m3 LS H16 s=1.0 -> e4m3 x2               0.09829 0.09396 0.13133    50.0s
    R e4m3 LS H16 s=1.0 -> e4m3 x3               0.09807 0.09379 0.13114    50.7s
    R e4m3 LS H16 s=1.0 -> e4m3 x4               0.09799 0.09374 0.13111    51.6s
    R e4m3 LS H16 s=1.0 -> e4m3 x5               0.09796 0.09364 0.13105    52.6s
    R e8m0 LS plain -> e8m0 x1                   0.13095 0.12672 0.15715    54.6s
    R e8m0 LS plain -> e8m0 x2                   0.13095 0.12672 0.15715    55.2s
    R e8m0 LS plain -> e8m0 x3                   0.13095 0.12672 0.15715    55.8s
    R e8m0 LS plain -> e8m0 x4                   0.13095 0.12672 0.15715    56.8s
    R e8m0 LS plain -> e8m0 x5                   0.13095 0.12672 0.15715    57.7s
    R e8m0 LS H16 s=0.025 -> e8m0 x1             0.13095 0.12672 0.15715    59.4s
    R e8m0 LS H16 s=0.025 -> e8m0 x2             0.13095 0.12672 0.15715    59.9s
    R e8m0 LS H16 s=0.025 -> e8m0 x3             0.13095 0.12672 0.15715    60.9s
    R e8m0 LS H16 s=0.025 -> e8m0 x4             0.13095 0.12672 0.15715    61.8s
    R e8m0 LS H16 s=0.025 -> e8m0 x5             0.13095 0.12672 0.15715    62.8s
    R e8m0 LS H16 s=0.1 -> e8m0 x1               0.13095 0.12672 0.15715    63.9s
    R e8m0 LS H16 s=0.1 -> e8m0 x2               0.13095 0.12672 0.15715    64.6s
    R e8m0 LS H16 s=0.1 -> e8m0 x3               0.13095 0.12672 0.15715    65.5s
    R e8m0 LS H16 s=0.1 -> e8m0 x4               0.13095 0.12672 0.15715    66.5s
    R e8m0 LS H16 s=0.1 -> e8m0 x5               0.13095 0.12672 0.15715    67.5s
    R e8m0 LS H16 s=1.0 -> e8m0 x1               0.13095 0.12672 0.15715    69.5s
    R e8m0 LS H16 s=1.0 -> e8m0 x2               0.13095 0.12672 0.15715    70.5s
    R e8m0 LS H16 s=1.0 -> e8m0 x3               0.13095 0.12672 0.15715    71.5s
    R e8m0 LS H16 s=1.0 -> e8m0 x4               0.13095 0.12672 0.15715    72.5s
    R e8m0 LS H16 s=1.0 -> e8m0 x5               0.13095 0.12672 0.15715    73.5s
    M L=2 on s6b                                 0.09917 0.09549 0.13222    74.4s
    M L=2 on s6b + H16-LS x1                     0.09238 0.08869 0.12763    76.2s
    M L=2 on e8m0                                0.12210 0.11812 0.15039    77.1s
    M L=2 on e8m0 + H16-LS x1                    0.12210 0.11812 0.15039    79.0s
    F1 s6b group-LDLQ s=0.025 x1                 0.11692 0.10510 0.13933    81.5s
    F1 s6b group-LDLQ s=0.025 x1 + H16-LS        0.11387 0.10276 0.13758    81.5s
    F1 s6b group-LDLQ s=0.025 x2                 0.11158 0.10064 0.13580    84.0s
    F1 s6b group-LDLQ s=0.025 x2 + H16-LS        0.11040 0.09971 0.13520    84.0s
    F1 s6b group-LDLQ s=0.1 x1                   0.11530 0.10398 0.13820    86.4s
    F1 s6b group-LDLQ s=0.1 x1 + H16-LS          0.11211 0.10152 0.13647    86.5s
    F1 s6b group-LDLQ s=0.1 x2                   0.10990 0.09937 0.13506    88.9s
    F1 s6b group-LDLQ s=0.1 x2 + H16-LS          0.10873 0.09844 0.13436    88.9s
    F1 s6b group-LDLQ s=1.0 x1                   0.10985 0.10119 0.13642    91.4s
    F1 s6b group-LDLQ s=1.0 x1 + H16-LS          0.10600 0.09785 0.13408    91.4s
    F1 s6b group-LDLQ s=1.0 x2                   0.10398 0.09607 0.13279    93.9s
    F1 s6b group-LDLQ s=1.0 x2 + H16-LS          0.10290 0.09514 0.13215    93.9s
    F2 s6b full-LDLQ s=0.025                     0.11721 0.09780 0.13387   102.4s
    F2 s6b full-LDLQ s=0.1                       0.11504 0.09567 0.13229   110.9s
    F2 s6b full-LDLQ s=1.0                       0.11139 0.09282 0.13031   119.3s
    F1 e4m3 group-LDLQ s=0.025 x1                0.11314 0.10182 0.13723   121.8s
    F1 e4m3 group-LDLQ s=0.025 x1 + H16-LS       0.11070 0.10007 0.13578   121.8s
    F1 e4m3 group-LDLQ s=0.025 x2                0.10896 0.09822 0.13429   124.3s
    F1 e4m3 group-LDLQ s=0.025 x2 + H16-LS       0.10821 0.09757 0.13381   124.3s
    F1 e4m3 group-LDLQ s=0.1 x1                  0.11163 0.10068 0.13628   126.7s
    F1 e4m3 group-LDLQ s=0.1 x1 + H16-LS         0.10905 0.09880 0.13475   126.7s
    F1 e4m3 group-LDLQ s=0.1 x2                  0.10726 0.09728 0.13365   129.2s
    F1 e4m3 group-LDLQ s=0.1 x2 + H16-LS         0.10651 0.09671 0.13316   129.2s
    F1 e4m3 group-LDLQ s=1.0 x1                  0.10631 0.09797 0.13422   131.7s
    F1 e4m3 group-LDLQ s=1.0 x1 + H16-LS         0.10306 0.09525 0.13217   131.7s
    F1 e4m3 group-LDLQ s=1.0 x2                  0.10141 0.09359 0.13104   134.1s
    F1 e4m3 group-LDLQ s=1.0 x2 + H16-LS         0.10077 0.09305 0.13060   134.2s
    F2 e4m3 full-LDLQ s=0.025                    0.11373 0.09460 0.13197   142.6s
    F2 e4m3 full-LDLQ s=0.1                      0.11153 0.09277 0.13072   151.3s
    F2 e4m3 full-LDLQ s=1.0                      0.10793 0.09000 0.12870   161.7s

== L42 gate_proj (2048, 4096)  act leg served 0.06309 amax 0.06228  (fit 128 / held-out 128 tokens)
    arm                                               wt     out    W4A4
    P0 s6b h=1.00 (artifact)                     0.10775 0.07271 0.09630     1.4s
    P1 s6b h=0.89                                0.11438 0.07683 0.09957     2.4s
    P1 s6b h=0.94                                0.10942 0.07231 0.09604     3.4s
    P1 s6b h=0.97                                0.10708 0.07120 0.09518     4.4s
    P1 s6b h=1.05                                0.11707 0.08141 0.10310     5.3s
    P1 s6b h=1.10                                0.12388 0.08827 0.10853     6.3s
    P1 s6b h=1.20                                0.15014 0.11187 0.12819     7.3s
    P1 s6b nearest-mantissa                      0.10414 0.06962 0.09396     8.3s
    P2 e4m3 flat h=1.00                          0.10226 0.06801 0.09271     9.3s
    P2 e4m3 flat h=0.89                          0.12691 0.08688 0.10729    10.3s
    P2 e4m3 flat h=0.94                          0.11209 0.07517 0.09803    11.1s
    P2 e4m3 flat h=0.97                          0.10666 0.07082 0.09476    11.8s
    P2 e4m3 flat h=1.05                          0.10675 0.07328 0.09687    12.5s
    P2 e4m3 flat h=1.10                          0.11501 0.08150 0.10317    13.2s
    P2 e4m3 flat h=1.20                          0.14012 0.10585 0.12308    13.9s
    P3 e8m0-only t=1.00                          0.13250 0.08863 0.10874    14.6s
    P3 e8m0-only t=1.19                          0.12570 0.08424 0.10516    15.3s
    P3 e8m0-only t=1.41                          0.12857 0.08534 0.10618    16.0s
    P3 e8m0-only t=1.68                          0.14637 0.09887 0.11719    16.7s
    P3 e8m0-only t=2.00                          0.21593 0.16259 0.17405    17.4s
    R s6b LS plain -> s6b x1                     0.10124 0.06805 0.09270    18.8s
    R s6b LS plain -> s6b x2                     0.09992 0.06748 0.09240    19.5s
    R s6b LS plain -> s6b x3                     0.09947 0.06695 0.09200    20.2s
    R s6b LS plain -> s6b x4                     0.09929 0.06687 0.09197    20.9s
    R s6b LS plain -> s6b x5                     0.09921 0.06673 0.09185    21.6s
    R s6b LS plain -> fp32 x1                    0.09884 0.06627 0.09159    23.0s
    R s6b LS plain -> fp32 x2                    0.09665 0.06482 0.09052    23.7s
    R s6b LS plain -> fp32 x3                    0.09593 0.06437 0.09023    24.4s
    R s6b LS plain -> fp32 x4                    0.09566 0.06418 0.09012    25.1s
    R s6b LS plain -> fp32 x5                    0.09554 0.06405 0.09003    25.8s
    R s6b LS H16 s=0.025 -> s6b x1               0.10177 0.06726 0.09228    27.2s
    R s6b LS H16 s=0.025 -> s6b x2               0.10059 0.06636 0.09156    27.9s
    R s6b LS H16 s=0.025 -> s6b x3               0.10017 0.06612 0.09145    28.6s
    R s6b LS H16 s=0.025 -> s6b x4               0.09996 0.06585 0.09126    29.3s
    R s6b LS H16 s=0.025 -> s6b x5               0.09984 0.06581 0.09124    30.0s
    R s6b LS H16 s=0.1 -> s6b x1                 0.10170 0.06731 0.09234    31.4s
    R s6b LS H16 s=0.1 -> s6b x2                 0.10050 0.06645 0.09168    32.1s
    R s6b LS H16 s=0.1 -> s6b x3                 0.10006 0.06604 0.09143    32.8s
    R s6b LS H16 s=0.1 -> s6b x4                 0.09985 0.06599 0.09137    33.5s
    R s6b LS H16 s=0.1 -> s6b x5                 0.09973 0.06578 0.09121    34.2s
    R s6b LS H16 s=1.0 -> s6b x1                 0.10138 0.06760 0.09246    35.7s
    R s6b LS H16 s=1.0 -> s6b x2                 0.10008 0.06643 0.09168    36.4s
    R s6b LS H16 s=1.0 -> s6b x3                 0.09962 0.06600 0.09139    37.1s
    R s6b LS H16 s=1.0 -> s6b x4                 0.09942 0.06595 0.09136    37.8s
    R s6b LS H16 s=1.0 -> s6b x5                 0.09933 0.06585 0.09125    38.5s
    R e4m3 LS plain -> e4m3 x1                   0.09954 0.06611 0.09143    39.9s
    R e4m3 LS plain -> e4m3 x2                   0.09904 0.06577 0.09113    40.6s
    R e4m3 LS plain -> e4m3 x3                   0.09888 0.06563 0.09102    41.3s
    R e4m3 LS plain -> e4m3 x4                   0.09883 0.06559 0.09101    42.0s
    R e4m3 LS plain -> e4m3 x5                   0.09881 0.06555 0.09100    42.7s
    R e4m3 LS H16 s=0.025 -> e4m3 x1             0.10001 0.06581 0.09119    44.1s
    R e4m3 LS H16 s=0.025 -> e4m3 x2             0.09961 0.06558 0.09103    44.8s
    R e4m3 LS H16 s=0.025 -> e4m3 x3             0.09945 0.06528 0.09084    45.5s
    R e4m3 LS H16 s=0.025 -> e4m3 x4             0.09937 0.06543 0.09098    46.3s
    R e4m3 LS H16 s=0.025 -> e4m3 x5             0.09932 0.06520 0.09083    47.0s
    R e4m3 LS H16 s=0.1 -> e4m3 x1               0.09994 0.06579 0.09119    48.4s
    R e4m3 LS H16 s=0.1 -> e4m3 x2               0.09951 0.06556 0.09103    49.1s
    R e4m3 LS H16 s=0.1 -> e4m3 x3               0.09934 0.06513 0.09073    49.8s
    R e4m3 LS H16 s=0.1 -> e4m3 x4               0.09925 0.06532 0.09083    50.5s
    R e4m3 LS H16 s=0.1 -> e4m3 x5               0.09921 0.06519 0.09075    51.2s
    R e4m3 LS H16 s=1.0 -> e4m3 x1               0.09965 0.06581 0.09122    52.6s
    R e4m3 LS H16 s=1.0 -> e4m3 x2               0.09915 0.06527 0.09082    53.4s
    R e4m3 LS H16 s=1.0 -> e4m3 x3               0.09897 0.06497 0.09066    54.1s
    R e4m3 LS H16 s=1.0 -> e4m3 x4               0.09891 0.06492 0.09061    54.8s
    R e4m3 LS H16 s=1.0 -> e4m3 x5               0.09888 0.06496 0.09060    55.5s
    R e8m0 LS plain -> e8m0 x1                   0.12570 0.08424 0.10516    56.9s
    R e8m0 LS plain -> e8m0 x2                   0.12570 0.08424 0.10516    57.6s
    R e8m0 LS plain -> e8m0 x3                   0.12570 0.08424 0.10516    58.3s
    R e8m0 LS plain -> e8m0 x4                   0.12570 0.08424 0.10516    59.0s
    R e8m0 LS plain -> e8m0 x5                   0.12570 0.08424 0.10516    59.7s
    R e8m0 LS H16 s=0.025 -> e8m0 x1             0.12570 0.08424 0.10516    61.1s
    R e8m0 LS H16 s=0.025 -> e8m0 x2             0.12570 0.08424 0.10516    61.8s
    R e8m0 LS H16 s=0.025 -> e8m0 x3             0.12570 0.08424 0.10516    62.5s
    R e8m0 LS H16 s=0.025 -> e8m0 x4             0.12570 0.08424 0.10516    63.2s
    R e8m0 LS H16 s=0.025 -> e8m0 x5             0.12570 0.08424 0.10516    63.9s
    R e8m0 LS H16 s=0.1 -> e8m0 x1               0.12570 0.08424 0.10516    65.3s
    R e8m0 LS H16 s=0.1 -> e8m0 x2               0.12570 0.08424 0.10516    66.0s
    R e8m0 LS H16 s=0.1 -> e8m0 x3               0.12570 0.08424 0.10516    66.7s
    R e8m0 LS H16 s=0.1 -> e8m0 x4               0.12570 0.08424 0.10516    67.4s
    R e8m0 LS H16 s=0.1 -> e8m0 x5               0.12570 0.08424 0.10516    68.1s
    R e8m0 LS H16 s=1.0 -> e8m0 x1               0.12570 0.08424 0.10516    69.5s
    R e8m0 LS H16 s=1.0 -> e8m0 x2               0.12570 0.08424 0.10516    70.2s
    R e8m0 LS H16 s=1.0 -> e8m0 x3               0.12570 0.08424 0.10516    70.9s
    R e8m0 LS H16 s=1.0 -> e8m0 x4               0.12570 0.08424 0.10516    71.6s
    R e8m0 LS H16 s=1.0 -> e8m0 x5               0.12570 0.08424 0.10516    72.3s
    M L=2 on s6b                                 0.09924 0.06669 0.09184    73.0s
    M L=2 on s6b + H16-LS x1                     0.09197 0.06065 0.08756    74.3s
    M L=2 on e8m0                                0.11580 0.07840 0.10052    74.9s
    M L=2 on e8m0 + H16-LS x1                    0.11580 0.07840 0.10052    76.2s
    F1 s6b group-LDLQ s=0.025 x1                 0.11814 0.06948 0.09370    78.7s
    F1 s6b group-LDLQ s=0.025 x1 + H16-LS        0.11540 0.06829 0.09281    78.7s
    F1 s6b group-LDLQ s=0.025 x2                 0.11293 0.06658 0.09168    81.2s
    F1 s6b group-LDLQ s=0.025 x2 + H16-LS        0.11200 0.06629 0.09146    81.2s
    F1 s6b group-LDLQ s=0.1 x1                   0.11630 0.06897 0.09332    83.6s
    F1 s6b group-LDLQ s=0.1 x1 + H16-LS          0.11336 0.06762 0.09233    83.6s
    F1 s6b group-LDLQ s=0.1 x2                   0.11097 0.06586 0.09110    86.1s
    F1 s6b group-LDLQ s=0.1 x2 + H16-LS          0.11001 0.06547 0.09082    86.1s
    F1 s6b group-LDLQ s=1.0 x1                   0.11041 0.06728 0.09219    88.5s
    F1 s6b group-LDLQ s=1.0 x1 + H16-LS          0.10643 0.06524 0.09075    88.5s
    F1 s6b group-LDLQ s=1.0 x2                   0.10434 0.06400 0.08982    91.0s
    F1 s6b group-LDLQ s=1.0 x2 + H16-LS          0.10330 0.06354 0.08952    91.0s
    F2 s6b full-LDLQ s=0.025                     0.11708 0.06169 0.08796   100.9s
    F2 s6b full-LDLQ s=0.1                       0.11487 0.06051 0.08719   111.6s
    F2 s6b full-LDLQ s=1.0                       0.11124 0.05882 0.08596   120.5s
    F1 e4m3 group-LDLQ s=0.025 x1                0.11192 0.06609 0.09119   122.9s
    F1 e4m3 group-LDLQ s=0.025 x1 + H16-LS       0.11088 0.06604 0.09116   122.9s
    F1 e4m3 group-LDLQ s=0.025 x2                0.10971 0.06480 0.09053   125.4s
    F1 e4m3 group-LDLQ s=0.025 x2 + H16-LS       0.10941 0.06484 0.09055   125.4s
    F1 e4m3 group-LDLQ s=0.1 x1                  0.11020 0.06533 0.09071   127.9s
    F1 e4m3 group-LDLQ s=0.1 x1 + H16-LS         0.10907 0.06500 0.09045   127.9s
    F1 e4m3 group-LDLQ s=0.1 x2                  0.10792 0.06419 0.09001   130.3s
    F1 e4m3 group-LDLQ s=0.1 x2 + H16-LS         0.10759 0.06416 0.08994   130.3s
    F1 e4m3 group-LDLQ s=1.0 x1                  0.10464 0.06404 0.08976   132.8s
    F1 e4m3 group-LDLQ s=1.0 x1 + H16-LS         0.10307 0.06343 0.08937   132.8s
    F1 e4m3 group-LDLQ s=1.0 x2                  0.10206 0.06275 0.08902   135.3s
    F1 e4m3 group-LDLQ s=1.0 x2 + H16-LS         0.10166 0.06252 0.08884   135.3s
    F2 e4m3 full-LDLQ s=0.025                    0.11255 0.05938 0.08670   143.8s
    F2 e4m3 full-LDLQ s=0.1                      0.11036 0.05829 0.08584   152.2s
    F2 e4m3 full-LDLQ s=1.0                      0.10658 0.05659 0.08484   160.7s

== L42 up_proj (2048, 4096)  act leg served 0.08471 amax 0.08389  (fit 128 / held-out 128 tokens)
    arm                                               wt     out    W4A4
    P0 s6b h=1.00 (artifact)                     0.10784 0.09615 0.12771     0.8s
    P1 s6b h=0.89                                0.11466 0.10257 0.13330     1.5s
    P1 s6b h=0.94                                0.10974 0.09795 0.12966     2.2s
    P1 s6b h=0.97                                0.10722 0.09573 0.12769     2.9s
    P1 s6b h=1.05                                0.11700 0.10567 0.13476     3.6s
    P1 s6b h=1.10                                0.12424 0.11214 0.13976     4.3s
    P1 s6b h=1.20                                0.15044 0.13775 0.16057     5.0s
    P1 s6b nearest-mantissa                      0.10391 0.09239 0.12525     5.7s
    P2 e4m3 flat h=1.00                          0.10353 0.09216 0.12498     6.4s
    P2 e4m3 flat h=0.89                          0.12828 0.11550 0.14362     7.1s
    P2 e4m3 flat h=0.94                          0.11397 0.10177 0.13263     7.8s
    P2 e4m3 flat h=0.97                          0.10526 0.09329 0.12610     8.5s
    P2 e4m3 flat h=1.05                          0.10457 0.09396 0.12615     9.2s
    P2 e4m3 flat h=1.10                          0.11589 0.10494 0.13420     9.9s
    P2 e4m3 flat h=1.20                          0.13919 0.12780 0.15233    10.6s
    P3 e8m0-only t=1.00                          0.13325 0.11949 0.14672    11.3s
    P3 e8m0-only t=1.19                          0.12652 0.11293 0.14145    12.0s
    P3 e8m0-only t=1.41                          0.12878 0.11586 0.14352    12.7s
    P3 e8m0-only t=1.68                          0.14674 0.13238 0.15690    13.4s
    P3 e8m0-only t=2.00                          0.21793 0.19951 0.21533    14.1s
    R s6b LS plain -> s6b x1                     0.10124 0.09066 0.12380    15.5s
    R s6b LS plain -> s6b x2                     0.09987 0.08956 0.12302    16.2s
    R s6b LS plain -> s6b x3                     0.09940 0.08915 0.12278    16.9s
    R s6b LS plain -> s6b x4                     0.09922 0.08916 0.12281    17.7s
    R s6b LS plain -> s6b x5                     0.09913 0.08914 0.12279    18.4s
    R s6b LS plain -> fp32 x1                    0.09886 0.08837 0.12231    19.7s
    R s6b LS plain -> fp32 x2                    0.09659 0.08637 0.12091    20.4s
    R s6b LS plain -> fp32 x3                    0.09584 0.08580 0.12049    21.1s
    R s6b LS plain -> fp32 x4                    0.09554 0.08564 0.12044    21.9s
    R s6b LS plain -> fp32 x5                    0.09541 0.08560 0.12038    22.5s
    R s6b LS H16 s=0.025 -> s6b x1               0.10178 0.08958 0.12311    24.0s
    R s6b LS H16 s=0.025 -> s6b x2               0.10052 0.08818 0.12216    24.7s
    R s6b LS H16 s=0.025 -> s6b x3               0.10005 0.08735 0.12144    25.4s
    R s6b LS H16 s=0.025 -> s6b x4               0.09983 0.08714 0.12131    26.1s
    R s6b LS H16 s=0.025 -> s6b x5               0.09970 0.08674 0.12113    26.8s
    R s6b LS H16 s=0.1 -> s6b x1                 0.10171 0.08973 0.12318    28.3s
    R s6b LS H16 s=0.1 -> s6b x2                 0.10044 0.08847 0.12239    29.3s
    R s6b LS H16 s=0.1 -> s6b x3                 0.09995 0.08787 0.12189    30.3s
    R s6b LS H16 s=0.1 -> s6b x4                 0.09973 0.08759 0.12168    31.3s
    R s6b LS H16 s=0.1 -> s6b x5                 0.09961 0.08722 0.12149    32.0s
    R s6b LS H16 s=1.0 -> s6b x1                 0.10139 0.08998 0.12327    33.5s
    R s6b LS H16 s=1.0 -> s6b x2                 0.10003 0.08847 0.12223    34.5s
    R s6b LS H16 s=1.0 -> s6b x3                 0.09954 0.08801 0.12191    35.5s
    R s6b LS H16 s=1.0 -> s6b x4                 0.09933 0.08796 0.12191    36.3s
    R s6b LS H16 s=1.0 -> s6b x5                 0.09924 0.08785 0.12184    36.7s
    R e4m3 LS plain -> e4m3 x1                   0.09916 0.08824 0.12205    38.7s
    R e4m3 LS plain -> e4m3 x2                   0.09851 0.08803 0.12198    39.6s
    R e4m3 LS plain -> e4m3 x3                   0.09833 0.08797 0.12193    40.4s
    R e4m3 LS plain -> e4m3 x4                   0.09827 0.08788 0.12188    40.9s
    R e4m3 LS plain -> e4m3 x5                   0.09825 0.08786 0.12187    41.3s
    R e4m3 LS H16 s=0.025 -> e4m3 x1             0.09980 0.08856 0.12251    42.2s
    R e4m3 LS H16 s=0.025 -> e4m3 x2             0.09927 0.08756 0.12182    42.6s
    R e4m3 LS H16 s=0.025 -> e4m3 x3             0.09909 0.08765 0.12187    43.1s
    R e4m3 LS H16 s=0.025 -> e4m3 x4             0.09901 0.08743 0.12177    43.5s
    R e4m3 LS H16 s=0.025 -> e4m3 x5             0.09897 0.08730 0.12163    44.0s
    R e4m3 LS H16 s=0.1 -> e4m3 x1               0.09971 0.08851 0.12241    44.9s
    R e4m3 LS H16 s=0.1 -> e4m3 x2               0.09916 0.08761 0.12186    45.3s
    R e4m3 LS H16 s=0.1 -> e4m3 x3               0.09897 0.08702 0.12150    45.7s
    R e4m3 LS H16 s=0.1 -> e4m3 x4               0.09889 0.08725 0.12159    46.2s
    R e4m3 LS H16 s=0.1 -> e4m3 x5               0.09884 0.08711 0.12158    46.6s
    R e4m3 LS H16 s=1.0 -> e4m3 x1               0.09933 0.08814 0.12210    47.5s
    R e4m3 LS H16 s=1.0 -> e4m3 x2               0.09870 0.08735 0.12161    47.9s
    R e4m3 LS H16 s=1.0 -> e4m3 x3               0.09850 0.08720 0.12150    48.4s
    R e4m3 LS H16 s=1.0 -> e4m3 x4               0.09843 0.08719 0.12150    48.8s
    R e4m3 LS H16 s=1.0 -> e4m3 x5               0.09840 0.08715 0.12145    49.3s
    R e8m0 LS plain -> e8m0 x1                   0.12652 0.11293 0.14145    50.1s
    R e8m0 LS plain -> e8m0 x2                   0.12652 0.11293 0.14145    50.6s
    R e8m0 LS plain -> e8m0 x3                   0.12652 0.11293 0.14145    51.0s
    R e8m0 LS plain -> e8m0 x4                   0.12652 0.11293 0.14145    51.4s
    R e8m0 LS plain -> e8m0 x5                   0.12652 0.11293 0.14145    51.9s
    R e8m0 LS H16 s=0.025 -> e8m0 x1             0.12652 0.11293 0.14145    52.7s
    R e8m0 LS H16 s=0.025 -> e8m0 x2             0.12652 0.11293 0.14145    53.2s
    R e8m0 LS H16 s=0.025 -> e8m0 x3             0.12652 0.11293 0.14145    53.6s
    R e8m0 LS H16 s=0.025 -> e8m0 x4             0.12652 0.11293 0.14145    54.0s
    R e8m0 LS H16 s=0.025 -> e8m0 x5             0.12652 0.11293 0.14145    54.5s
    R e8m0 LS H16 s=0.1 -> e8m0 x1               0.12652 0.11293 0.14145    55.4s
    R e8m0 LS H16 s=0.1 -> e8m0 x2               0.12652 0.11293 0.14145    55.8s
    R e8m0 LS H16 s=0.1 -> e8m0 x3               0.12652 0.11293 0.14145    56.2s
    R e8m0 LS H16 s=0.1 -> e8m0 x4               0.12652 0.11293 0.14145    56.7s
    R e8m0 LS H16 s=0.1 -> e8m0 x5               0.12652 0.11293 0.14145    57.1s
    R e8m0 LS H16 s=1.0 -> e8m0 x1               0.12652 0.11293 0.14145    58.0s
    R e8m0 LS H16 s=1.0 -> e8m0 x2               0.12652 0.11293 0.14145    58.4s
    R e8m0 LS H16 s=1.0 -> e8m0 x3               0.12652 0.11293 0.14145    58.8s
    R e8m0 LS H16 s=1.0 -> e8m0 x4               0.12652 0.11293 0.14145    59.3s
    R e8m0 LS H16 s=1.0 -> e8m0 x5               0.12652 0.11293 0.14145    59.7s
    M L=2 on s6b                                 0.09937 0.08878 0.12233    60.1s
    M L=2 on s6b + H16-LS x1                     0.09204 0.08126 0.11721    60.9s
    M L=2 on e8m0                                0.11670 0.10466 0.13503    61.3s
    M L=2 on e8m0 + H16-LS x1                    0.11670 0.10466 0.13503    62.1s
    F1 s6b group-LDLQ s=0.025 x1                 0.11817 0.09364 0.12585    64.4s
    F1 s6b group-LDLQ s=0.025 x1 + H16-LS        0.11537 0.09186 0.12456    64.4s
    F1 s6b group-LDLQ s=0.025 x2                 0.11290 0.08965 0.12295    66.7s
    F1 s6b group-LDLQ s=0.025 x2 + H16-LS        0.11194 0.08908 0.12251    66.7s
    F1 s6b group-LDLQ s=0.1 x1                   0.11637 0.09244 0.12475    69.0s
    F1 s6b group-LDLQ s=0.1 x1 + H16-LS          0.11337 0.09042 0.12332    69.1s
    F1 s6b group-LDLQ s=0.1 x2                   0.11096 0.08841 0.12198    71.4s
    F1 s6b group-LDLQ s=0.1 x2 + H16-LS          0.10995 0.08772 0.12150    71.4s
    F1 s6b group-LDLQ s=1.0 x1                   0.11052 0.09053 0.12348    73.7s
    F1 s6b group-LDLQ s=1.0 x1 + H16-LS          0.10648 0.08743 0.12126    73.7s
    F1 s6b group-LDLQ s=1.0 x2                   0.10432 0.08558 0.12006    76.0s
    F1 s6b group-LDLQ s=1.0 x2 + H16-LS          0.10325 0.08484 0.11956    76.0s
    F2 s6b full-LDLQ s=0.025                     0.11719 0.08321 0.11840    84.4s
    F2 s6b full-LDLQ s=0.1                       0.11499 0.08153 0.11706    92.7s
    F2 s6b full-LDLQ s=1.0                       0.11134 0.07914 0.11540   101.1s
    F1 e4m3 group-LDLQ s=0.025 x1                0.11340 0.08953 0.12318   103.4s
    F1 e4m3 group-LDLQ s=0.025 x1 + H16-LS       0.11179 0.08876 0.12258   103.4s
    F1 e4m3 group-LDLQ s=0.025 x2                0.11023 0.08723 0.12149   105.7s
    F1 e4m3 group-LDLQ s=0.025 x2 + H16-LS       0.10976 0.08714 0.12141   105.7s
    F1 e4m3 group-LDLQ s=0.1 x1                  0.11166 0.08859 0.12242   108.0s
    F1 e4m3 group-LDLQ s=0.1 x1 + H16-LS         0.10990 0.08772 0.12171   108.0s
    F1 e4m3 group-LDLQ s=0.1 x2                  0.10835 0.08628 0.12069   110.3s
    F1 e4m3 group-LDLQ s=0.1 x2 + H16-LS         0.10787 0.08619 0.12059   110.4s
    F1 e4m3 group-LDLQ s=1.0 x1                  0.10600 0.08654 0.12112   112.7s
    F1 e4m3 group-LDLQ s=1.0 x1 + H16-LS         0.10349 0.08487 0.11992   112.7s
    F1 e4m3 group-LDLQ s=1.0 x2                  0.10205 0.08417 0.11934   115.0s
    F1 e4m3 group-LDLQ s=1.0 x2 + H16-LS         0.10151 0.08368 0.11903   115.0s
    F2 e4m3 full-LDLQ s=0.025                    0.11323 0.07996 0.11631   123.3s
    F2 e4m3 full-LDLQ s=0.1                      0.11102 0.07852 0.11525   131.7s
    F2 e4m3 full-LDLQ s=1.0                      0.10738 0.07630 0.11382   140.1s

act leg: served 0.08572  amax 0.08477   over 6 tensors
arm                                            bpp       wt      out     W4A4   out vs P0    min    max  vs EXL3@A4    clip
P0 s6b h=1.00 (artifact)                      4.00  0.10782  0.09736  0.12934      1.000x  1.000  1.000      1.253x  0.0601
P1 s6b h=0.89                                 4.00  0.11524  0.10435  0.13538      0.934x  0.924  0.946      1.311x  0.0000
P1 s6b h=0.94                                 4.00  0.11048  0.09962  0.13166      0.979x  0.969  1.006      1.274x  0.0059
P1 s6b h=0.97                                 4.00  0.10731  0.09673  0.12905      1.007x  1.003  1.021      1.249x  0.0476
P1 s6b h=1.05                                 4.00  0.11712  0.10653  0.13605      0.913x  0.893  0.921      1.319x  0.0778
P1 s6b h=1.10                                 4.00  0.12513  0.11446  0.14213      0.849x  0.824  0.863      1.378x  0.0872
P1 s6b h=1.20                                 4.00  0.15114  0.13960  0.16252      0.695x  0.650  0.714      1.577x  0.1091
P1 s6b nearest-mantissa                       4.00  0.10357  0.09335  0.12659      1.043x  1.041  1.045      1.226x  0.0432
P2 e4m3 flat h=1.00                           4.00  0.10384  0.09355  0.12671      1.042x  1.034  1.069      1.226x  0.0333
P2 e4m3 flat h=0.89                           4.00  0.12647  0.11469  0.14370      0.848x  0.833  0.862      1.392x  0.0000
P2 e4m3 flat h=0.94                           4.00  0.11135  0.10050  0.13246      0.969x  0.945  0.976      1.283x  0.0000
P2 e4m3 flat h=0.97                           4.00  0.10522  0.09462  0.12780      1.029x  1.025  1.033      1.238x  0.0045
P2 e4m3 flat h=1.05                           4.00  0.10450  0.09458  0.12714      1.028x  0.992  1.040      1.232x  0.0710
P2 e4m3 flat h=1.10                           4.00  0.11486  0.10500  0.13462      0.925x  0.892  0.944      1.305x  0.0876
P2 e4m3 flat h=1.20                           4.00  0.13825  0.12780  0.15277      0.759x  0.687  0.784      1.484x  0.1093
P3 e8m0-only t=1.00                           3.75  0.13473  0.12189  0.14934      0.800x  0.786  0.820      1.445x  0.0000
P3 e8m0-only t=1.19                           3.75  0.12874  0.11654  0.14500      0.837x  0.819  0.863      1.403x  0.0062
P3 e8m0-only t=1.41                           3.75  0.13050  0.11785  0.14573      0.828x  0.813  0.852      1.411x  0.0202
P3 e8m0-only t=1.68                           3.75  0.15183  0.13776  0.16179      0.709x  0.676  0.735      1.566x  0.0541
P3 e8m0-only t=2.00                           3.75  0.22428  0.20808  0.22342      0.467x  0.447  0.482      2.167x  0.1388
R s6b LS plain -> s6b x1                      4.00  0.10137  0.09161  0.12519      1.063x  1.058  1.069      1.212x  0.0513
R s6b LS plain -> s6b x2                      4.00  0.09997  0.09040  0.12435      1.077x  1.072  1.085      1.204x  0.0500
R s6b LS plain -> s6b x3                      4.00  0.09948  0.08997  0.12404      1.082x  1.076  1.089      1.201x  0.0496
R s6b LS plain -> s6b x4                      4.00  0.09928  0.08979  0.12392      1.084x  1.078  1.092      1.200x  0.0494
R s6b LS plain -> s6b x5                      4.00  0.09919  0.08969  0.12385      1.086x  1.079  1.093      1.199x  0.0493
R s6b LS plain -> fp32 x1                      nan  0.09895  0.08935  0.12354      1.090x  1.086  1.097      1.196x  0.0505
R s6b LS plain -> fp32 x2                      nan  0.09660  0.08722  0.12210      1.116x  1.112  1.122      1.182x  0.0459
R s6b LS plain -> fp32 x3                      nan  0.09581  0.08656  0.12167      1.125x  1.120  1.130      1.178x  0.0450
R s6b LS plain -> fp32 x4                      nan  0.09550  0.08626  0.12148      1.129x  1.123  1.137      1.177x  0.0447
R s6b LS plain -> fp32 x5                      nan  0.09536  0.08615  0.12139      1.130x  1.123  1.138      1.176x  0.0446
R s6b LS H16 s=0.025 -> s6b x1                4.00  0.10172  0.09109  0.12481      1.069x  1.060  1.081      1.209x  0.0508
R s6b LS H16 s=0.025 -> s6b x2                4.00  0.10038  0.08973  0.12385      1.086x  1.075  1.096      1.199x  0.0494
R s6b LS H16 s=0.025 -> s6b x3                4.00  0.09987  0.08922  0.12347      1.092x  1.079  1.101      1.196x  0.0490
R s6b LS H16 s=0.025 -> s6b x4                4.00  0.09964  0.08898  0.12330      1.095x  1.082  1.104      1.194x  0.0487
R s6b LS H16 s=0.025 -> s6b x5                4.00  0.09951  0.08880  0.12319      1.097x  1.086  1.108      1.193x  0.0486
R s6b LS H16 s=0.1 -> s6b x1                  4.00  0.10167  0.09111  0.12484      1.069x  1.061  1.080      1.209x  0.0508
R s6b LS H16 s=0.1 -> s6b x2                  4.00  0.10032  0.08978  0.12390      1.085x  1.076  1.094      1.200x  0.0495
R s6b LS H16 s=0.1 -> s6b x3                  4.00  0.09981  0.08926  0.12352      1.091x  1.082  1.101      1.196x  0.0490
R s6b LS H16 s=0.1 -> s6b x4                  4.00  0.09958  0.08901  0.12331      1.094x  1.084  1.102      1.194x  0.0488
R s6b LS H16 s=0.1 -> s6b x5                  4.00  0.09946  0.08884  0.12322      1.096x  1.086  1.105      1.193x  0.0487
R s6b LS H16 s=1.0 -> s6b x1                  4.00  0.10147  0.09119  0.12487      1.068x  1.062  1.076      1.209x  0.0511
R s6b LS H16 s=1.0 -> s6b x2                  4.00  0.10006  0.08983  0.12388      1.084x  1.075  1.095      1.200x  0.0498
R s6b LS H16 s=1.0 -> s6b x3                  4.00  0.09956  0.08936  0.12356      1.090x  1.082  1.102      1.197x  0.0494
R s6b LS H16 s=1.0 -> s6b x4                  4.00  0.09935  0.08919  0.12344      1.092x  1.085  1.102      1.195x  0.0492
R s6b LS H16 s=1.0 -> s6b x5                  4.00  0.09925  0.08910  0.12338      1.093x  1.085  1.104      1.195x  0.0491
R e4m3 LS plain -> e4m3 x1                    4.00  0.09910  0.08925  0.12351      1.091x  1.084  1.100      1.196x  0.0361
R e4m3 LS plain -> e4m3 x2                    4.00  0.09840  0.08863  0.12305      1.099x  1.092  1.106      1.192x  0.0367
R e4m3 LS plain -> e4m3 x3                    4.00  0.09820  0.08846  0.12292      1.101x  1.093  1.108      1.190x  0.0368
R e4m3 LS plain -> e4m3 x4                    4.00  0.09814  0.08840  0.12289      1.102x  1.094  1.109      1.190x  0.0369
R e4m3 LS plain -> e4m3 x5                    4.00  0.09811  0.08837  0.12288      1.102x  1.094  1.109      1.190x  0.0369
R e4m3 LS H16 s=0.025 -> e4m3 x1              4.00  0.09949  0.08918  0.12350      1.092x  1.086  1.105      1.196x  0.0365
R e4m3 LS H16 s=0.025 -> e4m3 x2              4.00  0.09885  0.08845  0.12296      1.101x  1.095  1.109      1.191x  0.0374
R e4m3 LS H16 s=0.025 -> e4m3 x3              4.00  0.09864  0.08823  0.12280      1.104x  1.096  1.114      1.189x  0.0376
R e4m3 LS H16 s=0.025 -> e4m3 x4              4.00  0.09855  0.08811  0.12272      1.105x  1.100  1.111      1.188x  0.0378
R e4m3 LS H16 s=0.025 -> e4m3 x5              4.00  0.09850  0.08804  0.12264      1.106x  1.100  1.115      1.188x  0.0378
R e4m3 LS H16 s=0.1 -> e4m3 x1                4.00  0.09944  0.08916  0.12346      1.093x  1.086  1.105      1.195x  0.0364
R e4m3 LS H16 s=0.1 -> e4m3 x2                4.00  0.09879  0.08842  0.12288      1.101x  1.097  1.109      1.190x  0.0373
R e4m3 LS H16 s=0.1 -> e4m3 x3                4.00  0.09857  0.08804  0.12266      1.106x  1.101  1.116      1.188x  0.0376
R e4m3 LS H16 s=0.1 -> e4m3 x4                4.00  0.09848  0.08804  0.12261      1.106x  1.102  1.113      1.187x  0.0377
R e4m3 LS H16 s=0.1 -> e4m3 x5                4.00  0.09843  0.08797  0.12258      1.107x  1.103  1.115      1.187x  0.0377
R e4m3 LS H16 s=1.0 -> e4m3 x1                4.00  0.09921  0.08910  0.12338      1.093x  1.086  1.105      1.195x  0.0362
R e4m3 LS H16 s=1.0 -> e4m3 x2                4.00  0.09851  0.08837  0.12288      1.102x  1.095  1.114      1.190x  0.0369
R e4m3 LS H16 s=1.0 -> e4m3 x3                4.00  0.09830  0.08815  0.12273      1.105x  1.098  1.119      1.188x  0.0371
R e4m3 LS H16 s=1.0 -> e4m3 x4                4.00  0.09822  0.08810  0.12271      1.106x  1.097  1.120      1.188x  0.0372
R e4m3 LS H16 s=1.0 -> e4m3 x5                4.00  0.09819  0.08807  0.12268      1.106x  1.098  1.119      1.188x  0.0372
R e8m0 LS plain -> e8m0 x1                    3.75  0.12874  0.11654  0.14500      0.837x  0.819  0.863      1.403x  0.0062
R e8m0 LS plain -> e8m0 x2                    3.75  0.12874  0.11654  0.14500      0.837x  0.819  0.863      1.403x  0.0062
R e8m0 LS plain -> e8m0 x3                    3.75  0.12874  0.11654  0.14500      0.837x  0.819  0.863      1.403x  0.0062
R e8m0 LS plain -> e8m0 x4                    3.75  0.12874  0.11654  0.14500      0.837x  0.819  0.863      1.403x  0.0062
R e8m0 LS plain -> e8m0 x5                    3.75  0.12874  0.11654  0.14500      0.837x  0.819  0.863      1.403x  0.0062
R e8m0 LS H16 s=0.025 -> e8m0 x1              3.75  0.12874  0.11654  0.14500      0.837x  0.819  0.863      1.403x  0.0062
R e8m0 LS H16 s=0.025 -> e8m0 x2              3.75  0.12874  0.11654  0.14500      0.837x  0.819  0.863      1.403x  0.0062
R e8m0 LS H16 s=0.025 -> e8m0 x3              3.75  0.12874  0.11654  0.14500      0.837x  0.819  0.863      1.403x  0.0062
R e8m0 LS H16 s=0.025 -> e8m0 x4              3.75  0.12874  0.11654  0.14500      0.837x  0.819  0.863      1.403x  0.0062
R e8m0 LS H16 s=0.025 -> e8m0 x5              3.75  0.12874  0.11654  0.14500      0.837x  0.819  0.863      1.403x  0.0062
R e8m0 LS H16 s=0.1 -> e8m0 x1                3.75  0.12874  0.11654  0.14500      0.837x  0.819  0.863      1.403x  0.0062
R e8m0 LS H16 s=0.1 -> e8m0 x2                3.75  0.12874  0.11654  0.14500      0.837x  0.819  0.863      1.403x  0.0062
R e8m0 LS H16 s=0.1 -> e8m0 x3                3.75  0.12874  0.11654  0.14500      0.837x  0.819  0.863      1.403x  0.0062
R e8m0 LS H16 s=0.1 -> e8m0 x4                3.75  0.12874  0.11654  0.14500      0.837x  0.819  0.863      1.403x  0.0062
R e8m0 LS H16 s=0.1 -> e8m0 x5                3.75  0.12874  0.11654  0.14500      0.837x  0.819  0.863      1.403x  0.0062
R e8m0 LS H16 s=1.0 -> e8m0 x1                3.75  0.12874  0.11654  0.14500      0.837x  0.819  0.863      1.403x  0.0062
R e8m0 LS H16 s=1.0 -> e8m0 x2                3.75  0.12874  0.11654  0.14500      0.837x  0.819  0.863      1.403x  0.0062
R e8m0 LS H16 s=1.0 -> e8m0 x3                3.75  0.12874  0.11654  0.14500      0.837x  0.819  0.863      1.403x  0.0062
R e8m0 LS H16 s=1.0 -> e8m0 x4                3.75  0.12874  0.11654  0.14500      0.837x  0.819  0.863      1.403x  0.0062
R e8m0 LS H16 s=1.0 -> e8m0 x5                3.75  0.12874  0.11654  0.14500      0.837x  0.819  0.863      1.403x  0.0062
M L=2 on s6b                                  4.25  0.09939  0.08968  0.12372      1.086x  1.082  1.090      1.198x  0.0601
M L=2 on s6b + H16-LS x1                      4.25  0.09212  0.08254  0.11876      1.181x  1.170  1.199      1.150x  0.0502
M L=2 on e8m0                                 4.00  0.11934  0.10834  0.13860      0.901x  0.879  0.927      1.341x  0.0062
M L=2 on e8m0 + H16-LS x1                     4.00  0.11934  0.10834  0.13860      0.901x  0.879  0.927      1.341x  0.0062
F1 s6b group-LDLQ s=0.025 x1                  4.00  0.11730  0.09791  0.12966      0.998x  0.970  1.047      1.254x  0.0586
F1 s6b group-LDLQ s=0.025 x1 + H16-LS         4.00  0.11421  0.09563  0.12799      1.021x  0.997  1.065      1.238x  0.0586
F1 s6b group-LDLQ s=0.025 x2                  4.00  0.11181  0.09351  0.12645      1.045x  1.019  1.092      1.223x  0.0524
F1 s6b group-LDLQ s=0.025 x2 + H16-LS         4.00  0.11067  0.09267  0.12584      1.054x  1.031  1.097      1.218x  0.0524
F1 s6b group-LDLQ s=0.1 x1                    4.00  0.11565  0.09689  0.12886      1.009x  0.979  1.054      1.247x  0.0591
F1 s6b group-LDLQ s=0.1 x1 + H16-LS           4.00  0.11239  0.09445  0.12712      1.034x  1.008  1.075      1.230x  0.0591
F1 s6b group-LDLQ s=0.1 x2                    4.00  0.11006  0.09232  0.12567      1.058x  1.031  1.104      1.216x  0.0524
F1 s6b group-LDLQ s=0.1 x2 + H16-LS           4.00  0.10891  0.09143  0.12502      1.068x  1.043  1.111      1.210x  0.0524
F1 s6b group-LDLQ s=1.0 x1                    4.00  0.11015  0.09427  0.12695      1.036x  1.009  1.081      1.228x  0.0608
F1 s6b group-LDLQ s=1.0 x1 + H16-LS           4.00  0.10609  0.09101  0.12462      1.073x  1.046  1.114      1.206x  0.0608
F1 s6b group-LDLQ s=1.0 x2                    4.00  0.10397  0.08914  0.12328      1.095x  1.073  1.136      1.193x  0.0523
F1 s6b group-LDLQ s=1.0 x2 + H16-LS           4.00  0.10287  0.08825  0.12267      1.106x  1.085  1.144      1.187x  0.0523
F2 s6b full-LDLQ s=0.025                      4.00  0.11738  0.09075  0.12443      1.083x  1.016  1.179      1.203x  0.0621
F2 s6b full-LDLQ s=0.1                        4.00  0.11517  0.08899  0.12313      1.104x  1.035  1.202      1.190x  0.0621
F2 s6b full-LDLQ s=1.0                        4.00  0.11151  0.08637  0.12122      1.137x  1.068  1.236      1.172x  0.0622
F1 e4m3 group-LDLQ s=0.025 x1                 4.00  0.11288  0.09437  0.12734      1.037x  1.003  1.100      1.232x  0.0376
F1 e4m3 group-LDLQ s=0.025 x1 + H16-LS        4.00  0.11076  0.09294  0.12616      1.052x  1.023  1.101      1.220x  0.0376
F1 e4m3 group-LDLQ s=0.025 x2                 4.00  0.10913  0.09131  0.12503      1.070x  1.041  1.122      1.210x  0.0412
F1 e4m3 group-LDLQ s=0.025 x2 + H16-LS        4.00  0.10847  0.09089  0.12470      1.075x  1.048  1.121      1.207x  0.0412
F1 e4m3 group-LDLQ s=0.1 x1                   4.00  0.11129  0.09336  0.12658      1.048x  1.015  1.113      1.224x  0.0376
F1 e4m3 group-LDLQ s=0.1 x1 + H16-LS          4.00  0.10906  0.09176  0.12527      1.065x  1.036  1.119      1.212x  0.0376
F1 e4m3 group-LDLQ s=0.1 x2                   4.00  0.10743  0.09028  0.12426      1.082x  1.055  1.133      1.202x  0.0411
F1 e4m3 group-LDLQ s=0.1 x2 + H16-LS          4.00  0.10678  0.08986  0.12392      1.087x  1.063  1.133      1.199x  0.0411
F1 e4m3 group-LDLQ s=1.0 x1                   4.00  0.10597  0.09085  0.12479      1.076x  1.047  1.135      1.207x  0.0373
F1 e4m3 group-LDLQ s=1.0 x1 + H16-LS          4.00  0.10311  0.08858  0.12303      1.103x  1.078  1.146      1.190x  0.0373
F1 e4m3 group-LDLQ s=1.0 x2                   4.00  0.10158  0.08722  0.12203      1.119x  1.098  1.159      1.181x  0.0405
F1 e4m3 group-LDLQ s=1.0 x2 + H16-LS          4.00  0.10099  0.08671  0.12164      1.126x  1.105  1.163      1.177x  0.0405
F2 e4m3 full-LDLQ s=0.025                     4.00  0.11355  0.08774  0.12259      1.120x  1.051  1.225      1.185x  0.0359
F2 e4m3 full-LDLQ s=0.1                       4.00  0.11134  0.08605  0.12139      1.142x  1.072  1.247      1.173x  0.0359
F2 e4m3 full-LDLQ s=1.0                       4.00  0.10769  0.08346  0.11958      1.178x  1.106  1.285      1.156x  0.0360
EXL3 K=4 (weight leg measured; W4A4 projected)  4.01        -  0.05653  0.10288

wrote experiments/results/tessera_fp4_native_levers.json
