
== L5.gate_proj (2048, 4096)  git unknown
    arm                                               bpp       wt      out       a4       a8     s | vs EXL3 out/a4/a8
    EXL3 K=4 (LDLQ, W4A16)                          4.012  0.08816  0.07237  0.11671  0.07672     0
    EXL3 K=5 (LDLQ, W4A16)                          5.012  0.04482  0.03674  0.09877  0.04470     0
    EXL3 K=6 (LDLQ, W4A16)                          6.012  0.02294  0.01877  0.09360  0.03166     0
    FP8 per-channel RTN (E4M3 floor, W8A8)          8.008  0.02209  0.02142  0.09440  0.03326     0 | 4.359 1.123 2.091
    E2M1x2 window LUT16 q960  (4.0) L=14            4.016  0.09060  0.08731  0.12643  0.09094   108 | 1.210 1.084 1.188
    E4M3 window LUT16 q960  (4.0) L=14              4.016  0.08099  0.07782  0.12009  0.08187   137 | 1.079 1.030 1.070
    E4M3 window CHANNEL q1024 (4.0) L=14            4.020  0.06981  0.06722  0.11351  0.07189   136 | 0.934 0.974 0.941
    E4M3 window CHANNEL q1280 (5.0) L=14            5.020  0.03611  0.03486  0.09806  0.04322   135 | 0.954 0.993 0.970

== L5.up_proj (2048, 4096)  git unknown
    arm                                               bpp       wt      out       a4       a8     s | vs EXL3 out/a4/a8
    EXL3 K=4 (LDLQ, W4A16)                          4.012  0.08816  0.07465  0.12055  0.07915     0
    EXL3 K=5 (LDLQ, W4A16)                          5.012  0.04483  0.03800  0.10204  0.04623     0
    EXL3 K=6 (LDLQ, W4A16)                          6.012  0.02295  0.01944  0.09674  0.03276     0
    FP8 per-channel RTN (E4M3 floor, W8A8)          8.008  0.02239  0.02225  0.09760  0.03448     0 | 4.364 1.122 2.093
    E2M1x2 window LUT16 q960  (4.0) L=14            4.016  0.09066  0.09022  0.13054  0.09393   108 | 1.212 1.084 1.190
    E4M3 window LUT16 q960  (4.0) L=14              4.016  0.08096  0.08054  0.12402  0.08471   137 | 1.082 1.030 1.073
    E4M3 window CHANNEL q1024 (4.0) L=14            4.020  0.06977  0.06952  0.11735  0.07433   136 | 0.937 0.975 0.943
    E4M3 window CHANNEL q1280 (5.0) L=14            5.020  0.03597  0.03581  0.10124  0.04446   135 | 0.948 0.993 0.964

== L20.gate_proj (2048, 4096)  git unknown
    arm                                               bpp       wt      out       a4       a8     s | vs EXL3 out/a4/a8
    EXL3 K=4 (LDLQ, W4A16)                          4.012  0.08495  0.06925  0.11155  0.07340     0
    EXL3 K=5 (LDLQ, W4A16)                          5.012  0.04317  0.03530  0.09450  0.04289     0
    EXL3 K=6 (LDLQ, W4A16)                          6.012  0.02211  0.01799  0.08952  0.03034     0
    FP8 per-channel RTN (E4M3 floor, W8A8)          8.008  0.02416  0.02255  0.09063  0.03316     0 | 4.810 1.128 2.182
    E2M1x2 window LUT16 q960  (4.0) L=14            4.016  0.09093  0.08420  0.12146  0.08765   108 | 1.220 1.090 1.197
    E4M3 window LUT16 q960  (4.0) L=14              4.016  0.08093  0.07441  0.11484  0.07828   138 | 1.078 1.030 1.069
    E4M3 window CHANNEL q1024 (4.0) L=14            4.020  0.06943  0.06356  0.10819  0.06807   136 | 0.923 0.971 0.932
    E4M3 window CHANNEL q1280 (5.0) L=14            5.020  0.03519  0.03233  0.09337  0.04053   135 | 0.921 0.988 0.948

== L20.up_proj (2048, 4096)  git unknown
    arm                                               bpp       wt      out       a4       a8     s | vs EXL3 out/a4/a8
    EXL3 K=4 (LDLQ, W4A16)                          4.012  0.08492  0.07293  0.11761  0.07732     0
    EXL3 K=5 (LDLQ, W4A16)                          5.012  0.04315  0.03726  0.09967  0.04524     0
    EXL3 K=6 (LDLQ, W4A16)                          6.012  0.02205  0.01908  0.09437  0.03202     0
    FP8 per-channel RTN (E4M3 floor, W8A8)          8.008  0.02389  0.02322  0.09548  0.03462     0 | 4.628 1.128 2.156
    E2M1x2 window LUT16 q960  (4.0) L=14            4.016  0.09085  0.08833  0.12765  0.09195   108 | 1.215 1.086 1.192
    E4M3 window LUT16 q960  (4.0) L=14              4.016  0.08098  0.07922  0.12149  0.08326   138 | 1.090 1.034 1.080
    E4M3 window CHANNEL q1024 (4.0) L=14            4.020  0.06953  0.06759  0.11432  0.07231   136 | 0.932 0.973 0.939
    E4M3 window CHANNEL q1280 (5.0) L=14            5.020  0.03553  0.03467  0.09871  0.04317   135 | 0.936 0.991 0.957

== L42.gate_proj (2048, 4096)  git unknown
    arm                                               bpp       wt      out       a4       a8     s | vs EXL3 out/a4/a8
    EXL3 K=4 (LDLQ, W4A16)                          4.012  0.08580  0.05132  0.08395  0.05453     0
    EXL3 K=5 (LDLQ, W4A16)                          5.012  0.04361  0.02610  0.07145  0.03198     0
    EXL3 K=6 (LDLQ, W4A16)                          6.012  0.02232  0.01333  0.06785  0.02278     0
    FP8 per-channel RTN (E4M3 floor, W8A8)          8.008  0.02457  0.01796  0.06889  0.02572     0 | 5.151 1.126 2.221
    E2M1x2 window LUT16 q960  (4.0) L=14            4.016  0.09159  0.06436  0.09257  0.06698   108 | 1.258 1.104 1.231
    E4M3 window LUT16 q960  (4.0) L=14              4.016  0.08064  0.05679  0.08750  0.05974   138 | 1.110 1.043 1.098
    E4M3 window CHANNEL q1024 (4.0) L=14            4.020  0.06919  0.04886  0.08254  0.05226   136 | 0.958 0.985 0.963
    E4M3 window CHANNEL q1280 (5.0) L=14            5.020  0.03541  0.02485  0.07103  0.03099   135 | 0.958 0.995 0.972

== L42.up_proj (2048, 4096)  git unknown
    arm                                               bpp       wt      out       a4       a8     s | vs EXL3 out/a4/a8
    EXL3 K=4 (LDLQ, W4A16)                          4.012  0.08580  0.06673  0.10897  0.07088     0
    EXL3 K=5 (LDLQ, W4A16)                          5.012  0.04366  0.03389  0.09269  0.04153     0
    EXL3 K=6 (LDLQ, W4A16)                          6.012  0.02238  0.01736  0.08803  0.02963     0
    FP8 per-channel RTN (E4M3 floor, W8A8)          8.008  0.02409  0.02230  0.08929  0.03272     0 | 4.884 1.124 2.167
    E2M1x2 window LUT16 q960  (4.0) L=14            4.016  0.09135  0.08291  0.11952  0.08626   108 | 1.246 1.098 1.220
    E4M3 window LUT16 q960  (4.0) L=14              4.016  0.08079  0.07369  0.11335  0.07747   138 | 1.108 1.041 1.096
    E4M3 window CHANNEL q1024 (4.0) L=14            4.020  0.06947  0.06335  0.10699  0.06775   136 | 0.955 0.983 0.960
    E4M3 window CHANNEL q1280 (5.0) L=14            5.020  0.03574  0.03246  0.09223  0.04036   135 | 0.963 0.995 0.975

== geomeans over tensors
    EXL3 K=4 (LDLQ, W4A16)                          4.012  0.08629  0.06736  0.10912  0.07146 n=6
    EXL3 K=5 (LDLQ, W4A16)                          5.012  0.04387  0.03429  0.09256  0.04179 n=6
    EXL3 K=6 (LDLQ, W4A16)                          6.012  0.02246  0.01753  0.08776  0.02966 n=6
    FP8 per-channel RTN (E4M3 floor, W8A8)          8.008  0.02351  0.02154  0.08880  0.03217 n=6 | 4.691 1.125 2.151
    E2M1x2 window LUT16 q960  (4.0) L=14            4.016  0.09099  0.08238  0.11894  0.08576 n=6 | 1.227 1.091 1.203
    E4M3 window LUT16 q960  (4.0) L=14              4.016  0.08088  0.07326  0.11281  0.07705 n=6 | 1.091 1.035 1.081
    E4M3 window CHANNEL q1024 (4.0) L=14            4.020  0.06953  0.06294  0.10645  0.06732 n=6 | 0.940 0.977 0.946
    E4M3 window CHANNEL q1280 (5.0) L=14            5.020  0.03566  0.03227  0.09182  0.04017 n=6 | 0.947 0.993 0.964
