
== L5 gate_proj (2048, 4096)  eval 1024 rows  act leg served 0.09170
    arm                                     bpp      wt     out    W4A4
    E4M3 per-16 + LS  L=1                4.0000 0.09794 0.09426 0.13130    4.2s
    E4M3 per-32 + LS  L=1                3.7500 0.10505 0.10123 0.13631    8.2s
    idx8 per-16 + LS  L=1                3.6875 0.10090 0.09712 0.13327   15.0s
      codebook x2.46e+04: [96.0, 120.0, 144.0, 160.0, 176.0, 192.0, 224.0, 256.0]
    idx16 per-16 + LS  L=1               3.7500 0.09791 0.09425 0.13129   22.0s
      codebook x2.46e+04: [80.0, 88.0, 104.0, 112.0, 120.0, 128.0, 144.0, 160.0, 176.0, 192.0, 208.0, 224.0, 240.0, 256.0, 288.0, 320.0]
    idx32 per-16 + LS  L=1               3.8125 0.09782 0.09417 0.13123   26.0s
      codebook x2.46e+04: [40.0, 44.0, 48.0, 52.0, 56.0, 60.0, 64.0, 72.0, 80.0, 88.0, 96.0, 104.0, 112.0, 120.0, 128.0, 144.0, 160.0, 176.0, 192.0, 208.0, 224.0, 240.0, 256.0, 288.0, 320.0, 352.0, 384.0, 416.0, 448.0]
    E4M3 per-16 + LS  L=2                4.2500 0.08807 0.08461 0.12458   29.7s
    E4M3 per-32 + LS  L=2                4.0000 0.09478 0.09149 0.12929   33.4s
    idx8 per-16 + LS  L=2                3.9375 0.09158 0.08827 0.12700   40.0s
      codebook x2.46e+04: [88.0, 120.0, 144.0, 160.0, 176.0, 192.0, 224.0, 256.0]
    idx16 per-16 + LS  L=2               4.0000 0.08815 0.08463 0.12457   47.0s
      codebook x2.46e+04: [80.0, 88.0, 104.0, 112.0, 120.0, 128.0, 144.0, 160.0, 176.0, 192.0, 208.0, 224.0, 240.0, 256.0, 288.0, 320.0]
    idx32 per-16 + LS  L=2               4.0625 0.08803 0.08452 0.12452   50.8s
      codebook x2.46e+04: [40.0, 44.0, 48.0, 52.0, 56.0, 60.0, 64.0, 72.0, 80.0, 88.0, 96.0, 104.0, 112.0, 120.0, 128.0, 144.0, 160.0, 176.0, 192.0, 208.0, 224.0, 240.0, 256.0, 288.0, 320.0, 352.0, 384.0, 416.0, 448.0]

== L5 up_proj (2048, 4096)  eval 1024 rows  act leg served 0.09474
    arm                                     bpp      wt     out    W4A4
    E4M3 per-16 + LS  L=1                4.0000 0.09799 0.09769 0.13576    4.1s
    E4M3 per-32 + LS  L=1                3.7500 0.10512 0.10487 0.14109    8.2s
    idx8 per-16 + LS  L=1                3.6875 0.10092 0.10050 0.13777   15.4s
      codebook x2.46e+04: [96.0, 120.0, 144.0, 160.0, 176.0, 192.0, 224.0, 256.0]
    idx16 per-16 + LS  L=1               3.7500 0.09797 0.09752 0.13564   22.5s
      codebook x2.46e+04: [80.0, 88.0, 104.0, 112.0, 120.0, 128.0, 144.0, 160.0, 176.0, 192.0, 208.0, 224.0, 240.0, 256.0, 288.0, 320.0]
    idx32 per-16 + LS  L=1               3.8125 0.09788 0.09748 0.13560   26.6s
      codebook x2.46e+04: [44.0, 48.0, 52.0, 56.0, 60.0, 64.0, 72.0, 80.0, 88.0, 96.0, 104.0, 112.0, 120.0, 128.0, 144.0, 160.0, 176.0, 192.0, 208.0, 224.0, 240.0, 256.0, 288.0, 320.0, 352.0, 384.0, 416.0, 448.0]
    E4M3 per-16 + LS  L=2                4.2500 0.08813 0.08778 0.12891   30.3s
    E4M3 per-32 + LS  L=2                4.0000 0.09490 0.09434 0.13340   34.4s
    idx8 per-16 + LS  L=2                3.9375 0.09156 0.09123 0.13118   43.3s
      codebook x2.46e+04: [96.0, 120.0, 144.0, 160.0, 176.0, 192.0, 224.0, 256.0]
    idx16 per-16 + LS  L=2               4.0000 0.08821 0.08783 0.12892   50.2s
      codebook x2.46e+04: [80.0, 88.0, 104.0, 112.0, 120.0, 128.0, 144.0, 160.0, 176.0, 192.0, 208.0, 224.0, 240.0, 256.0, 288.0, 320.0]
    idx32 per-16 + LS  L=2               4.0625 0.08809 0.08774 0.12888   54.1s
      codebook x2.46e+04: [44.0, 48.0, 52.0, 56.0, 60.0, 64.0, 72.0, 80.0, 88.0, 96.0, 104.0, 112.0, 120.0, 128.0, 144.0, 160.0, 176.0, 192.0, 208.0, 224.0, 240.0, 256.0, 288.0, 320.0, 352.0, 384.0, 416.0, 448.0]

== L20 gate_proj (2048, 4096)  eval 1024 rows  act leg served 0.08769
    arm                                     bpp      wt     out    W4A4
    E4M3 per-16 + LS  L=1                4.0000 0.09810 0.09052 0.12586    4.2s
    E4M3 per-32 + LS  L=1                3.7500 0.10520 0.09737 0.13081    8.2s
    idx8 per-16 + LS  L=1                3.6875 0.10153 0.09343 0.12790   15.3s
      codebook x2.46e+04: [88.0, 112.0, 128.0, 144.0, 160.0, 176.0, 208.0, 240.0]
    idx16 per-16 + LS  L=1               3.7500 0.09806 0.09047 0.12587   22.5s
      codebook x2.46e+04: [80.0, 88.0, 104.0, 112.0, 120.0, 128.0, 144.0, 160.0, 176.0, 192.0, 208.0, 224.0, 240.0, 256.0, 288.0, 320.0]
    idx32 per-16 + LS  L=1               3.8125 0.09800 0.09041 0.12580   26.6s
      codebook x2.46e+04: [40.0, 44.0, 48.0, 52.0, 56.0, 60.0, 64.0, 72.0, 80.0, 88.0, 96.0, 104.0, 112.0, 120.0, 128.0, 144.0, 160.0, 176.0, 192.0, 208.0, 224.0, 240.0, 256.0, 288.0, 320.0, 352.0, 384.0, 416.0, 448.0]
    E4M3 per-16 + LS  L=2                4.2500 0.08828 0.08123 0.11938   30.4s
    E4M3 per-32 + LS  L=2                4.0000 0.09507 0.08805 0.12410   34.2s
    idx8 per-16 + LS  L=2                3.9375 0.09165 0.08478 0.12179   41.1s
      codebook x2.46e+04: [88.0, 120.0, 144.0, 160.0, 176.0, 208.0, 240.0, 288.0]
    idx16 per-16 + LS  L=2               4.0000 0.08834 0.08141 0.11949   48.0s
      codebook x2.46e+04: [80.0, 88.0, 104.0, 112.0, 120.0, 128.0, 144.0, 160.0, 176.0, 192.0, 208.0, 224.0, 240.0, 256.0, 288.0, 320.0]
    idx32 per-16 + LS  L=2               4.0625 0.08824 0.08125 0.11939   52.0s
      codebook x2.46e+04: [40.0, 44.0, 48.0, 52.0, 56.0, 60.0, 64.0, 72.0, 80.0, 88.0, 96.0, 104.0, 112.0, 120.0, 128.0, 144.0, 160.0, 176.0, 192.0, 208.0, 224.0, 240.0, 256.0, 288.0, 320.0, 352.0, 384.0, 416.0, 448.0]

== L20 up_proj (2048, 4096)  eval 1024 rows  act leg served 0.09242
    arm                                     bpp      wt     out    W4A4
    E4M3 per-16 + LS  L=1                4.0000 0.09798 0.09467 0.13201    4.2s
    E4M3 per-32 + LS  L=1                3.7500 0.10504 0.10195 0.13729    8.2s
    idx8 per-16 + LS  L=1                3.6875 0.10144 0.09834 0.13455   15.2s
      codebook x2.46e+04: [88.0, 112.0, 128.0, 144.0, 160.0, 176.0, 208.0, 240.0]
    idx16 per-16 + LS  L=1               3.7500 0.09793 0.09454 0.13189   22.4s
      codebook x2.46e+04: [80.0, 88.0, 104.0, 112.0, 120.0, 128.0, 144.0, 160.0, 176.0, 192.0, 208.0, 224.0, 240.0, 256.0, 288.0, 320.0]
    idx32 per-16 + LS  L=1               3.8125 0.09787 0.09463 0.13197   26.5s
      codebook x2.46e+04: [40.0, 44.0, 48.0, 52.0, 56.0, 60.0, 64.0, 72.0, 80.0, 88.0, 96.0, 104.0, 112.0, 120.0, 128.0, 144.0, 160.0, 176.0, 192.0, 208.0, 224.0, 240.0, 256.0, 288.0, 320.0, 352.0, 384.0, 416.0, 448.0]
    E4M3 per-16 + LS  L=2                4.2500 0.08813 0.08539 0.12561   30.3s
    E4M3 per-32 + LS  L=2                4.0000 0.09487 0.09194 0.13003   34.1s
    idx8 per-16 + LS  L=2                3.9375 0.09139 0.08900 0.12803   41.1s
      codebook x2.46e+04: [88.0, 120.0, 144.0, 160.0, 176.0, 208.0, 240.0, 288.0]
    idx16 per-16 + LS  L=2               4.0000 0.08818 0.08527 0.12555   48.1s
      codebook x2.46e+04: [80.0, 88.0, 104.0, 112.0, 120.0, 128.0, 144.0, 160.0, 176.0, 192.0, 208.0, 224.0, 240.0, 256.0, 288.0, 320.0]
    idx32 per-16 + LS  L=2               4.0625 0.08809 0.08532 0.12557   52.0s
      codebook x2.46e+04: [40.0, 44.0, 48.0, 52.0, 56.0, 60.0, 64.0, 72.0, 80.0, 88.0, 96.0, 104.0, 112.0, 120.0, 128.0, 144.0, 160.0, 176.0, 192.0, 208.0, 224.0, 240.0, 256.0, 288.0, 320.0, 352.0, 384.0, 416.0, 448.0]

== L42 gate_proj (2048, 4096)  eval 1024 rows  act leg served 0.06653
    arm                                     bpp      wt     out    W4A4
    E4M3 per-16 + LS  L=1                4.0000 0.09888 0.06895 0.09580    4.2s
    E4M3 per-32 + LS  L=1                3.7500 0.10654 0.07491 0.10018    8.3s
    idx8 per-16 + LS  L=1                3.6875 0.10183 0.07171 0.09780   16.2s
      codebook x2.15e+04: [88.0, 112.0, 128.0, 144.0, 160.0, 192.0, 224.0, 288.0]
    idx16 per-16 + LS  L=1               3.7500 0.09896 0.06914 0.09598   25.0s
      codebook x2.15e+04: [64.0, 80.0, 88.0, 96.0, 104.0, 112.0, 120.0, 128.0, 144.0, 160.0, 176.0, 192.0, 208.0, 224.0, 256.0, 288.0]
    idx32 per-16 + LS  L=1               3.8125 0.09880 0.06889 0.09578   29.1s
      codebook x2.15e+04: [32.0, 36.0, 40.0, 44.0, 48.0, 52.0, 56.0, 60.0, 64.0, 72.0, 80.0, 88.0, 96.0, 104.0, 112.0, 120.0, 128.0, 144.0, 160.0, 176.0, 192.0, 208.0, 224.0, 240.0, 256.0, 288.0, 320.0, 352.0, 384.0, 416.0, 448.0]
    E4M3 per-16 + LS  L=2                4.2500 0.08911 0.06252 0.09129   32.9s
    E4M3 per-32 + LS  L=2                4.0000 0.09655 0.06780 0.09496   36.7s
    idx8 per-16 + LS  L=2                3.9375 0.09226 0.06463 0.09274   44.2s
      codebook x2.15e+04: [88.0, 112.0, 128.0, 144.0, 160.0, 192.0, 224.0, 288.0]
    idx16 per-16 + LS  L=2               4.0000 0.08928 0.06269 0.09141   53.1s
      codebook x2.15e+04: [64.0, 80.0, 88.0, 96.0, 104.0, 112.0, 120.0, 128.0, 144.0, 160.0, 176.0, 192.0, 208.0, 224.0, 256.0, 288.0]
    idx32 per-16 + LS  L=2               4.0625 0.08907 0.06252 0.09129   57.0s
      codebook x2.15e+04: [32.0, 36.0, 40.0, 44.0, 48.0, 52.0, 56.0, 60.0, 64.0, 72.0, 80.0, 88.0, 96.0, 104.0, 112.0, 120.0, 128.0, 144.0, 160.0, 176.0, 192.0, 208.0, 224.0, 240.0, 256.0, 288.0, 320.0, 352.0, 384.0, 416.0, 448.0]

== L42 up_proj (2048, 4096)  eval 1024 rows  act leg served 0.08633
    arm                                     bpp      wt     out    W4A4
    E4M3 per-16 + LS  L=1                4.0000 0.09833 0.08935 0.12404    4.1s
    E4M3 per-32 + LS  L=1                3.7500 0.10567 0.09625 0.12905    8.0s
    idx8 per-16 + LS  L=1                3.6875 0.10171 0.09242 0.12645   15.3s
      codebook x2.29e+04: [88.0, 112.0, 128.0, 160.0, 176.0, 208.0, 240.0, 288.0]
    idx16 per-16 + LS  L=1               3.7500 0.09832 0.08959 0.12419   22.1s
      codebook x2.29e+04: [80.0, 88.0, 96.0, 104.0, 112.0, 120.0, 128.0, 144.0, 160.0, 176.0, 192.0, 208.0, 224.0, 240.0, 288.0, 320.0]
    idx32 per-16 + LS  L=1               3.8125 0.09824 0.08923 0.12394   26.2s
      codebook x2.29e+04: [36.0, 40.0, 44.0, 48.0, 52.0, 56.0, 60.0, 64.0, 72.0, 80.0, 88.0, 96.0, 104.0, 112.0, 120.0, 128.0, 144.0, 160.0, 176.0, 192.0, 208.0, 224.0, 240.0, 256.0, 288.0, 320.0, 352.0, 384.0, 416.0, 448.0]
    E4M3 per-16 + LS  L=2                4.2500 0.08840 0.08000 0.11754   30.0s
    E4M3 per-32 + LS  L=2                4.0000 0.09552 0.08669 0.12210   33.8s
    idx8 per-16 + LS  L=2                3.9375 0.09188 0.08364 0.12018   41.1s
      codebook x2.29e+04: [88.0, 112.0, 128.0, 160.0, 176.0, 208.0, 240.0, 288.0]
    idx16 per-16 + LS  L=2               4.0000 0.08846 0.07998 0.11751   47.9s
      codebook x2.29e+04: [80.0, 88.0, 96.0, 104.0, 112.0, 120.0, 128.0, 144.0, 160.0, 176.0, 192.0, 208.0, 224.0, 240.0, 288.0, 320.0]
    idx32 per-16 + LS  L=2               4.0625 0.08836 0.07996 0.11753   51.8s
      codebook x2.29e+04: [36.0, 40.0, 44.0, 48.0, 52.0, 56.0, 60.0, 64.0, 72.0, 80.0, 88.0, 96.0, 104.0, 112.0, 120.0, 128.0, 144.0, 160.0, 176.0, 192.0, 208.0, 224.0, 240.0, 256.0, 288.0, 320.0, 352.0, 384.0, 416.0, 448.0]

| arm | bpp | out-space weight leg | vs E4M3/16 L=1 (4.0) | W4A4 | vs EXL3@A4 |
|---|---:|---:|---:|---:|---:|
| idx8 per-16 + LS  L=1 | 3.6875 | 0.09225 | 0.967x | 0.12629 | 1.217x |
| E4M3 per-32 + LS  L=1 | 3.7500 | 0.09610 | 0.928x | 0.12912 | 1.244x |
| idx16 per-16 + LS  L=1 | 3.7500 | 0.08925 | 1.000x | 0.12415 | 1.196x |
| idx32 per-16 + LS  L=1 | 3.8125 | 0.08913 | 1.001x | 0.12405 | 1.195x |
| idx8 per-16 + LS  L=2 | 3.9375 | 0.08359 | 1.068x | 0.12016 | 1.157x |
| E4M3 per-16 + LS  L=1 | 4.0000 | 0.08924 | 1.000x | 0.12413 | 1.196x |
| E4M3 per-32 + LS  L=2 | 4.0000 | 0.08672 | 1.028x | 0.12231 | 1.178x |
| idx16 per-16 + LS  L=2 | 4.0000 | 0.08030 | 1.111x | 0.11791 | 1.136x |
| idx32 per-16 + LS  L=2 | 4.0625 | 0.08022 | 1.112x | 0.11786 | 1.135x |
| E4M3 per-16 + LS  L=2 | 4.2500 | 0.08026 | 1.112x | 0.11789 | 1.136x |

wrote experiments/results/tessera_index_plane_subset.json
