fatal: not a git repository (or any of the parent directories): .git

== L5.gate_proj (2048, 4096)  git unknown
    arm                                               bpp       wt      out       a4       a8     s | vs EXL3 out/a4/a8
    EXL3 K=2 (LDLQ, W4A16)                          2.012  0.34116  0.28124  0.29498  0.28224     0
    EXL3 K=3 (LDLQ, W4A16)                          3.012  0.17384  0.14260  0.16927  0.14482     0
    EXL3 K=4 (LDLQ, W4A16)                          4.012  0.08816  0.07237  0.11671  0.07672     0
    EXL3 K=5 (LDLQ, W4A16)                          5.012  0.04482  0.03674  0.09877  0.04470     0
    EXL3 K=6 (LDLQ, W4A16)                          6.012  0.02294  0.01877  0.09360  0.03166     0
    EXL3 K=8 (LDLQ, W4A16)                          8.012  0.00623  0.00511  0.09184  0.02602     0
    FP8 per-channel RTN (E4M3 floor, W8A8)          8.008  0.02209  0.02142  0.09440  0.03326     0 | 4.182 1.028 1.278
    E2M1x2 TCQ span2 LUT16 q512  (2.5)              2.501  0.28913  0.27963  0.29305  0.28068     2 | 1.386 1.304 1.378
    E2M1x2 TCQ span2 LUT16 q640  (3.0)              3.001  0.19964  0.19268  0.21250  0.19431     2 | 1.341 1.248 1.332
    E2M1x2 TCQ span2 LUT16 q768  (3.5)              3.501  0.15096  0.14553  0.17140  0.14768     2 | 1.422 1.215 1.392
    E2M1x2 TCQ span2 LUT16 q896  (4.0)              4.001  0.08728  0.08410  0.12424  0.08786     3 | 1.154 1.060 1.138
    E2M1x2 window LUT16 q576  (2.5) L=12            2.505  0.21825  0.21120  0.22950  0.21265    20 | 1.050 1.023 1.047
    E2M1x2 window LUT16 q704  (3.0) L=12            3.005  0.15628  0.15088  0.17610  0.15297    19 | 1.053 1.036 1.051
    E2M1x2 window LUT16 q832  (3.5) L=12            3.505  0.11526  0.11067  0.14339  0.11355    19 | 1.084 1.017 1.072
    E2M1x2 window LUT16 q960  (4.0) L=12            4.005  0.09290  0.08942  0.12790  0.09297    19 | 1.230 1.093 1.206
    E4M3 TCQ span2 LUT16 q832  (4.0)                4.001  0.09003  0.08689  0.12621  0.09052     4 | 1.192 1.077 1.172
    E4M3 TCQ span2 LUT16 q1088 (5.0)                5.001  0.04704  0.04538  0.10230  0.05204     4 | 1.226 1.034 1.158
    E4M3 TCQ span2 CHANNEL q896  (4.0)              4.005  0.10668  0.10300  0.13758  0.10604     3 | 1.417 1.176 1.376
    E4M3 TCQ span2 CHANNEL q1152 (5.0)              5.005  0.06207  0.05980  0.10934  0.06498     3 | 1.620 1.106 1.449
    E4M3 window LUT16 q960  (4.0) L=12              4.005  0.08374  0.08087  0.12209  0.08478    25 | 1.112 1.043 1.100
    E4M3 window LUT16 q1216 (5.0) L=12              5.005  0.04488  0.04323  0.10136  0.05018    25 | 1.171 1.025 1.118
    E4M3 window CHANNEL q768  (3.0) L=12            3.009  0.14083  0.13533  0.16298  0.13767    25 | 0.947 0.961 0.949
    E4M3 window CHANNEL q1024 (4.0) L=12            4.009  0.07367  0.07081  0.11568  0.07525    24 | 0.976 0.990 0.979
    E4M3 window CHANNEL q1280 (5.0) L=12            5.009  0.03885  0.03749  0.09899  0.04531    24 | 1.018 1.002 1.012
    E4M3 window CHANNEL q1536 (6.0) L=12            6.009  0.02481  0.02395  0.09475  0.03498    24 | 1.273 1.012 1.103

== L5.up_proj (2048, 4096)  git unknown
    arm                                               bpp       wt      out       a4       a8     s | vs EXL3 out/a4/a8
    EXL3 K=2 (LDLQ, W4A16)                          2.012  0.34131  0.29097  0.30520  0.29199     0
    EXL3 K=3 (LDLQ, W4A16)                          3.012  0.17395  0.14759  0.17504  0.14987     0
    EXL3 K=4 (LDLQ, W4A16)                          4.012  0.08816  0.07465  0.12055  0.07915     0
    EXL3 K=5 (LDLQ, W4A16)                          5.012  0.04483  0.03800  0.10204  0.04623     0
    EXL3 K=6 (LDLQ, W4A16)                          6.012  0.02295  0.01944  0.09674  0.03276     0
    EXL3 K=8 (LDLQ, W4A16)                          8.012  0.00617  0.00523  0.09489  0.02689     0
    FP8 per-channel RTN (E4M3 floor, W8A8)          8.008  0.02239  0.02225  0.09760  0.03448     0 | 4.246 1.029 1.282
    E2M1x2 TCQ span2 LUT16 q512  (2.5)              2.501  0.28942  0.28778  0.30179  0.28886     2 | 1.379 1.298 1.371
    E2M1x2 TCQ span2 LUT16 q640  (3.0)              3.001  0.19978  0.19963  0.22007  0.20129     2 | 1.343 1.250 1.334
    E2M1x2 TCQ span2 LUT16 q768  (3.5)              3.501  0.15088  0.15046  0.17723  0.15271     2 | 1.423 1.215 1.393
    E2M1x2 TCQ span2 LUT16 q896  (4.0)              4.001  0.08733  0.08693  0.12829  0.09077     3 | 1.156 1.060 1.139
    E2M1x2 window LUT16 q576  (2.5) L=12            2.505  0.21829  0.21805  0.23690  0.21957    20 | 1.047 1.021 1.045
    E2M1x2 window LUT16 q704  (3.0) L=12            3.005  0.15633  0.15483  0.18103  0.15700    19 | 1.044 1.030 1.043
    E2M1x2 window LUT16 q832  (3.5) L=12            3.505  0.11528  0.11447  0.14818  0.11742    19 | 1.085 1.017 1.073
    E2M1x2 window LUT16 q960  (4.0) L=12            4.005  0.09295  0.09221  0.13195  0.09583    19 | 1.229 1.092 1.205
    E4M3 TCQ span2 LUT16 q832  (4.0)                4.001  0.09003  0.08944  0.13019  0.09318     4 | 1.190 1.076 1.169
    E4M3 TCQ span2 LUT16 q1088 (5.0)                5.001  0.04704  0.04681  0.10563  0.05374     4 | 1.223 1.033 1.156
    E4M3 TCQ span2 CHANNEL q896  (4.0)              4.005  0.10657  0.10603  0.14180  0.10921     3 | 1.414 1.173 1.374
    E4M3 TCQ span2 CHANNEL q1152 (5.0)              5.005  0.06203  0.06153  0.11281  0.06694     3 | 1.612 1.104 1.443
    E4M3 window LUT16 q960  (4.0) L=12              4.005  0.08375  0.08330  0.12598  0.08732    25 | 1.110 1.042 1.098
    E4M3 window LUT16 q1216 (5.0) L=12              5.005  0.04487  0.04465  0.10465  0.05185    25 | 1.169 1.024 1.117
    E4M3 window CHANNEL q768  (3.0) L=12            3.009  0.14083  0.14058  0.16896  0.14301    25 | 0.950 0.964 0.952
    E4M3 window CHANNEL q1024 (4.0) L=12            4.009  0.07362  0.07339  0.11970  0.07793    24 | 0.981 0.992 0.983
    E4M3 window CHANNEL q1280 (5.0) L=12            5.009  0.03872  0.03854  0.10222  0.04665    24 | 1.012 1.001 1.007
    E4M3 window CHANNEL q1536 (6.0) L=12            6.009  0.02454  0.02450  0.09782  0.03599    24 | 1.258 1.011 1.097

== L20.gate_proj (2048, 4096)  git unknown
    arm                                               bpp       wt      out       a4       a8     s | vs EXL3 out/a4/a8
    EXL3 K=2 (LDLQ, W4A16)                          2.012  0.32959  0.27085  0.28388  0.27184     0
    EXL3 K=3 (LDLQ, W4A16)                          3.012  0.16769  0.13674  0.16216  0.13886     0
    EXL3 K=4 (LDLQ, W4A16)                          4.012  0.08495  0.06925  0.11155  0.07340     0
    EXL3 K=5 (LDLQ, W4A16)                          5.012  0.04317  0.03530  0.09450  0.04289     0
    EXL3 K=6 (LDLQ, W4A16)                          6.012  0.02211  0.01799  0.08952  0.03034     0
    EXL3 K=8 (LDLQ, W4A16)                          8.012  0.00608  0.00495  0.08783  0.02490     0
    FP8 per-channel RTN (E4M3 floor, W8A8)          8.008  0.02416  0.02255  0.09063  0.03316     0 | 4.546 1.032 1.331
    E2M1x2 TCQ span2 LUT16 q512  (2.5)              2.501  0.28899  0.26821  0.28121  0.26925     2 | 1.383 1.303 1.376
    E2M1x2 TCQ span2 LUT16 q640  (3.0)              3.001  0.19973  0.18463  0.20375  0.18618     2 | 1.340 1.249 1.331
    E2M1x2 TCQ span2 LUT16 q768  (3.5)              3.501  0.15084  0.13919  0.16394  0.14127     2 | 1.420 1.214 1.390
    E2M1x2 TCQ span2 LUT16 q896  (4.0)              4.001  0.08767  0.08064  0.11903  0.08427     3 | 1.156 1.063 1.140
    E2M1x2 window LUT16 q576  (2.5) L=12            2.505  0.21761  0.20121  0.21891  0.20262    19 | 1.040 1.016 1.038
    E2M1x2 window LUT16 q704  (3.0) L=12            3.005  0.15601  0.14493  0.16888  0.14694    19 | 1.055 1.037 1.053
    E2M1x2 window LUT16 q832  (3.5) L=12            3.505  0.11528  0.10685  0.13794  0.10957    19 | 1.093 1.023 1.080
    E2M1x2 window LUT16 q960  (4.0) L=12            4.005  0.09319  0.08589  0.12264  0.08930    19 | 1.234 1.097 1.211
    E4M3 TCQ span2 LUT16 q832  (4.0)                4.001  0.08989  0.08293  0.12052  0.08644     4 | 1.189 1.076 1.170
    E4M3 TCQ span2 LUT16 q1088 (5.0)                5.001  0.04697  0.04303  0.09762  0.04949     4 | 1.211 1.031 1.147
    E4M3 TCQ span2 CHANNEL q896  (4.0)              4.005  0.10522  0.09738  0.13078  0.10038     3 | 1.400 1.170 1.362
    E4M3 TCQ span2 CHANNEL q1152 (5.0)              5.005  0.06135  0.05663  0.10426  0.06165     3 | 1.597 1.102 1.432
    E4M3 window LUT16 q960  (4.0) L=12              4.005  0.08366  0.07697  0.11651  0.08073    25 | 1.106 1.042 1.095
    E4M3 window LUT16 q1216 (5.0) L=12              5.005  0.04480  0.04128  0.09684  0.04799    25 | 1.164 1.024 1.115
    E4M3 window CHANNEL q768  (3.0) L=12            3.009  0.14036  0.12952  0.15598  0.13179    25 | 0.945 0.960 0.947
    E4M3 window CHANNEL q1024 (4.0) L=12            4.009  0.07325  0.06795  0.11078  0.07215    24 | 0.979 0.992 0.981
    E4M3 window CHANNEL q1280 (5.0) L=12            5.009  0.03822  0.03529  0.09448  0.04294    24 | 0.998 0.999 0.999
    E4M3 window CHANNEL q1536 (6.0) L=12            6.009  0.02313  0.02127  0.09022  0.03239    24 | 1.180 1.008 1.067

== L20.up_proj (2048, 4096)  git unknown
    arm                                               bpp       wt      out       a4       a8     s | vs EXL3 out/a4/a8
    EXL3 K=2 (LDLQ, W4A16)                          2.012  0.32934  0.28421  0.29811  0.28524     0
    EXL3 K=3 (LDLQ, W4A16)                          3.012  0.16760  0.14411  0.17086  0.14632     0
    EXL3 K=4 (LDLQ, W4A16)                          4.012  0.08492  0.07293  0.11761  0.07732     0
    EXL3 K=5 (LDLQ, W4A16)                          5.012  0.04315  0.03726  0.09967  0.04524     0
    EXL3 K=6 (LDLQ, W4A16)                          6.012  0.02205  0.01908  0.09437  0.03202     0
    EXL3 K=8 (LDLQ, W4A16)                          8.012  0.00588  0.00505  0.09257  0.02620     0
    FP8 per-channel RTN (E4M3 floor, W8A8)          8.008  0.02389  0.02322  0.09548  0.03462     0 | 4.589 1.031 1.321
    E2M1x2 TCQ span2 LUT16 q512  (2.5)              2.501  0.28928  0.28140  0.29500  0.28251     2 | 1.380 1.299 1.373
    E2M1x2 TCQ span2 LUT16 q640  (3.0)              3.001  0.19986  0.19492  0.21492  0.19655     2 | 1.343 1.250 1.334
    E2M1x2 TCQ span2 LUT16 q768  (3.5)              3.501  0.15088  0.14667  0.17279  0.14885     2 | 1.420 1.214 1.390
    E2M1x2 TCQ span2 LUT16 q896  (4.0)              4.001  0.08757  0.08508  0.12545  0.08884     2 | 1.158 1.062 1.141
    E2M1x2 window LUT16 q576  (2.5) L=12            2.505  0.21788  0.21200  0.23048  0.21348    19 | 1.043 1.017 1.040
    E2M1x2 window LUT16 q704  (3.0) L=12            3.005  0.15611  0.15219  0.17762  0.15429    19 | 1.051 1.035 1.050
    E2M1x2 window LUT16 q832  (3.5) L=12            3.505  0.11527  0.11217  0.14505  0.11509    19 | 1.089 1.021 1.077
    E2M1x2 window LUT16 q960  (4.0) L=12            4.005  0.09310  0.09034  0.12903  0.09390    19 | 1.233 1.094 1.209
    E4M3 TCQ span2 LUT16 q832  (4.0)                4.001  0.08991  0.08724  0.12685  0.09094     4 | 1.188 1.074 1.168
    E4M3 TCQ span2 LUT16 q1088 (5.0)                5.001  0.04703  0.04591  0.10307  0.05265     4 | 1.224 1.032 1.157
    E4M3 TCQ span2 CHANNEL q896  (4.0)              4.005  0.10516  0.10192  0.13731  0.10510     3 | 1.391 1.165 1.354
    E4M3 TCQ span2 CHANNEL q1152 (5.0)              5.005  0.06116  0.05978  0.10996  0.06507     3 | 1.597 1.102 1.433
    E4M3 window LUT16 q960  (4.0) L=12              4.005  0.08374  0.08134  0.12292  0.08530    25 | 1.110 1.042 1.098
    E4M3 window LUT16 q1216 (5.0) L=12              5.005  0.04488  0.04376  0.10212  0.05077    25 | 1.169 1.023 1.118
    E4M3 window CHANNEL q768  (3.0) L=12            3.009  0.14049  0.13651  0.16428  0.13885    25 | 0.945 0.960 0.947
    E4M3 window CHANNEL q1024 (4.0) L=12            4.009  0.07337  0.07088  0.11625  0.07539    24 | 0.970 0.987 0.973
    E4M3 window CHANNEL q1280 (5.0) L=12            5.009  0.03854  0.03746  0.09967  0.04543    24 | 1.003 1.000 1.002
    E4M3 window CHANNEL q1536 (6.0) L=12            6.009  0.02407  0.02338  0.09535  0.03476    24 | 1.222 1.010 1.084

== L42.gate_proj (2048, 4096)  git unknown
    arm                                               bpp       wt      out       a4       a8     s | vs EXL3 out/a4/a8
    EXL3 K=2 (LDLQ, W4A16)                          2.012  0.33297  0.20014  0.21044  0.20089     0
    EXL3 K=3 (LDLQ, W4A16)                          3.012  0.16925  0.10115  0.12084  0.10277     0
    EXL3 K=4 (LDLQ, W4A16)                          4.012  0.08580  0.05132  0.08395  0.05453     0
    EXL3 K=5 (LDLQ, W4A16)                          5.012  0.04361  0.02610  0.07145  0.03198     0
    EXL3 K=6 (LDLQ, W4A16)                          6.012  0.02232  0.01333  0.06785  0.02278     0
    EXL3 K=8 (LDLQ, W4A16)                          8.012  0.00600  0.00359  0.06662  0.01885     0
    FP8 per-channel RTN (E4M3 floor, W8A8)          8.008  0.02457  0.01796  0.06889  0.02572     0 | 4.984 1.034 1.364
    E2M1x2 TCQ span2 LUT16 q512  (2.5)              2.501  0.28782  0.20723  0.21750  0.20810     2 | 1.446 1.356 1.438
    E2M1x2 TCQ span2 LUT16 q640  (3.0)              3.001  0.19926  0.14197  0.15667  0.14322     2 | 1.393 1.289 1.384
    E2M1x2 TCQ span2 LUT16 q768  (3.5)              3.501  0.15007  0.10554  0.12457  0.10715     2 | 1.454 1.232 1.422
    E2M1x2 TCQ span2 LUT16 q896  (4.0)              4.001  0.08842  0.06217  0.09105  0.06487     3 | 1.203 1.081 1.182
    E2M1x2 window LUT16 q576  (2.5) L=12            2.505  0.21693  0.15545  0.16918  0.15659    20 | 1.087 1.057 1.085
    E2M1x2 window LUT16 q704  (3.0) L=12            3.005  0.15566  0.11045  0.12889  0.11202    19 | 1.087 1.062 1.085
    E2M1x2 window LUT16 q832  (3.5) L=12            3.505  0.11544  0.08090  0.10474  0.08301    19 | 1.117 1.037 1.104
    E2M1x2 window LUT16 q960  (4.0) L=12            4.005  0.09383  0.06553  0.09344  0.06812    19 | 1.271 1.110 1.244
    E4M3 TCQ span2 LUT16 q832  (4.0)                4.001  0.09003  0.06280  0.09149  0.06547     4 | 1.215 1.086 1.193
    E4M3 TCQ span2 LUT16 q1088 (5.0)                5.001  0.04684  0.03290  0.07422  0.03773     4 | 1.252 1.037 1.173
    E4M3 TCQ span2 CHANNEL q896  (4.0)              4.005  0.10530  0.07387  0.09939  0.07618     3 | 1.433 1.181 1.391
    E4M3 TCQ span2 CHANNEL q1152 (5.0)              5.005  0.06137  0.04317  0.07932  0.04697     3 | 1.647 1.109 1.464
    E4M3 window LUT16 q960  (4.0) L=12              4.005  0.08337  0.05872  0.08877  0.06156    25 | 1.139 1.055 1.124
    E4M3 window LUT16 q1216 (5.0) L=12              5.005  0.04465  0.03141  0.07354  0.03643    25 | 1.198 1.028 1.135
    E4M3 window CHANNEL q768  (3.0) L=12            3.009  0.13976  0.09963  0.11982  0.10138    25 | 0.983 0.990 0.984
    E4M3 window CHANNEL q1024 (4.0) L=12            4.009  0.07302  0.05149  0.08424  0.05472    24 | 1.001 1.002 1.001
    E4M3 window CHANNEL q1280 (5.0) L=12            5.009  0.03844  0.02695  0.07177  0.03269    24 | 1.030 1.004 1.021
    E4M3 window CHANNEL q1536 (6.0) L=12            6.009  0.02372  0.01664  0.06858  0.02490    24 | 1.245 1.011 1.091

== L42.up_proj (2048, 4096)  git unknown
    arm                                               bpp       wt      out       a4       a8     s | vs EXL3 out/a4/a8
    EXL3 K=2 (LDLQ, W4A16)                          2.012  0.33275  0.25850  0.27177  0.25951     0
    EXL3 K=3 (LDLQ, W4A16)                          3.012  0.16932  0.13129  0.15683  0.13339     0
    EXL3 K=4 (LDLQ, W4A16)                          4.012  0.08580  0.06673  0.10897  0.07088     0
    EXL3 K=5 (LDLQ, W4A16)                          5.012  0.04366  0.03389  0.09269  0.04153     0
    EXL3 K=6 (LDLQ, W4A16)                          6.012  0.02238  0.01736  0.08803  0.02963     0
    EXL3 K=8 (LDLQ, W4A16)                          8.012  0.00615  0.00479  0.08647  0.02448     0
    FP8 per-channel RTN (E4M3 floor, W8A8)          8.008  0.02409  0.02230  0.08929  0.03272     0 | 4.647 1.033 1.336
    E2M1x2 TCQ span2 LUT16 q512  (2.5)              2.501  0.28860  0.26616  0.27888  0.26720     2 | 1.434 1.343 1.426
    E2M1x2 TCQ span2 LUT16 q640  (3.0)              3.001  0.19946  0.18309  0.20194  0.18466     2 | 1.385 1.280 1.375
    E2M1x2 TCQ span2 LUT16 q768  (3.5)              3.501  0.15052  0.13644  0.16102  0.13856     2 | 1.447 1.227 1.415
    E2M1x2 TCQ span2 LUT16 q896  (4.0)              4.001  0.08814  0.08004  0.11760  0.08349     3 | 1.191 1.075 1.170
    E2M1x2 window LUT16 q576  (2.5) L=12            2.505  0.21754  0.19825  0.21568  0.19965    20 | 1.071 1.041 1.068
    E2M1x2 window LUT16 q704  (3.0) L=12            3.005  0.15603  0.14204  0.16583  0.14403    19 | 1.077 1.053 1.075
    E2M1x2 window LUT16 q832  (3.5) L=12            3.505  0.11549  0.10523  0.13592  0.10793    19 | 1.119 1.037 1.105
    E2M1x2 window LUT16 q960  (4.0) L=12            4.005  0.09360  0.08481  0.12087  0.08809    19 | 1.265 1.106 1.237
    E4M3 TCQ span2 LUT16 q832  (4.0)                4.001  0.09003  0.08138  0.11852  0.08480     4 | 1.211 1.084 1.189
    E4M3 TCQ span2 LUT16 q1088 (5.0)                5.001  0.04688  0.04281  0.09632  0.04907     4 | 1.254 1.037 1.175
    E4M3 TCQ span2 CHANNEL q896  (4.0)              4.005  0.10558  0.09582  0.12876  0.09877     3 | 1.430 1.179 1.388
    E4M3 TCQ span2 CHANNEL q1152 (5.0)              5.005  0.06139  0.05579  0.10262  0.06073     3 | 1.639 1.106 1.457
    E4M3 window LUT16 q960  (4.0) L=12              4.005  0.08354  0.07617  0.11496  0.07986    25 | 1.136 1.052 1.122
    E4M3 window LUT16 q1216 (5.0) L=12              5.005  0.04472  0.04067  0.09545  0.04718    25 | 1.194 1.029 1.132
    E4M3 window CHANNEL q768  (3.0) L=12            3.009  0.14023  0.12775  0.15378  0.12999    25 | 0.971 0.979 0.972
    E4M3 window CHANNEL q1024 (4.0) L=12            4.009  0.07327  0.06715  0.10923  0.07130    24 | 1.004 1.001 1.004
    E4M3 window CHANNEL q1280 (5.0) L=12            5.009  0.03870  0.03522  0.09320  0.04260    24 | 1.037 1.005 1.024
    E4M3 window CHANNEL q1536 (6.0) L=12            6.009  0.02404  0.02193  0.08908  0.03251    24 | 1.261 1.012 1.096

== geomeans over tensors
    EXL3 K=2 (LDLQ, W4A16)                          2.012  0.33448  0.26233  0.27534  0.26329 n=6
    EXL3 K=3 (LDLQ, W4A16)                          3.012  0.17025  0.13289  0.15800  0.13497 n=6
    EXL3 K=4 (LDLQ, W4A16)                          4.012  0.08629  0.06736  0.10912  0.07146 n=6
    EXL3 K=5 (LDLQ, W4A16)                          5.012  0.04387  0.03429  0.09256  0.04179 n=6
    EXL3 K=6 (LDLQ, W4A16)                          6.012  0.02246  0.01753  0.08776  0.02966 n=6
    EXL3 K=8 (LDLQ, W4A16)                          8.012  0.00608  0.00475  0.08613  0.02439 n=6
    FP8 per-channel RTN (E4M3 floor, W8A8)          8.008  0.02351  0.02154  0.08880  0.03217 n=6 | 4.525 1.031 1.318
    E2M1x2 TCQ span2 LUT16 q512  (2.5)              2.501  0.28887  0.26353  0.27631  0.26457 n=6 | 1.401 1.317 1.393
    E2M1x2 TCQ span2 LUT16 q640  (3.0)              3.001  0.19962  0.18170  0.20041  0.18324 n=6 | 1.357 1.261 1.348
    E2M1x2 TCQ span2 LUT16 q768  (3.5)              3.501  0.15069  0.13639  0.16076  0.13844 n=6 | 1.431 1.220 1.400
    E2M1x2 TCQ span2 LUT16 q896  (4.0)              4.001  0.08774  0.07935  0.11687  0.08285 n=6 | 1.170 1.067 1.152
    E2M1x2 window LUT16 q576  (2.5) L=12            2.505  0.21775  0.19816  0.21547  0.19955 n=6 | 1.056 1.029 1.054
    E2M1x2 window LUT16 q704  (3.0) L=12            3.005  0.15607  0.14167  0.16535  0.14364 n=6 | 1.061 1.042 1.059
    E2M1x2 window LUT16 q832  (3.5) L=12            3.505  0.11534  0.10437  0.13499  0.10707 n=6 | 1.098 1.025 1.085
    E2M1x2 window LUT16 q960  (4.0) L=12            4.005  0.09326  0.08417  0.12020  0.08748 n=6 | 1.244 1.099 1.219
    E4M3 TCQ span2 LUT16 q832  (4.0)                4.001  0.08999  0.08123  0.11818  0.08466 n=6 | 1.197 1.079 1.177
    E4M3 TCQ span2 LUT16 q1088 (5.0)                5.001  0.04697  0.04252  0.09588  0.04879 n=6 | 1.232 1.034 1.161
    E4M3 TCQ span2 CHANNEL q896  (4.0)              4.005  0.10575  0.09568  0.12841  0.09861 n=6 | 1.414 1.174 1.374
    E4M3 TCQ span2 CHANNEL q1152 (5.0)              5.005  0.06156  0.05574  0.10237  0.06065 n=6 | 1.619 1.105 1.446
    E4M3 window LUT16 q960  (4.0) L=12              4.005  0.08363  0.07573  0.11445  0.07940 n=6 | 1.119 1.046 1.106
    E4M3 window LUT16 q1216 (5.0) L=12              5.005  0.04480  0.04056  0.09503  0.04709 n=6 | 1.177 1.026 1.122
    E4M3 window CHANNEL q768  (3.0) L=12            3.009  0.14042  0.12743  0.15334  0.12964 n=6 | 0.957 0.969 0.958
    E4M3 window CHANNEL q1024 (4.0) L=12            4.009  0.07337  0.06651  0.10860  0.07066 n=6 | 0.985 0.994 0.987
    E4M3 window CHANNEL q1280 (5.0) L=12            5.009  0.03858  0.03492  0.09277  0.04232 n=6 | 1.016 1.002 1.011
    E4M3 window CHANNEL q1536 (6.0) L=12            6.009  0.02404  0.02177  0.08870  0.03236 n=6 | 1.240 1.011 1.090

DONE
