
##### tessera_bitshift_tile 2026-09-01 21:31:50 args={'rates': [4, 5], 'memories': [8, 10, 12, 14, 16], 'expert_memories': [12, 14], 'kinds': ['free', 'e4m3', 'lm-mid', 'sorted'], 'sigma_units': 64.0, 'rows': 2048, 'gauss_cols': 512, 'chunk': 512, 'seed': 1234, 'layers': [5, 20, 42], 'projs': ['gate_proj', 'up_proj'], 'eval_rows': 1024, 'refits': 2, 'exl3': [4, 5], 'no_gaussian': True, 'pinned_start': True, 'no_experts': False, 'out': 'experiments/results/tessera_bitshift_tile_pinned.json'}

### Six experts, per-channel protocol, held-out last 1024 rows

== L5.gate_proj (2048, 4096)
    EXL3 K=4                                                  4.012  0.08816  0.07237  0.11671  0.07672
    EXL3 K=5                                                  5.012  0.04482  0.03674  0.09877  0.04470
    Tessera-8 R=4 per-channel 4-subset Ung6 (today)           4.008  0.08586  0.08298  0.12345  0.08680
    Tessera-8 R=4 per-channel bitshift E4M3 L=12 (pinned)     4.012  0.07351  0.07081  0.11557  0.07528
      (35.8s)
    Tessera-8 R=4 per-channel bitshift E4M3 L=14 (pinned)     4.023  0.06989  0.06734  0.11353  0.07200
      (207.5s)
    Tessera-8 R=5 per-channel 4-subset Ung6 (today)           5.008  0.04520  0.04358  0.10136  0.05048
    Tessera-8 R=5 per-channel bitshift E4M3 L=12 (pinned)     5.012  0.04008  0.03872  0.09936  0.04634
      (35.2s)
    Tessera-8 R=5 per-channel bitshift E4M3 L=14 (pinned)     5.023  0.03759  0.03633  0.09848  0.04438
      (194.3s)

== L5.up_proj (2048, 4096)
    EXL3 K=4                                                  4.012  0.08816  0.07465  0.12055  0.07915
    EXL3 K=5                                                  5.012  0.04483  0.03800  0.10204  0.04623
    Tessera-8 R=4 per-channel 4-subset Ung6 (today)           4.008  0.08580  0.08528  0.12726  0.08924
    Tessera-8 R=4 per-channel bitshift E4M3 L=12 (pinned)     4.012  0.07352  0.07325  0.11946  0.07784
      (37.3s)
    Tessera-8 R=4 per-channel bitshift E4M3 L=14 (pinned)     4.023  0.06993  0.06963  0.11741  0.07448
      (220.6s)
    Tessera-8 R=5 per-channel 4-subset Ung6 (today)           5.008  0.04524  0.04513  0.10477  0.05228
    Tessera-8 R=5 per-channel bitshift E4M3 L=12 (pinned)     5.012  0.04009  0.04002  0.10264  0.04795
      (36.9s)
    Tessera-8 R=5 per-channel bitshift E4M3 L=14 (pinned)     5.023  0.03762  0.03732  0.10163  0.04571
      (213.3s)

== L20.gate_proj (2048, 4096)
    EXL3 K=4                                                  4.012  0.08495  0.06925  0.11155  0.07340
    EXL3 K=5                                                  5.012  0.04317  0.03530  0.09450  0.04289
    Tessera-8 R=4 per-channel 4-subset Ung6 (today)           4.008  0.08555  0.07896  0.11784  0.08264
    Tessera-8 R=4 per-channel bitshift E4M3 L=12 (pinned)     4.012  0.07340  0.06790  0.11068  0.07216
      (38.1s)
    Tessera-8 R=4 per-channel bitshift E4M3 L=14 (pinned)     4.023  0.06981  0.06450  0.10866  0.06895
      (220.2s)
    Tessera-8 R=5 per-channel 4-subset Ung6 (today)           5.008  0.04493  0.04136  0.09696  0.04799
    Tessera-8 R=5 per-channel bitshift E4M3 L=12 (pinned)     5.012  0.03988  0.03684  0.09500  0.04421
      (36.6s)
    Tessera-8 R=5 per-channel bitshift E4M3 L=14 (pinned)     5.023  0.03722  0.03435  0.09413  0.04217
      (270.4s)

== L20.up_proj (2048, 4096)
    EXL3 K=4                                                  4.012  0.08492  0.07293  0.11761  0.07732
    EXL3 K=5                                                  5.012  0.04315  0.03726  0.09967  0.04524
    Tessera-8 R=4 per-channel 4-subset Ung6 (today)           4.008  0.08552  0.08303  0.12401  0.08691
    Tessera-8 R=4 per-channel bitshift E4M3 L=12 (pinned)     4.012  0.07359  0.07160  0.11670  0.07609
      (36.1s)
    Tessera-8 R=4 per-channel bitshift E4M3 L=14 (pinned)     4.023  0.06995  0.06797  0.11455  0.07265
      (203.0s)
    Tessera-8 R=5 per-channel 4-subset Ung6 (today)           5.008  0.04520  0.04402  0.10233  0.05095
    Tessera-8 R=5 per-channel bitshift E4M3 L=12 (pinned)     5.012  0.04020  0.03899  0.10024  0.04670
      (35.6s)
    Tessera-8 R=5 per-channel bitshift E4M3 L=14 (pinned)     5.023  0.03749  0.03628  0.09923  0.04445
      (262.0s)

== L42.gate_proj (2048, 4096)
    EXL3 K=4                                                  4.012  0.08580  0.05132  0.08395  0.05453
    EXL3 K=5                                                  5.012  0.04361  0.02610  0.07145  0.03198
    Tessera-8 R=4 per-channel 4-subset Ung6 (today)           4.008  0.08521  0.05995  0.08966  0.06276
    Tessera-8 R=4 per-channel bitshift E4M3 L=12 (pinned)     4.012  0.07312  0.05103  0.08392  0.05432
      (42.1s)
    Tessera-8 R=4 per-channel bitshift E4M3 L=14 (pinned)     4.023  0.06950  0.04883  0.08260  0.05225
      (202.5s)
    Tessera-8 R=5 per-channel 4-subset Ung6 (today)           5.008  0.04462  0.03109  0.07347  0.03619
    Tessera-8 R=5 per-channel bitshift E4M3 L=12 (pinned)     5.012  0.04000  0.02832  0.07232  0.03385
      (34.8s)
    Tessera-8 R=5 per-channel bitshift E4M3 L=14 (pinned)     5.023  0.03731  0.02634  0.07152  0.03222
      (263.3s)

== L42.up_proj (2048, 4096)
    EXL3 K=4                                                  4.012  0.08580  0.06673  0.10897  0.07088
    EXL3 K=5                                                  5.012  0.04366  0.03389  0.09269  0.04153
    Tessera-8 R=4 per-channel 4-subset Ung6 (today)           4.008  0.08541  0.07779  0.11606  0.08138
    Tessera-8 R=4 per-channel bitshift E4M3 L=12 (pinned)     4.012  0.07338  0.06660  0.10883  0.07079
      (52.6s)
    Tessera-8 R=4 per-channel bitshift E4M3 L=14 (pinned)     4.023  0.06979  0.06355  0.10695  0.06792
      (255.0s)
    Tessera-8 R=5 per-channel 4-subset Ung6 (today)           5.008  0.04504  0.04089  0.09549  0.04740
    Tessera-8 R=5 per-channel bitshift E4M3 L=12 (pinned)     5.012  0.04024  0.03643  0.09363  0.04361
      (35.4s)
    Tessera-8 R=5 per-channel bitshift E4M3 L=14 (pinned)     5.023  0.03761  0.03422  0.09277  0.04176
      (221.1s)
done
