
##### tessera8_bounds 2026-09-01 19:10:49 args={'layers': [5, 20, 42], 'projs': ['gate_proj', 'up_proj'], 'rates': [4, 5], 'memories': [6, 8, 10], 'refine': 3, 'rows': 2048, 'cols': 512, 'row_amax_sigmas': 3.9, 'parts': 'floor,mechanism', 'out': 'experiments/results/tessera8_bounds.json'}

== mechanism bound: i.i.d. N(0,1), one global scale, no plane
    R=4 Lloyd-Max scalar 2^4 levels (RTN)                rms 0.09744  x1.559 of 2^-4
    R=4 TCQ m=6, Lloyd 2^5 codebook                      rms 0.08713  x1.394 of 2^-4
    R=4 TCQ m=6, codebook refined x3                     rms 0.08621  x1.379 of 2^-4
    R=4 TCQ m=8, Lloyd 2^5 codebook                      rms 0.08465  x1.354 of 2^-4
    R=4 TCQ m=8, codebook refined x3                     rms 0.08387  x1.342 of 2^-4
    R=4 TCQ m=10, Lloyd 2^5 codebook                     rms 0.08430  x1.349 of 2^-4
    R=4 TCQ m=10, codebook refined x3                    rms 0.08349  x1.336 of 2^-4
    R=4 TCQ m=6, Lloyd codebook snapped to E4M3          rms 0.08826  x1.412 of 2^-4
    R=5 Lloyd-Max scalar 2^5 levels (RTN)                rms 0.05090  x1.629 of 2^-5
    R=5 TCQ m=6, Lloyd 2^6 codebook                      rms 0.05643  x1.806 of 2^-5
    R=5 TCQ m=6, codebook refined x3                     rms 0.05595  x1.791 of 2^-5
    R=5 TCQ m=8, Lloyd 2^6 codebook                      rms 0.05473  x1.751 of 2^-5
    R=5 TCQ m=8, codebook refined x3                     rms 0.05430  x1.738 of 2^-5
    R=5 TCQ m=10, Lloyd 2^6 codebook                     rms 0.05449  x1.744 of 2^-5
    R=5 TCQ m=10, codebook refined x3                    rms 0.05408  x1.730 of 2^-5
    R=5 TCQ m=6, Lloyd codebook snapped to E4M3          rms 0.05783  x1.851 of 2^-5

== L5 gate_proj (2048, 4096)  A8 leg (served per-token E4M3) 0.02571
    arm                                         bpp       wt      out     W?A8
    FP8 RTN per-tensor amax                   8.000  0.02470  0.02403  0.03517
    FP8 RTN per-channel amax                  8.004  0.02209  0.02159  0.03349
    FP8 RTN per-channel LS-refit              8.004  0.01908  0.01860  0.03173
    FP8 RTN per-16 amax (fp32 scale)         10.000  0.01958  0.01897  0.03199
    FP8 RTN per-16 LS-refit (fp32 scale)     10.000  0.01680  0.01632  0.03047
    FP8 RTN per-32 amax (fp32 scale)          9.000  0.02115  0.02053  0.03288
    FP8 RTN per-32 LS-refit (fp32 scale)      9.000  0.01818  0.01767  0.03116
    FP8 RTN per-128 amax (fp32 scale)         8.250  0.02423  0.02350  0.03478
    FP8 RTN per-128 LS-refit (fp32 scale)     8.250  0.02153  0.02097  0.03311

== L5 up_proj (2048, 4096)  A8 leg (served per-token E4M3) 0.02669
    arm                                         bpp       wt      out     W?A8
    FP8 RTN per-tensor amax                   8.000  0.02465  0.02476  0.03637
    FP8 RTN per-channel amax                  8.004  0.02239  0.02246  0.03484
    FP8 RTN per-channel LS-refit              8.004  0.01937  0.01944  0.03306
    FP8 RTN per-16 amax (fp32 scale)         10.000  0.01959  0.01967  0.03316
    FP8 RTN per-16 LS-refit (fp32 scale)     10.000  0.01683  0.01687  0.03156
    FP8 RTN per-32 amax (fp32 scale)          9.000  0.02115  0.02121  0.03410
    FP8 RTN per-32 LS-refit (fp32 scale)      9.000  0.01819  0.01821  0.03227
    FP8 RTN per-128 amax (fp32 scale)         8.250  0.02420  0.02436  0.03615
    FP8 RTN per-128 LS-refit (fp32 scale)     8.250  0.02151  0.02164  0.03439

== L20 gate_proj (2048, 4096)  A8 leg (served per-token E4M3) 0.02399
    arm                                         bpp       wt      out     W?A8
    FP8 RTN per-tensor amax                   8.000  0.02515  0.02282  0.03308
    FP8 RTN per-channel amax                  8.004  0.02416  0.02224  0.03275
    FP8 RTN per-channel LS-refit              8.004  0.02130  0.01931  0.03083
    FP8 RTN per-16 amax (fp32 scale)         10.000  0.02041  0.01851  0.03033
    FP8 RTN per-16 LS-refit (fp32 scale)     10.000  0.01755  0.01592  0.02879
    FP8 RTN per-32 amax (fp32 scale)          9.000  0.02196  0.01995  0.03122
    FP8 RTN per-32 LS-refit (fp32 scale)      9.000  0.01886  0.01714  0.02947
    FP8 RTN per-128 amax (fp32 scale)         8.250  0.02485  0.02258  0.03295
    FP8 RTN per-128 LS-refit (fp32 scale)     8.250  0.02176  0.01979  0.03109

== L20 up_proj (2048, 4096)  A8 leg (served per-token E4M3) 0.02557
    arm                                         bpp       wt      out     W?A8
    FP8 RTN per-tensor amax                   8.000  0.02508  0.02415  0.03518
    FP8 RTN per-channel amax                  8.004  0.02389  0.02309  0.03446
    FP8 RTN per-channel LS-refit              8.004  0.02080  0.01996  0.03245
    FP8 RTN per-16 amax (fp32 scale)         10.000  0.02030  0.01968  0.03225
    FP8 RTN per-16 LS-refit (fp32 scale)     10.000  0.01743  0.01684  0.03061
    FP8 RTN per-32 amax (fp32 scale)          9.000  0.02188  0.02108  0.03318
    FP8 RTN per-32 LS-refit (fp32 scale)      9.000  0.01878  0.01811  0.03138
    FP8 RTN per-128 amax (fp32 scale)         8.250  0.02483  0.02398  0.03505
    FP8 RTN per-128 LS-refit (fp32 scale)     8.250  0.02184  0.02112  0.03317

== L42 gate_proj (2048, 4096)  A8 leg (served per-token E4M3) 0.01763
    arm                                         bpp       wt      out     W?A8
    FP8 RTN per-tensor amax                   8.000  0.02575  0.01738  0.02464
    FP8 RTN per-channel amax                  8.004  0.02457  0.01729  0.02457
    FP8 RTN per-channel LS-refit              8.004  0.02262  0.01505  0.02320
    FP8 RTN per-16 amax (fp32 scale)         10.000  0.01995  0.01326  0.02204
    FP8 RTN per-16 LS-refit (fp32 scale)     10.000  0.01724  0.01143  0.02103
    FP8 RTN per-32 amax (fp32 scale)          9.000  0.02128  0.01420  0.02261
    FP8 RTN per-32 LS-refit (fp32 scale)      9.000  0.01842  0.01225  0.02148
    FP8 RTN per-128 amax (fp32 scale)         8.250  0.02368  0.01585  0.02364
    FP8 RTN per-128 LS-refit (fp32 scale)     8.250  0.02091  0.01387  0.02242

== L42 up_proj (2048, 4096)  A8 leg (served per-token E4M3) 0.02359
    arm                                         bpp       wt      out     W?A8
    FP8 RTN per-tensor amax                   8.000  0.02727  0.02453  0.03402
    FP8 RTN per-channel amax                  8.004  0.02409  0.02196  0.03211
    FP8 RTN per-channel LS-refit              8.004  0.02185  0.01967  0.03066
    FP8 RTN per-16 amax (fp32 scale)         10.000  0.01984  0.01772  0.02947
    FP8 RTN per-16 LS-refit (fp32 scale)     10.000  0.01711  0.01528  0.02810
    FP8 RTN per-32 amax (fp32 scale)          9.000  0.02121  0.01900  0.03026
    FP8 RTN per-32 LS-refit (fp32 scale)      9.000  0.01830  0.01637  0.02868
    FP8 RTN per-128 amax (fp32 scale)         8.250  0.02385  0.02139  0.03185
    FP8 RTN per-128 LS-refit (fp32 scale)     8.250  0.02112  0.01893  0.03026

== alphabet floor, mean over tensors
    arm                                         bpp       wt      out     W?A8
    FP8 RTN per-tensor amax                   8.000  0.02543  0.02294  0.03308
    FP8 RTN per-channel amax                  8.004  0.02353  0.02144  0.03204
    FP8 RTN per-channel LS-refit              8.004  0.02084  0.01867  0.03032
    FP8 RTN per-16 amax (fp32 scale)         10.000  0.01994  0.01797  0.02987
    FP8 RTN per-16 LS-refit (fp32 scale)     10.000  0.01716  0.01544  0.02843
    FP8 RTN per-32 amax (fp32 scale)          9.000  0.02144  0.01933  0.03071
    FP8 RTN per-32 LS-refit (fp32 scale)      9.000  0.01845  0.01663  0.02907
    FP8 RTN per-128 amax (fp32 scale)         8.250  0.02427  0.02194  0.03240
    FP8 RTN per-128 LS-refit (fp32 scale)     8.250  0.02145  0.01939  0.03074
    A8 leg alone (served per-token E4M3)                               0.02386

wrote experiments/results/tessera8_bounds.json
