H from wikitext-2-raw-v1/train (local datasets cache)  fit 16384 tok (sha 229c6f72307f)  eval 8192 tok (sha 30ec7255e693)

== model.layers.0.self_attn.q_proj (2048, 1024)  eval rows 8192
    arm                                                out     plain       hwt   clip%      s
    baseline (no LDLQ, plain refit)                0.04021   0.06918   0.06898            4.6
    LDLQ sigma=1.0 block=32                        0.03256   0.07078   0.07351            4.5
    -- best LDLQ: sigma=1.0 block=32
    LDLQ 1.0/32 + reach floor                      0.03210   0.07081   0.07343            4.5
    refit h^0.5 only                               0.03936   0.06921   0.06749            3.6
    LDLQ 1.0/32 + refit h^0.5                      0.03164   0.07080   0.07186            4.8
    refit h^1.0 only                               0.03837   0.06948   0.06599            3.7
    LDLQ 1.0/32 + refit h^1.0                      0.03091   0.07129   0.07047            4.8
    refit full-H only                              0.03817   0.07063   0.06835            3.4
    LDLQ 1.0/32 + refit full-H                     0.03087   0.07185   0.07303            4.7
    LDLQ 1.0/32 + refit full-H + reach floor       0.03114   0.07156   0.07243            4.7

== model.layers.1.self_attn.k_proj (1024, 1024)  eval rows 8192
    arm                                                out     plain       hwt   clip%      s
    baseline (no LDLQ, plain refit)                0.06135   0.06852   0.09212            2.0
    LDLQ sigma=1.0 block=32                        0.04059   0.07049   0.10057            3.1
    -- best LDLQ: sigma=1.0 block=32
    LDLQ 1.0/32 + reach floor                      0.03914   0.07052   0.09991            3.2
    refit h^0.5 only                               0.05155   0.06855   0.08132            1.9
    LDLQ 1.0/32 + refit h^0.5                      0.03653   0.07047   0.09433            3.1
    refit h^1.0 only                               0.04110   0.06935   0.06868            1.8
    LDLQ 1.0/32 + refit h^1.0                      0.03609   0.07140   0.07607            3.0
    refit full-H only                              0.03985   0.07041   0.07097            1.8
    LDLQ 1.0/32 + refit full-H                     0.03251   0.07197   0.09103            2.9
    LDLQ 1.0/32 + refit full-H + reach floor       0.03227   0.07177   0.09163            2.8

== model.layers.13.mlp.down_proj (1024, 3072)  eval rows 8192
    arm                                                out     plain       hwt   clip%      s
    baseline (no LDLQ, plain refit)                0.07651   0.07402   0.07473            4.8
    LDLQ sigma=1.0 block=32                        0.06430   0.07570   0.07956            8.5
    -- best LDLQ: sigma=1.0 block=32
    LDLQ 1.0/32 + reach floor                      0.06433   0.07579   0.07968            8.9
    refit h^0.5 only                               0.07647   0.07409   0.07463            4.8
    LDLQ 1.0/32 + refit h^0.5                      0.06423   0.07577   0.07946            8.9
    refit h^1.0 only                               0.07625   0.07421   0.07453            5.2
    LDLQ 1.0/32 + refit h^1.0                      0.06421   0.07592   0.07932            8.6
    refit full-H only                              0.07568   0.07445   0.07479            6.0
    LDLQ 1.0/32 + refit full-H                     0.06413   0.07592   0.07952           11.1
    LDLQ 1.0/32 + refit full-H + reach floor       0.06432   0.07594   0.07964           11.2

== model.layers.14.mlp.gate_proj (3072, 1024)  eval rows 8192
    arm                                                out     plain       hwt   clip%      s
    baseline (no LDLQ, plain refit)                0.06521   0.06676   0.07711            6.3
    LDLQ sigma=1.0 block=32                        0.05666   0.06828   0.08547            5.6
    -- best LDLQ: sigma=1.0 block=32
    LDLQ 1.0/32 + reach floor                      0.04498   0.06817   0.07971            5.4
    refit h^0.5 only                               0.05007   0.06677   0.06930            4.6
    LDLQ 1.0/32 + refit h^0.5                      0.04053   0.06822   0.07880            5.3
    refit h^1.0 only                               0.04557   0.06731   0.06447            4.5
    LDLQ 1.0/32 + refit h^1.0                      0.03920   0.06907   0.07252            5.6
    refit full-H only                              0.04360   0.06867   0.06829            4.7
    LDLQ 1.0/32 + refit full-H                     0.03642   0.06948   0.07763            5.3
    LDLQ 1.0/32 + refit full-H + reach floor       0.03647   0.06921   0.07648            5.6

== model.layers.2.mlp.down_proj (1024, 3072)  eval rows 8192
    arm                                                out     plain       hwt   clip%      s
    baseline (no LDLQ, plain refit)                0.02484   0.07382   0.05775            4.7
    LDLQ sigma=1.0 block=32                        0.02057   0.07458   0.07087            7.1
    -- best LDLQ: sigma=1.0 block=32
    LDLQ 1.0/32 + reach floor                      0.01844   0.07464   0.07757            7.1
    refit h^0.5 only                               0.02402   0.07396   0.05645            4.4
    LDLQ 1.0/32 + refit h^0.5                      0.01670   0.07488   0.06852            7.3
    refit h^1.0 only                               0.01206   0.38582   0.02771            4.3
    LDLQ 1.0/32 + refit h^1.0                      0.00967   0.47890   0.02833            7.2
    refit full-H only                              0.00994   0.49682   0.04232            4.4
    LDLQ 1.0/32 + refit full-H                     0.00791   0.35189   0.04292            7.2
    LDLQ 1.0/32 + refit full-H + reach floor       0.01677   0.12473   0.07608            7.1

== model.layers.27.self_attn.o_proj (1024, 2048)  eval rows 8192
    arm                                                out     plain       hwt   clip%      s
    baseline (no LDLQ, plain refit)                0.07287   0.07025   0.07094            2.9
    LDLQ sigma=1.0 block=32                        0.05518   0.07268   0.07492            4.9
    -- best LDLQ: sigma=1.0 block=32
    LDLQ 1.0/32 + reach floor                      0.05519   0.07273   0.07489            4.9
    refit h^0.5 only                               0.07288   0.07031   0.07088            3.0
    LDLQ 1.0/32 + refit h^0.5                      0.05516   0.07273   0.07474            5.1
    refit h^1.0 only                               0.07279   0.07039   0.07084            2.9
    LDLQ 1.0/32 + refit h^1.0                      0.05521   0.07284   0.07482            4.8
    refit full-H only                              0.07267   0.07149   0.07183            3.2
    LDLQ 1.0/32 + refit full-H                     0.05504   0.07286   0.07484            5.5
    LDLQ 1.0/32 + refit full-H + reach floor       0.05501   0.07285   0.07490            5.3

== geomean out-space (held-out rows), all units
    LDLQ 1.0/32 + refit full-H                     0.03173  0.5982x
    LDLQ 1.0/32 + refit h^1.0                      0.03382  0.6376x
    LDLQ 1.0/32 + refit full-H + reach floor       0.03599  0.6785x
    LDLQ 1.0/32 + refit h^0.5                      0.03748  0.7065x
    refit full-H only                              0.03920  0.7389x
    LDLQ 1.0/32 + reach floor                      0.03933  0.7414x
    refit h^1.0 only                               0.04109  0.7745x
    LDLQ sigma=1.0 block=32                        0.04197  0.7912x
    refit h^0.5 only                               0.04886  0.9210x
    baseline (no LDLQ, plain refit)                0.05305  1.0000x
