
##### tessera_conv_code_check 2026-09-01 19:20:55 args={'layers': [5, 20, 42], 'projs': ['gate_proj', 'up_proj'], 'eval_rows': 1024, 'codes': ['Larsen m6 (today)', 'Ungerboeck m6', 'Ungerboeck m8', 'Larsen m8'], 'wires': ['default (span2 LUT refit4 scale-wt)', 'legacy (span1 S6b refit4)'], 'out': 'experiments/results/tessera_conv_code_check.json'}

== L5 gate_proj (2048, 4096)  eval 1024 rows  act leg served 0.09170
    arm                                                              wt      out     W4A4  enc s
    EXL3 K=4 (4.0117 bpw, same held-out rows)                   0.08816  0.07237  0.11671    0.0
    default (span2 LUT refit4 scale-wt) / Larsen m6 (today)     0.08728  0.08410  0.12424    2.4
    default (span2 LUT refit4 scale-wt) / Ungerboeck m6         0.08719  0.08384  0.12405    2.2
    default (span2 LUT refit4 scale-wt) / Ungerboeck m8         0.08697  0.08375  0.12400    2.6
    default (span2 LUT refit4 scale-wt) / Larsen m8             0.08700  0.08375  0.12401    2.6
    legacy (span1 S6b refit4) / Larsen m6 (today)               0.09924  0.09563  0.13228    1.5
    legacy (span1 S6b refit4) / Ungerboeck m6                   0.09884  0.09539  0.13203    1.5
    legacy (span1 S6b refit4) / Ungerboeck m8                   0.09802  0.09414  0.13116    2.3
    legacy (span1 S6b refit4) / Larsen m8                       0.09815  0.09429  0.13130    2.3

== L5 up_proj (2048, 4096)  eval 1024 rows  act leg served 0.09474
    arm                                                              wt      out     W4A4  enc s
    EXL3 K=4 (4.0117 bpw, same held-out rows)                   0.08816  0.07465  0.12055    0.0
    default (span2 LUT refit4 scale-wt) / Larsen m6 (today)     0.08733  0.08693  0.12829    2.2
    default (span2 LUT refit4 scale-wt) / Ungerboeck m6         0.08724  0.08679  0.12816    2.2
    default (span2 LUT refit4 scale-wt) / Ungerboeck m8         0.08702  0.08644  0.12797    2.6
    default (span2 LUT refit4 scale-wt) / Larsen m8             0.08705  0.08697  0.12831    2.6
    legacy (span1 S6b refit4) / Larsen m6 (today)               0.09921  0.09863  0.13643    1.5
    legacy (span1 S6b refit4) / Ungerboeck m6                   0.09881  0.09822  0.13612    1.5
    legacy (span1 S6b refit4) / Ungerboeck m8                   0.09800  0.09777  0.13578    2.3
    legacy (span1 S6b refit4) / Larsen m8                       0.09811  0.09778  0.13575    2.3

== L20 gate_proj (2048, 4096)  eval 1024 rows  act leg served 0.08769
    arm                                                              wt      out     W4A4  enc s
    EXL3 K=4 (4.0117 bpw, same held-out rows)                   0.08495  0.06925  0.11155    0.0
    default (span2 LUT refit4 scale-wt) / Larsen m6 (today)     0.08767  0.08064  0.11903    2.3
    default (span2 LUT refit4 scale-wt) / Ungerboeck m6         0.08759  0.08093  0.11919    2.3
    default (span2 LUT refit4 scale-wt) / Ungerboeck m8         0.08739  0.08063  0.11899    2.8
    default (span2 LUT refit4 scale-wt) / Larsen m8             0.08742  0.08055  0.11894    2.7
    legacy (span1 S6b refit4) / Larsen m6 (today)               0.09954  0.09244  0.12727    1.5
    legacy (span1 S6b refit4) / Ungerboeck m6                   0.09914  0.09182  0.12679    1.4
    legacy (span1 S6b refit4) / Ungerboeck m8                   0.09836  0.09106  0.12619    2.3
    legacy (span1 S6b refit4) / Larsen m8                       0.09849  0.09091  0.12616    2.3

== L20 up_proj (2048, 4096)  eval 1024 rows  act leg served 0.09242
    arm                                                              wt      out     W4A4  enc s
    EXL3 K=4 (4.0117 bpw, same held-out rows)                   0.08492  0.07293  0.11761    0.0
    default (span2 LUT refit4 scale-wt) / Larsen m6 (today)     0.08757  0.08508  0.12545    2.1
    default (span2 LUT refit4 scale-wt) / Ungerboeck m6         0.08747  0.08485  0.12528    2.1
    default (span2 LUT refit4 scale-wt) / Ungerboeck m8         0.08727  0.08462  0.12516    2.6
    default (span2 LUT refit4 scale-wt) / Larsen m8             0.08730  0.08467  0.12518    2.6
    legacy (span1 S6b refit4) / Larsen m6 (today)               0.09956  0.09641  0.13324    1.5
    legacy (span1 S6b refit4) / Ungerboeck m6                   0.09913  0.09611  0.13307    1.5
    legacy (span1 S6b refit4) / Ungerboeck m8                   0.09833  0.09547  0.13262    2.3
    legacy (span1 S6b refit4) / Larsen m8                       0.09848  0.09545  0.13252    2.3

== L42 gate_proj (2048, 4096)  eval 1024 rows  act leg served 0.06653
    arm                                                              wt      out     W4A4  enc s
    EXL3 K=4 (4.0117 bpw, same held-out rows)                   0.08580  0.05132  0.08395    0.0
    default (span2 LUT refit4 scale-wt) / Larsen m6 (today)     0.08842  0.06217  0.09105    2.4
    default (span2 LUT refit4 scale-wt) / Ungerboeck m6         0.08834  0.06226  0.09114    2.4
    default (span2 LUT refit4 scale-wt) / Ungerboeck m8         0.08813  0.06191  0.09087    2.9
    default (span2 LUT refit4 scale-wt) / Larsen m8             0.08816  0.06200  0.09092    2.8
    legacy (span1 S6b refit4) / Larsen m6 (today)               0.09936  0.06982  0.09646    1.5
    legacy (span1 S6b refit4) / Ungerboeck m6                   0.09895  0.06999  0.09667    1.5
    legacy (span1 S6b refit4) / Ungerboeck m8                   0.09816  0.06923  0.09605    2.3
    legacy (span1 S6b refit4) / Larsen m8                       0.09831  0.06884  0.09577    2.3

== L42 up_proj (2048, 4096)  eval 1024 rows  act leg served 0.08633
    arm                                                              wt      out     W4A4  enc s
    EXL3 K=4 (4.0117 bpw, same held-out rows)                   0.08580  0.06673  0.10897    0.0
    default (span2 LUT refit4 scale-wt) / Larsen m6 (today)     0.08814  0.08004  0.11760    2.3
    default (span2 LUT refit4 scale-wt) / Ungerboeck m6         0.08806  0.08008  0.11764    2.3
    default (span2 LUT refit4 scale-wt) / Ungerboeck m8         0.08784  0.08001  0.11753    2.8
    default (span2 LUT refit4 scale-wt) / Larsen m8             0.08786  0.07955  0.11725    2.8
    legacy (span1 S6b refit4) / Larsen m6 (today)               0.09929  0.09037  0.12472    1.5
    legacy (span1 S6b refit4) / Ungerboeck m6                   0.09889  0.09033  0.12476    1.5
    legacy (span1 S6b refit4) / Ungerboeck m8                   0.09809  0.08959  0.12425    2.3
    legacy (span1 S6b refit4) / Larsen m8                       0.09824  0.08970  0.12432    2.3

== mean over tensors
    arm                                                              wt      out     W4A4 out vs today W4A4 vs today
    EXL3 K=4 (4.0117 bpw, same held-out rows)                   0.08630  0.06787  0.10989        1.176x        1.070x
    default (span2 LUT refit4 scale-wt) / Larsen m6 (today)     0.08774  0.07983  0.11761        1.000x        1.000x
    default (span2 LUT refit4 scale-wt) / Ungerboeck m6         0.08765  0.07979  0.11758        1.000x        1.000x
    default (span2 LUT refit4 scale-wt) / Ungerboeck m8         0.08744  0.07956  0.11742        1.003x        1.002x
    default (span2 LUT refit4 scale-wt) / Larsen m8             0.08746  0.07958  0.11743        1.003x        1.001x
    legacy (span1 S6b refit4) / Larsen m6 (today)               0.09937  0.09055  0.12507        0.882x        0.940x
    legacy (span1 S6b refit4) / Ungerboeck m6                   0.09896  0.09031  0.12491        0.884x        0.942x
    legacy (span1 S6b refit4) / Ungerboeck m8                   0.09816  0.08954  0.12434        0.891x        0.946x
    legacy (span1 S6b refit4) / Larsen m8                       0.09830  0.08949  0.12430        0.892x        0.946x

wrote experiments/results/tessera_conv_code_check.json
