
== L5 gate_proj (2048, 4096)  act leg served 0.09203
    arm                                         bpp      wt     out    W4A4      act
    S6b plane + LS x3  L=1                    4.000 0.09936 0.09656 0.13306  0.09203    3.2s
    S6b plane + LS x3  L=2                    4.250 0.09007 0.08757 0.12674  0.09203    5.9s
    E4M3 per-32 dup + LS x3  L=1              3.750 0.10523 0.10201 0.13705  0.09203    8.7s
    E4M3 per-32 dup + LS x3  L=2              4.000 0.09496 0.09196 0.12973  0.09203   11.3s
    full-LDLQ s=1.0 + in-block LS x3 (s6b)    4.000 0.10325 0.09045 0.12860  0.09203   47.0s
    full-LDLQ s=1.0 + in-block LS x3 (e4m3)   4.000 0.10193 0.08936 0.12793  0.09203   82.7s
    rank-1 per-column (fold) + LS x3  L=1     3.512 0.14363 0.13945 0.16568  0.09209   87.2s
    rank-1 per-column (fold) + LS x3  L=2     3.762 0.13510 0.13082 0.15895  0.09217   91.5s
    rank-1 per-column (fold) + LS x3  L=8     3.949 0.13261 0.12837 0.15676  0.09200   95.6s

== L5 up_proj (2048, 4096)  act leg served 0.09552
    arm                                         bpp      wt     out    W4A4      act
    S6b plane + LS x3  L=1                    4.000 0.09934 0.09993 0.13806  0.09552    4.1s
    S6b plane + LS x3  L=2                    4.250 0.08998 0.09074 0.13143  0.09552    7.7s
    E4M3 per-32 dup + LS x3  L=1              3.750 0.10529 0.10597 0.14230  0.09552   11.6s
    E4M3 per-32 dup + LS x3  L=2              4.000 0.09506 0.09570 0.13498  0.09552   15.2s
    full-LDLQ s=1.0 + in-block LS x3 (s6b)    4.000 0.10323 0.09366 0.13338  0.09552   57.6s
    full-LDLQ s=1.0 + in-block LS x3 (e4m3)   4.000 0.10193 0.09248 0.13268  0.09552   92.9s
    rank-1 per-column (fold) + LS x3  L=1     3.512 0.14336 0.14344 0.17078  0.09552   96.1s
    rank-1 per-column (fold) + LS x3  L=2     3.762 0.13455 0.13504 0.16402  0.09528   99.3s
    rank-1 per-column (fold) + LS x3  L=8     3.949 0.13228 0.13268 0.16224  0.09550  102.4s

== L20 gate_proj (2048, 4096)  act leg served 0.08675
    arm                                         bpp      wt     out    W4A4      act
    S6b plane + LS x3  L=1                    4.000 0.09965 0.09094 0.12539  0.08675    3.1s
    S6b plane + LS x3  L=2                    4.250 0.09051 0.08233 0.11937  0.08675    5.9s
    E4M3 per-32 dup + LS x3  L=1              3.750 0.10536 0.09568 0.12871  0.08675    8.8s
    E4M3 per-32 dup + LS x3  L=2              4.000 0.09520 0.08648 0.12216  0.08675   11.6s
    full-LDLQ s=1.0 + in-block LS x3 (s6b)    4.000 0.10340 0.08116 0.11856  0.08675   47.5s
    full-LDLQ s=1.0 + in-block LS x3 (e4m3)   4.000 0.10198 0.08001 0.11769  0.08675   90.2s
    rank-1 per-column (fold) + LS x3  L=1     3.512 0.15324 0.14170 0.16494  0.08662   94.8s
    rank-1 per-column (fold) + LS x3  L=2     3.762 0.14796 0.13665 0.16077  0.08679   99.1s
    rank-1 per-column (fold) + LS x3  L=8     3.949 0.14625 0.13481 0.15926  0.08675  103.2s

== L20 up_proj (2048, 4096)  act leg served 0.09220
    arm                                         bpp      wt     out    W4A4      act
    S6b plane + LS x3  L=1                    4.000 0.09967 0.09629 0.13297  0.09220    4.2s
    S6b plane + LS x3  L=2                    4.250 0.09054 0.08745 0.12671  0.09220    7.8s
    E4M3 per-32 dup + LS x3  L=1              3.750 0.10517 0.10136 0.13650  0.09220   11.7s
    E4M3 per-32 dup + LS x3  L=2              4.000 0.09501 0.09132 0.12936  0.09220   15.2s
    full-LDLQ s=1.0 + in-block LS x3 (s6b)    4.000 0.10341 0.08648 0.12606  0.09220   50.9s
    full-LDLQ s=1.0 + in-block LS x3 (e4m3)   4.000 0.10184 0.08492 0.12511  0.09220   86.4s
    rank-1 per-column (fold) + LS x3  L=1     3.512 0.15304 0.14819 0.17332  0.09207   89.6s
    rank-1 per-column (fold) + LS x3  L=2     3.762 0.14755 0.14275 0.16859  0.09197   92.7s
    rank-1 per-column (fold) + LS x3  L=8     3.949 0.14590 0.14149 0.16775  0.09222   95.6s

== L42 gate_proj (2048, 4096)  act leg served 0.06309
    arm                                         bpp      wt     out    W4A4      act
    S6b plane + LS x3  L=1                    4.000 0.09947 0.06695 0.09200  0.06309    2.5s
    S6b plane + LS x3  L=2                    4.250 0.09001 0.06002 0.08717  0.06309    5.7s
    E4M3 per-32 dup + LS x3  L=1              3.750 0.10655 0.07117 0.09506  0.06309    9.5s
    E4M3 per-32 dup + LS x3  L=2              4.000 0.09657 0.06449 0.09018  0.06309   13.1s
    full-LDLQ s=1.0 + in-block LS x3 (s6b)    4.000 0.10311 0.05469 0.08338  0.06309   55.7s
    full-LDLQ s=1.0 + in-block LS x3 (e4m3)   4.000 0.10263 0.05429 0.08325  0.06309   95.8s
    rank-1 per-column (fold) + LS x3  L=1     3.512 0.15521 0.11079 0.12774  0.06339   99.0s
    rank-1 per-column (fold) + LS x3  L=2     3.762 0.15014 0.10725 0.12488  0.06338  102.1s
    rank-1 per-column (fold) + LS x3  L=8     3.949 0.14891 0.10596 0.12372  0.06342  105.1s

== L42 up_proj (2048, 4096)  act leg served 0.08471
    arm                                         bpp      wt     out    W4A4      act
    S6b plane + LS x3  L=1                    4.000 0.09940 0.08915 0.12278  0.08471    2.9s
    S6b plane + LS x3  L=2                    4.250 0.08999 0.08053 0.11671  0.08471    5.5s
    E4M3 per-32 dup + LS x3  L=1              3.750 0.10581 0.09473 0.12694  0.08471    8.3s
    E4M3 per-32 dup + LS x3  L=2              4.000 0.09565 0.08531 0.12006  0.08471   10.9s
    full-LDLQ s=1.0 + in-block LS x3 (s6b)    4.000 0.10307 0.07346 0.11181  0.08471   46.5s
    full-LDLQ s=1.0 + in-block LS x3 (e4m3)   4.000 0.10197 0.07245 0.11127  0.08471   86.0s
    rank-1 per-column (fold) + LS x3  L=1     3.512 0.14909 0.13646 0.15978  0.08486   90.6s
    rank-1 per-column (fold) + LS x3  L=2     3.762 0.14187 0.12996 0.15423  0.08493   94.8s
    rank-1 per-column (fold) + LS x3  L=8     3.949 0.13951 0.12732 0.15209  0.08460   99.0s

arm                                         bpp       wt      out     W4A4      act   out vs S6b+LS  W4A4 vs  vs EXL3@A4
S6b plane + LS x3  L=1                    4.000  0.09948  0.08997  0.12404  0.08572          1.000x   1.000x      1.201x
S6b plane + LS x3  L=2                    4.250  0.09019  0.08144  0.11802  0.08572          1.105x   1.051x      1.143x
E4M3 per-32 dup + LS x3  L=1              3.750  0.10557  0.09515  0.12776  0.08572          0.945x   0.971x      1.237x
E4M3 per-32 dup + LS x3  L=2              4.000  0.09541  0.08588  0.12108  0.08572          1.047x   1.024x      1.173x
full-LDLQ s=1.0 + in-block LS x3 (s6b)    4.000  0.10325  0.07998  0.11697  0.08572          1.134x   1.064x      1.131x
full-LDLQ s=1.0 + in-block LS x3 (e4m3)   4.000  0.10205  0.07892  0.11632  0.08572          1.149x   1.070x      1.125x
rank-1 per-column (fold) + LS x3  L=1     3.512  0.14959  0.13667  0.16037  0.08576          0.656x   0.771x      1.557x
rank-1 per-column (fold) + LS x3  L=2     3.762  0.14286  0.13041  0.15524  0.08575          0.688x   0.797x      1.508x
rank-1 per-column (fold) + LS x3  L=8     3.949  0.14091  0.12844  0.15363  0.08575          0.699x   0.805x      1.493x

wrote experiments/results/tessera_plane_alternatives.json

== L5 gate_proj (2048, 4096)  act leg served 0.09203
    arm                                         bpp      wt     out    W4A4      act
    S6b plane + LS x3  L=1                    4.000 0.09936 0.09656 0.13306  0.09203    3.9s
    S6b plane + LS x3  L=2                    4.250 0.09007 0.08757 0.12674  0.09203    7.6s
    E4M3 per-32 dup + LS x3  L=1              3.750 0.10523 0.10201 0.13705  0.09203   11.5s
    E4M3 per-32 dup + LS x3  L=2              4.000 0.09496 0.09196 0.12973  0.09203   15.1s
    full-LDLQ s=1.0 + in-block LS x3 (s6b)    4.000 0.10325 0.09045 0.12860  0.09203   59.7s
    full-LDLQ s=1.0 + in-block LS x3 (e4m3)   4.000 0.10193 0.08936 0.12793  0.09203  104.0s
    rank-1 per-column (fold) + LS x3  L=1     3.512 0.14018 0.13600 0.16310  0.09225  109.3s
    rank-1 per-column (fold) + LS x3  L=2     3.762 0.13525 0.13114 0.15914  0.09226  114.2s
    rank-1 per-column (fold) + LS x3  L=8     3.949 0.13438 0.13040 0.15848  0.09210  119.3s

== L5 up_proj (2048, 4096)  act leg served 0.09552
    arm                                         bpp      wt     out    W4A4      act
    S6b plane + LS x3  L=1                    4.000 0.09934 0.09993 0.13806  0.09552    4.4s
    S6b plane + LS x3  L=2                    4.250 0.08998 0.09074 0.13143  0.09552    7.9s
    E4M3 per-32 dup + LS x3  L=1              3.750 0.10529 0.10597 0.14230  0.09552   11.5s
    E4M3 per-32 dup + LS x3  L=2              4.000 0.09506 0.09570 0.13498  0.09552   15.1s
    full-LDLQ s=1.0 + in-block LS x3 (s6b)    4.000 0.10323 0.09366 0.13338  0.09552   61.6s
    full-LDLQ s=1.0 + in-block LS x3 (e4m3)   4.000 0.10193 0.09248 0.13268  0.09552  117.5s
    rank-1 per-column (fold) + LS x3  L=1     3.512 0.13373 0.13426 0.16360  0.09549  124.1s
    rank-1 per-column (fold) + LS x3  L=2     3.762 0.12660 0.12705 0.15773  0.09545  130.4s
    rank-1 per-column (fold) + LS x3  L=8     3.949 0.12458 0.12477 0.15598  0.09550  136.5s

== L20 gate_proj (2048, 4096)  act leg served 0.08675
    arm                                         bpp      wt     out    W4A4      act
    S6b plane + LS x3  L=1                    4.000 0.09965 0.09094 0.12539  0.08675    6.2s
    S6b plane + LS x3  L=2                    4.250 0.09051 0.08233 0.11937  0.08675   11.6s
    E4M3 per-32 dup + LS x3  L=1              3.750 0.10536 0.09568 0.12871  0.08675   17.5s
    E4M3 per-32 dup + LS x3  L=2              4.000 0.09520 0.08648 0.12216  0.08675   23.0s
    full-LDLQ s=1.0 + in-block LS x3 (s6b)    4.000 0.10340 0.08116 0.11856  0.08675   68.8s
    full-LDLQ s=1.0 + in-block LS x3 (e4m3)   4.000 0.10198 0.08001 0.11769  0.08675  101.8s
    rank-1 per-column (fold) + LS x3  L=1     3.512 0.14476 0.13342 0.15827  0.08667  103.9s
    rank-1 per-column (fold) + LS x3  L=2     3.762 0.13890 0.12785 0.15366  0.08647  105.7s
    rank-1 per-column (fold) + LS x3  L=8     3.949 0.13773 0.12656 0.15262  0.08685  107.4s

== L20 up_proj (2048, 4096)  act leg served 0.09220
    arm                                         bpp      wt     out    W4A4      act
    S6b plane + LS x3  L=1                    4.000 0.09967 0.09629 0.13297  0.09220    1.9s
    S6b plane + LS x3  L=2                    4.250 0.09054 0.08745 0.12671  0.09220    3.5s
    E4M3 per-32 dup + LS x3  L=1              3.750 0.10517 0.10136 0.13650  0.09220    5.2s
    E4M3 per-32 dup + LS x3  L=2              4.000 0.09501 0.09132 0.12936  0.09220    6.8s
    full-LDLQ s=1.0 + in-block LS x3 (s6b)    4.000 0.10341 0.08648 0.12606  0.09220   40.9s
    full-LDLQ s=1.0 + in-block LS x3 (e4m3)   4.000 0.10184 0.08492 0.12511  0.09220   74.9s
    rank-1 per-column (fold) + LS x3  L=1     3.512 0.14241 0.13813 0.16496  0.09210   77.4s
    rank-1 per-column (fold) + LS x3  L=2     3.762 0.13766 0.13366 0.16097  0.09204   79.7s
    rank-1 per-column (fold) + LS x3  L=8     3.949 0.13612 0.13192 0.15967  0.09200   81.9s

== L42 gate_proj (2048, 4096)  act leg served 0.06309
    arm                                         bpp      wt     out    W4A4      act
    S6b plane + LS x3  L=1                    4.000 0.09947 0.06695 0.09200  0.06309    1.9s
    S6b plane + LS x3  L=2                    4.250 0.09001 0.06002 0.08717  0.06309    3.5s
    E4M3 per-32 dup + LS x3  L=1              3.750 0.10655 0.07117 0.09506  0.06309    5.3s
    E4M3 per-32 dup + LS x3  L=2              4.000 0.09657 0.06449 0.09018  0.06309    6.9s
    full-LDLQ s=1.0 + in-block LS x3 (s6b)    4.000 0.10311 0.05469 0.08338  0.06309   41.5s
    full-LDLQ s=1.0 + in-block LS x3 (e4m3)   4.000 0.10263 0.05429 0.08325  0.06309   75.0s
    rank-1 per-column (fold) + LS x3  L=1     3.512 0.13662 0.09497 0.11433  0.06332   77.0s
    rank-1 per-column (fold) + LS x3  L=2     3.762 0.12994 0.09081 0.11097  0.06329   78.9s
    rank-1 per-column (fold) + LS x3  L=8     3.949 0.12777 0.08892 0.10927  0.06324   80.6s

== L42 up_proj (2048, 4096)  act leg served 0.08471
    arm                                         bpp      wt     out    W4A4      act
    S6b plane + LS x3  L=1                    4.000 0.09940 0.08915 0.12278  0.08471    1.9s
    S6b plane + LS x3  L=2                    4.250 0.08999 0.08053 0.11671  0.08471    3.5s
    E4M3 per-32 dup + LS x3  L=1              3.750 0.10581 0.09473 0.12694  0.08471    5.2s
    E4M3 per-32 dup + LS x3  L=2              4.000 0.09565 0.08531 0.12006  0.08471    6.8s
    full-LDLQ s=1.0 + in-block LS x3 (s6b)    4.000 0.10307 0.07346 0.11181  0.08471   40.1s
    full-LDLQ s=1.0 + in-block LS x3 (e4m3)   4.000 0.10197 0.07245 0.11127  0.08471   73.2s
    rank-1 per-column (fold) + LS x3  L=1     3.512 0.13633 0.12329 0.14903  0.08489   75.2s
    rank-1 per-column (fold) + LS x3  L=2     3.762 0.13017 0.11814 0.14488  0.08497   77.0s
    rank-1 per-column (fold) + LS x3  L=8     3.949 0.12835 0.11635 0.14347  0.08509   78.7s

arm                                         bpp       wt      out     W4A4      act   out vs S6b+LS  W4A4 vs  vs EXL3@A4
S6b plane + LS x3  L=1                    4.000  0.09948  0.08997  0.12404  0.08572          1.000x   1.000x      1.201x
S6b plane + LS x3  L=2                    4.250  0.09019  0.08144  0.11802  0.08572          1.105x   1.051x      1.143x
E4M3 per-32 dup + LS x3  L=1              3.750  0.10557  0.09515  0.12776  0.08572          0.945x   0.971x      1.237x
E4M3 per-32 dup + LS x3  L=2              4.000  0.09541  0.08588  0.12108  0.08572          1.047x   1.024x      1.173x
full-LDLQ s=1.0 + in-block LS x3 (s6b)    4.000  0.10325  0.07998  0.11697  0.08572          1.134x   1.064x      1.131x
full-LDLQ s=1.0 + in-block LS x3 (e4m3)   4.000  0.10205  0.07892  0.11632  0.08572          1.149x   1.070x      1.125x
rank-1 per-column (fold) + LS x3  L=1     3.512  0.13900  0.12668  0.15222  0.08579          0.710x   0.814x      1.475x
rank-1 per-column (fold) + LS x3  L=2     3.762  0.13309  0.12144  0.14789  0.08575          0.741x   0.838x      1.433x
rank-1 per-column (fold) + LS x3  L=8     3.949  0.13149  0.11982  0.14658  0.08580          0.751x   0.846x      1.420x

wrote experiments/results/tessera_plane_alternatives.json
