
== L5.gate_proj (2048, 4096)
    arm                                                     bpp       wt      out       a4       a8      s
    EXL3 K=4 (LDLQ, W4A16)                                4.012  0.08816  0.07237  0.11671  0.07672      0
    EXL3 K=5 (LDLQ, W4A16)                                5.012  0.04482  0.03674  0.09877  0.04470      0
    E4M3 window q960 L=14                                 3.770  0.09098  0.08785  0.12672  0.09146      8
    E4M3 window q1216 L=14                                4.770  0.04688  0.04533  0.10220  0.05200      8

== L5.up_proj (2048, 4096)
    arm                                                     bpp       wt      out       a4       a8      s
    EXL3 K=4 (LDLQ, W4A16)                                4.012  0.08816  0.07465  0.12055  0.07915      0
    EXL3 K=5 (LDLQ, W4A16)                                5.012  0.04483  0.03800  0.10204  0.04623      0
    E4M3 window q960 L=14                                 3.770  0.09096  0.09040  0.13066  0.09416      5
    E4M3 window q1216 L=14                                4.770  0.04679  0.04655  0.10551  0.05348      8

== L20.gate_proj (2048, 4096)
    arm                                                     bpp       wt      out       a4       a8      s
    EXL3 K=4 (LDLQ, W4A16)                                4.012  0.08495  0.06925  0.11155  0.07340      0
    EXL3 K=5 (LDLQ, W4A16)                                5.012  0.04317  0.03530  0.09450  0.04289      0
    E4M3 window q960 L=14                                 3.770  0.09059  0.08348  0.12095  0.08696      5
    E4M3 window q1216 L=14                                4.770  0.04632  0.04277  0.09749  0.04926      8

== L20.up_proj (2048, 4096)
    arm                                                     bpp       wt      out       a4       a8      s
    EXL3 K=4 (LDLQ, W4A16)                                4.012  0.08492  0.07293  0.11761  0.07732      0
    EXL3 K=5 (LDLQ, W4A16)                                5.012  0.04315  0.03726  0.09967  0.04524      0
    E4M3 window q960 L=14                                 3.770  0.09072  0.08834  0.12763  0.09200      5
    E4M3 window q1216 L=14                                4.770  0.04654  0.04517  0.10282  0.05198      8

== L42.gate_proj (2048, 4096)
    arm                                                     bpp       wt      out       a4       a8      s
    EXL3 K=4 (LDLQ, W4A16)                                4.012  0.08580  0.05132  0.08395  0.05453      0
    EXL3 K=5 (LDLQ, W4A16)                                5.012  0.04361  0.02610  0.07145  0.03198      0
    E4M3 window q960 L=14                                 3.770  0.09027  0.06391  0.09228  0.06655      5
    E4M3 window q1216 L=14                                4.770  0.04636  0.03268  0.07414  0.03758      8

== L42.up_proj (2048, 4096)
    arm                                                     bpp       wt      out       a4       a8      s
    EXL3 K=4 (LDLQ, W4A16)                                4.012  0.08580  0.06673  0.10897  0.07088      0
    EXL3 K=5 (LDLQ, W4A16)                                5.012  0.04366  0.03389  0.09269  0.04153      0
    E4M3 window q960 L=14                                 3.770  0.09056  0.08249  0.11922  0.08588      5
    E4M3 window q1216 L=14                                4.770  0.04667  0.04223  0.09612  0.04857      8

DONE
