
== L5 gate_proj (2048, 4096)  eval 1024 rows  act leg served 0.09170
    arm                                     bpp      wt     out    W4A4
    E4M3 per-16 + LS  L=1                4.0000 0.09794 0.09426 0.13130    4.2s
    E4M3 per-32 + LS  L=1                3.7500 0.10505 0.10123 0.13631    8.2s
    idx8 per-16 + LS  L=1                3.6875 0.10683 0.10298 0.13740   12.4s
    idx16 per-16 + LS  L=1               3.7500 0.10116 0.09751 0.13356   16.5s
    idx32 per-16 + LS  L=1               3.8125 0.09963 0.09583 0.13236   20.5s
    E4M3 per-16 + LS  L=2                4.2500 0.08807 0.08461 0.12458   24.3s
    E4M3 per-32 + LS  L=2                4.0000 0.09478 0.09149 0.12929   28.1s
    idx8 per-16 + LS  L=2                3.9375 0.09838 0.09503 0.13161   31.9s
    idx16 per-16 + LS  L=2               4.0000 0.09190 0.08817 0.12700   35.7s
    idx32 per-16 + LS  L=2               4.0625 0.08960 0.08596 0.12547   39.5s

== L5 up_proj (2048, 4096)  eval 1024 rows  act leg served 0.09474
    arm                                     bpp      wt     out    W4A4
    E4M3 per-16 + LS  L=1                4.0000 0.09799 0.09769 0.13576    4.1s
    E4M3 per-32 + LS  L=1                3.7500 0.10512 0.10487 0.14109    8.1s
    idx8 per-16 + LS  L=1                3.6875 0.10688 0.10652 0.14193   12.2s
    idx16 per-16 + LS  L=1               3.7500 0.10115 0.10063 0.13774   16.2s
    idx32 per-16 + LS  L=1               3.8125 0.09961 0.09916 0.13672   20.3s
    E4M3 per-16 + LS  L=2                4.2500 0.08813 0.08778 0.12891   24.0s
    E4M3 per-32 + LS  L=2                4.0000 0.09490 0.09434 0.13340   27.8s
    idx8 per-16 + LS  L=2                3.9375 0.09841 0.09803 0.13569   31.6s
    idx16 per-16 + LS  L=2               4.0000 0.09190 0.09154 0.13137   35.5s
    idx32 per-16 + LS  L=2               4.0625 0.08961 0.08927 0.12986   39.3s

== L20 gate_proj (2048, 4096)  eval 1024 rows  act leg served 0.08769
    arm                                     bpp      wt     out    W4A4
    E4M3 per-16 + LS  L=1                4.0000 0.09810 0.09052 0.12586    4.3s
    E4M3 per-32 + LS  L=1                3.7500 0.10520 0.09737 0.13081    9.2s
    idx8 per-16 + LS  L=1                3.6875 0.10357 0.09592 0.12967   13.2s
    idx16 per-16 + LS  L=1               3.7500 0.10043 0.09273 0.12751   17.3s
    idx32 per-16 + LS  L=1               3.8125 0.09898 0.09127 0.12641   21.3s
    E4M3 per-16 + LS  L=2                4.2500 0.08828 0.08123 0.11938   25.1s
    E4M3 per-32 + LS  L=2                4.0000 0.09507 0.08805 0.12410   28.9s
    idx8 per-16 + LS  L=2                3.9375 0.09460 0.08741 0.12346   32.7s
    idx16 per-16 + LS  L=2               4.0000 0.09102 0.08387 0.12121   36.5s
    idx32 per-16 + LS  L=2               4.0625 0.08940 0.08233 0.12011   40.3s

== L20 up_proj (2048, 4096)  eval 1024 rows  act leg served 0.09242
    arm                                     bpp      wt     out    W4A4
    E4M3 per-16 + LS  L=1                4.0000 0.09798 0.09467 0.13201    4.0s
    E4M3 per-32 + LS  L=1                3.7500 0.10504 0.10195 0.13729    7.9s
    idx8 per-16 + LS  L=1                3.6875 0.10360 0.10075 0.13624   11.9s
    idx16 per-16 + LS  L=1               3.7500 0.10045 0.09759 0.13409   15.8s
    idx32 per-16 + LS  L=1               3.8125 0.09900 0.09568 0.13270   19.8s
    E4M3 per-16 + LS  L=2                4.2500 0.08813 0.08539 0.12561   23.5s
    E4M3 per-32 + LS  L=2                4.0000 0.09487 0.09194 0.13003   27.1s
    idx8 per-16 + LS  L=2                3.9375 0.09461 0.09173 0.12973   30.9s
    idx16 per-16 + LS  L=2               4.0000 0.09110 0.08834 0.12763   34.7s
    idx32 per-16 + LS  L=2               4.0625 0.08948 0.08652 0.12630   38.5s

== L42 gate_proj (2048, 4096)  eval 1024 rows  act leg served 0.06653
    arm                                     bpp      wt     out    W4A4
    E4M3 per-16 + LS  L=1                4.0000 0.09888 0.06895 0.09580    4.1s
    E4M3 per-32 + LS  L=1                3.7500 0.10654 0.07491 0.10018    8.2s
    idx8 per-16 + LS  L=1                3.6875 0.10465 0.07467 0.10012   12.2s
    idx16 per-16 + LS  L=1               3.7500 0.10267 0.07244 0.09841   16.3s
    idx32 per-16 + LS  L=1               3.8125 0.10022 0.07030 0.09684   20.4s
    E4M3 per-16 + LS  L=2                4.2500 0.08911 0.06252 0.09129   24.2s
    E4M3 per-32 + LS  L=2                4.0000 0.09655 0.06780 0.09496   28.0s
    idx8 per-16 + LS  L=2                3.9375 0.09545 0.06836 0.09549   31.8s
    idx16 per-16 + LS  L=2               4.0000 0.09343 0.06548 0.09341   35.2s
    idx32 per-16 + LS  L=2               4.0625 0.09083 0.06363 0.09210   38.3s

== L42 up_proj (2048, 4096)  eval 1024 rows  act leg served 0.08633
    arm                                     bpp      wt     out    W4A4
    E4M3 per-16 + LS  L=1                4.0000 0.09833 0.08935 0.12404    5.0s
    E4M3 per-32 + LS  L=1                3.7500 0.10567 0.09625 0.12905   10.0s
    idx8 per-16 + LS  L=1                3.6875 0.10333 0.09429 0.12760   14.3s
    idx16 per-16 + LS  L=1               3.7500 0.10205 0.09314 0.12678   18.4s
    idx32 per-16 + LS  L=1               3.8125 0.10024 0.09144 0.12553   22.5s
    E4M3 per-16 + LS  L=2                4.2500 0.08840 0.08000 0.11754   26.3s
    E4M3 per-32 + LS  L=2                4.0000 0.09552 0.08669 0.12210   30.1s
    idx8 per-16 + LS  L=2                3.9375 0.09391 0.08591 0.12158   33.9s
    idx16 per-16 + LS  L=2               4.0000 0.09281 0.08449 0.12058   37.8s
    idx32 per-16 + LS  L=2               4.0625 0.08982 0.08146 0.11849   41.6s

| arm | bpp | out-space weight leg | vs E4M3/16 L=1 (4.0) | W4A4 | vs EXL3@A4 |
|---|---:|---:|---:|---:|---:|
| idx8 per-16 + LS  L=1 | 3.6875 | 0.09585 | 0.931x | 0.12883 | 1.241x |
| E4M3 per-32 + LS  L=1 | 3.7500 | 0.09610 | 0.928x | 0.12912 | 1.244x |
| idx16 per-16 + LS  L=1 | 3.7500 | 0.09234 | 0.966x | 0.12635 | 1.217x |
| idx32 per-16 + LS  L=1 | 3.8125 | 0.09061 | 0.985x | 0.12509 | 1.205x |
| idx8 per-16 + LS  L=2 | 3.9375 | 0.08775 | 1.017x | 0.12293 | 1.184x |
| E4M3 per-16 + LS  L=1 | 4.0000 | 0.08924 | 1.000x | 0.12413 | 1.196x |
| E4M3 per-32 + LS  L=2 | 4.0000 | 0.08672 | 1.028x | 0.12231 | 1.178x |
| idx16 per-16 + LS  L=2 | 4.0000 | 0.08365 | 1.066x | 0.12020 | 1.158x |
| idx32 per-16 + LS  L=2 | 4.0625 | 0.08153 | 1.094x | 0.11872 | 1.144x |
| E4M3 per-16 + LS  L=2 | 4.2500 | 0.08026 | 1.112x | 0.11789 | 1.136x |

wrote experiments/results/tessera_index_plane.json
