
== L5.gate_proj (2048, 4096)
    arm                                                     bpp       wt      out       a4       a8      s
    E4M3 TCQ q832 (exporter default)                      4.001  0.09003  0.08689  0.12621  0.09052      4
    E4M3 window q960 L=12                                 4.005  0.08374  0.08087  0.12209  0.08478     25
    E4M3 TCQ q1088 (exporter default)                     5.001  0.04704  0.04538  0.10230  0.05204      4
    E4M3 window q1216 L=12                                5.005  0.04488  0.04323  0.10136  0.05018     25

== L5.up_proj (2048, 4096)
    arm                                                     bpp       wt      out       a4       a8      s
    E4M3 TCQ q832 (exporter default)                      4.001  0.09003  0.08944  0.13019  0.09318      4
    E4M3 window q960 L=12                                 4.005  0.08375  0.08330  0.12598  0.08732     25
    E4M3 TCQ q1088 (exporter default)                     5.001  0.04704  0.04681  0.10563  0.05374      4
    E4M3 window q1216 L=12                                5.005  0.04487  0.04465  0.10465  0.05185     25

== L20.gate_proj (2048, 4096)
    arm                                                     bpp       wt      out       a4       a8      s
    E4M3 TCQ q832 (exporter default)                      4.001  0.08989  0.08293  0.12052  0.08644      4
    E4M3 window q960 L=12                                 4.005  0.08366  0.07697  0.11651  0.08073     25
    E4M3 TCQ q1088 (exporter default)                     5.001  0.04697  0.04303  0.09762  0.04949      4
    E4M3 window q1216 L=12                                5.005  0.04480  0.04128  0.09684  0.04799     25

== L20.up_proj (2048, 4096)
    arm                                                     bpp       wt      out       a4       a8      s
    E4M3 TCQ q832 (exporter default)                      4.001  0.08991  0.08724  0.12685  0.09094      4
    E4M3 window q960 L=12                                 4.005  0.08374  0.08134  0.12292  0.08530     25
    E4M3 TCQ q1088 (exporter default)                     5.001  0.04703  0.04591  0.10307  0.05265      4
    E4M3 window q1216 L=12                                5.005  0.04488  0.04376  0.10212  0.05077     25

== L42.gate_proj (2048, 4096)
    arm                                                     bpp       wt      out       a4       a8      s
    E4M3 TCQ q832 (exporter default)                      4.001  0.09003  0.06280  0.09149  0.06547      4
    E4M3 window q960 L=12                                 4.005  0.08337  0.05872  0.08877  0.06156     26
    E4M3 TCQ q1088 (exporter default)                     5.001  0.04684  0.03290  0.07422  0.03773      4
    E4M3 window q1216 L=12                                5.005  0.04465  0.03141  0.07354  0.03643     25

== L42.up_proj (2048, 4096)
    arm                                                     bpp       wt      out       a4       a8      s
    E4M3 TCQ q832 (exporter default)                      4.001  0.09003  0.08138  0.11852  0.08480      4
    E4M3 window q960 L=12                                 4.005  0.08354  0.07617  0.11496  0.07986     25
    E4M3 TCQ q1088 (exporter default)                     5.001  0.04688  0.04281  0.09632  0.04907      4
    E4M3 window q1216 L=12                                5.005  0.04472  0.04067  0.09545  0.04718     25

DONE
