H from wikitext-2-raw-v1/train (local datasets cache)  fit 16384 tok (sha 229c6f72307f)  eval 8192 tok (sha 30ec7255e693)

== model.layers.0.self_attn.q_proj (2048, 1024)  eval rows 8192
    arm                                                out     plain       hwt   clip%      s
    baseline (no LDLQ, plain refit)                0.04021   0.06918   0.06898            4.6
    LDLQ sigma=0.3 block=32                        0.03201   0.07315   0.07586            4.0
    LDLQ sigma=0.3 block=128                       0.03397   0.07266   0.07412            3.2
    LDLQ sigma=1.0 block=32                        0.03256   0.07078   0.07351            3.9
    LDLQ sigma=1.0 block=128                       0.03450   0.07056   0.07205            3.2
    LDLQ sigma=3.0 block=32                        0.03336   0.06978   0.07183            3.9
    LDLQ sigma=3.0 block=128                       0.03505   0.06968   0.07091            3.2
    LDLQ sigma=10.0 block=32                       0.03468   0.06936   0.07091            3.9
    LDLQ sigma=10.0 block=128                      0.03600   0.06933   0.07011            3.1
    -- best LDLQ: sigma=0.3 block=32
    LDLQ 0.3/32 + reach floor                      0.03187   0.07317   0.07578            3.8
    refit h^0.5 only                               0.03936   0.06921   0.06749            3.0
    LDLQ 0.3/32 + refit h^0.5                      0.03125   0.07320   0.07445            3.7
    refit h^1.0 only                               0.03837   0.06948   0.06599            3.0
    LDLQ 0.3/32 + refit h^1.0                      0.03047   0.07367   0.07300            3.9
    refit full-H only                              0.03817   0.07063   0.06835            3.0
    LDLQ 0.3/32 + refit full-H                     0.03035   0.07412   0.07501            3.8
    LDLQ 0.3/32 + refit full-H + reach floor       0.03042   0.07397   0.07509            3.8

== model.layers.1.self_attn.k_proj (1024, 1024)  eval rows 8192
    arm                                                out     plain       hwt   clip%      s
    baseline (no LDLQ, plain refit)                0.06135   0.06852   0.09212            1.7
    LDLQ sigma=0.3 block=32                        0.03946   0.07326   0.10334            2.4
    LDLQ sigma=0.3 block=128                       0.04101   0.07272   0.10224            1.8
    LDLQ sigma=1.0 block=32                        0.04059   0.07049   0.10057            2.4
    LDLQ sigma=1.0 block=128                       0.04109   0.07030   0.10020            1.7
    LDLQ sigma=3.0 block=32                        0.04071   0.06935   0.09895            2.6
    LDLQ sigma=3.0 block=128                       0.04159   0.06925   0.09848            1.7
    LDLQ sigma=10.0 block=32                       0.04277   0.06886   0.09769            2.8
    LDLQ sigma=10.0 block=128                      0.04311   0.06884   0.09739            2.2
    -- best LDLQ: sigma=0.3 block=32
    LDLQ 0.3/32 + reach floor                      0.03937   0.07326   0.10235            3.6
    refit h^0.5 only                               0.05155   0.06855   0.08132            1.8
    LDLQ 0.3/32 + refit h^0.5                      0.03573   0.07323   0.09719            2.9
    refit h^1.0 only                               0.04110   0.06935   0.06868            1.7
    LDLQ 0.3/32 + refit h^1.0                      0.03614   0.07417   0.07968            2.7
    refit full-H only                              0.03985   0.07041   0.07097            1.7
    LDLQ 0.3/32 + refit full-H                     0.03139   0.07452   0.09420            2.8
    LDLQ 0.3/32 + refit full-H + reach floor       0.03162   0.07439   0.09399            2.8

== model.layers.13.mlp.down_proj (1024, 3072)  eval rows 8192
    arm                                                out     plain       hwt   clip%      s
    baseline (no LDLQ, plain refit)                0.07651   0.07402   0.07473            4.9
    LDLQ sigma=0.3 block=32                        0.06374   0.07775   0.08255            8.0
    LDLQ sigma=0.3 block=128                       0.06503   0.07752   0.08192            5.5
    LDLQ sigma=1.0 block=32                        0.06430   0.07570   0.07956            8.2
    LDLQ sigma=1.0 block=128                       0.06543   0.07557   0.07913            5.3
    LDLQ sigma=3.0 block=32                        0.06580   0.07470   0.07723            7.7
    LDLQ sigma=3.0 block=128                       0.06675   0.07464   0.07697            5.3
    LDLQ sigma=10.0 block=32                       0.06840   0.07422   0.07566            7.6
    LDLQ sigma=10.0 block=128                      0.06919   0.07421   0.07557            5.1
    -- best LDLQ: sigma=0.3 block=32
    LDLQ 0.3/32 + reach floor                      0.06391   0.07786   0.08279            7.4
    refit h^0.5 only                               0.07647   0.07409   0.07463            4.5
    LDLQ 0.3/32 + refit h^0.5                      0.06364   0.07783   0.08241            7.6
    refit h^1.0 only                               0.07625   0.07421   0.07453            4.5
    LDLQ 0.3/32 + refit h^1.0                      0.06367   0.07802   0.08242            7.6
    refit full-H only                              0.07568   0.07445   0.07479            4.5
    LDLQ 0.3/32 + refit full-H                     0.06373   0.07798   0.08254            7.5
    LDLQ 0.3/32 + refit full-H + reach floor       0.06383   0.07799   0.08268            7.4

== model.layers.14.mlp.gate_proj (3072, 1024)  eval rows 8192
    arm                                                out     plain       hwt   clip%      s
    baseline (no LDLQ, plain refit)                0.06521   0.06676   0.07711            4.7
    LDLQ sigma=0.3 block=32                        0.05817   0.07062   0.08900            5.3
    LDLQ sigma=0.3 block=128                       0.05815   0.07009   0.08678            5.0
    LDLQ sigma=1.0 block=32                        0.05666   0.06828   0.08547            6.8
    LDLQ sigma=1.0 block=128                       0.05721   0.06805   0.08421            6.2
    LDLQ sigma=3.0 block=32                        0.05571   0.06733   0.08353            7.2
    LDLQ sigma=3.0 block=128                       0.05684   0.06724   0.08267            4.9
    LDLQ sigma=10.0 block=32                       0.05635   0.06696   0.08157            6.2
    LDLQ sigma=10.0 block=128                      0.05740   0.06693   0.08115            5.4
    -- best LDLQ: sigma=3.0 block=32
    LDLQ 3.0/32 + reach floor                      0.04627   0.06726   0.07843            6.5
    refit h^0.5 only                               0.05007   0.06677   0.06930            5.1
    LDLQ 3.0/32 + refit h^0.5                      0.04202   0.06731   0.07697            6.4
    refit h^1.0 only                               0.04557   0.06731   0.06447            5.0
    LDLQ 3.0/32 + refit h^1.0                      0.04041   0.06813   0.07089            6.5
    refit full-H only                              0.04360   0.06867   0.06829            5.5
    LDLQ 3.0/32 + refit full-H                     0.03758   0.06857   0.07574            8.9
    LDLQ 3.0/32 + refit full-H + reach floor       0.03762   0.06833   0.07459            9.7

== model.layers.2.mlp.down_proj (1024, 3072)  eval rows 8192
    arm                                                out     plain       hwt   clip%      s
    baseline (no LDLQ, plain refit)                0.02484   0.07382   0.05775            6.4
    LDLQ sigma=0.3 block=32                        0.02508   0.07788   0.07510            9.4
    LDLQ sigma=0.3 block=128                       0.01889   0.07384   0.07165            6.7
    LDLQ sigma=1.0 block=32                        0.02057   0.07458   0.07087            9.1
    LDLQ sigma=1.0 block=128                       0.01922   0.07383   0.07001            7.1
    LDLQ sigma=3.0 block=32                        0.02127   0.07394   0.07184           10.9
    LDLQ sigma=3.0 block=128                       0.01934   0.07383   0.07096            6.0
    LDLQ sigma=10.0 block=32                       0.02044   0.07384   0.07066            8.0
    LDLQ sigma=10.0 block=128                      0.01981   0.07383   0.07055            5.4
    -- best LDLQ: sigma=0.3 block=128
    LDLQ 0.3/128 + reach floor                     0.01938   0.07393   0.07215            5.7
    refit h^0.5 only                               0.02402   0.07396   0.05645            4.8
    LDLQ 0.3/128 + refit h^0.5                     0.01841   0.07414   0.06888            5.9
    refit h^1.0 only                               0.01206   0.38582   0.02771            4.9
    LDLQ 0.3/128 + refit h^1.0                     0.00990   0.48758   0.02884            6.1
    refit full-H only                              0.00994   0.49682   0.04232            6.1
    LDLQ 0.3/128 + refit full-H                    0.00847   0.38872   0.04524            6.1
    LDLQ 0.3/128 + refit full-H + reach floor      0.01822   0.13662   0.07476            6.7

== model.layers.27.self_attn.o_proj (1024, 2048)  eval rows 8192
    arm                                                out     plain       hwt   clip%      s
    baseline (no LDLQ, plain refit)                0.07287   0.07025   0.07094            3.6
    LDLQ sigma=0.3 block=32                        0.05270   0.07628   0.07861            6.5
    LDLQ sigma=0.3 block=128                       0.05566   0.07562   0.07703            4.2
    LDLQ sigma=1.0 block=32                        0.05518   0.07268   0.07492            6.2
    LDLQ sigma=1.0 block=128                       0.05746   0.07233   0.07399            4.4
    LDLQ sigma=3.0 block=32                        0.05843   0.07114   0.07285            8.0
    LDLQ sigma=3.0 block=128                       0.06026   0.07101   0.07248            4.4
    LDLQ sigma=10.0 block=32                       0.06218   0.07050   0.07174            6.4
    LDLQ sigma=10.0 block=128                      0.06386   0.07046   0.07160            4.3
    -- best LDLQ: sigma=0.3 block=32
    LDLQ 0.3/32 + reach floor                      0.05290   0.07632   0.07866            6.5
    refit h^0.5 only                               0.07288   0.07031   0.07088            4.0
    LDLQ 0.3/32 + refit h^0.5                      0.05295   0.07632   0.07837            6.3
    refit h^1.0 only                               0.07279   0.07039   0.07084            3.5
    LDLQ 0.3/32 + refit h^1.0                      0.05288   0.07646   0.07853            5.9
    refit full-H only                              0.07267   0.07149   0.07183            3.3
    LDLQ 0.3/32 + refit full-H                     0.05277   0.07642   0.07848            6.1
    LDLQ 0.3/32 + refit full-H + reach floor       0.05263   0.07646   0.07861            6.3

== geomean out-space (held-out rows), all units
    refit full-H only                              0.03920  0.7389x
    refit h^1.0 only                               0.04109  0.7745x
    LDLQ sigma=1.0 block=32                        0.04197  0.7912x
    LDLQ sigma=0.3 block=128                       0.04206  0.7929x
    LDLQ sigma=1.0 block=128                       0.04246  0.8004x
    LDLQ sigma=3.0 block=32                        0.04285  0.8077x
    LDLQ sigma=0.3 block=32                        0.04285  0.8078x
    LDLQ sigma=3.0 block=128                       0.04314  0.8132x
    LDLQ sigma=10.0 block=32                       0.04401  0.8297x
    LDLQ sigma=10.0 block=128                      0.04453  0.8394x
    refit h^0.5 only                               0.04886  0.9210x
    baseline (no LDLQ, plain refit)                0.05305  1.0000x
