
== L5.gate_proj (2048, 4096)
    arm                                                     bpp       wt      out       a4       a8      s
    EXL3 K=4 (LDLQ, W4A16)                                4.012  0.08816  0.07237  0.11671  0.07672      0
    EXL3 K=5 (LDLQ, W4A16)                                5.012  0.04482  0.03674  0.09877  0.04470      0
    E4M3 window q960 L=14                                 3.770  0.09085  0.08747  0.12645  0.09107     10
    E4M3 window q1216 L=14                                4.770  0.04687  0.04518  0.10211  0.05188     15

== L5.up_proj (2048, 4096)
    arm                                                     bpp       wt      out       a4       a8      s
    EXL3 K=4 (LDLQ, W4A16)                                4.012  0.08816  0.07465  0.12055  0.07915      0
    EXL3 K=5 (LDLQ, W4A16)                                5.012  0.04483  0.03800  0.10204  0.04623      0
    E4M3 window q960 L=14                                 3.770  0.09084  0.09083  0.13097  0.09457     10
    E4M3 window q1216 L=14                                4.770  0.04683  0.04656  0.10553  0.05352     15

== L20.gate_proj (2048, 4096)
    arm                                                     bpp       wt      out       a4       a8      s
    EXL3 K=4 (LDLQ, W4A16)                                4.012  0.08495  0.06925  0.11155  0.07340      0
    EXL3 K=5 (LDLQ, W4A16)                                5.012  0.04317  0.03530  0.09450  0.04289      0
    E4M3 window q960 L=14                                 3.770  0.09051  0.08342  0.12082  0.08690     10
    E4M3 window q1216 L=14                                4.770  0.04652  0.04284  0.09755  0.04932     15

== L20.up_proj (2048, 4096)
    arm                                                     bpp       wt      out       a4       a8      s
    EXL3 K=4 (LDLQ, W4A16)                                4.012  0.08492  0.07293  0.11761  0.07732      0
    EXL3 K=5 (LDLQ, W4A16)                                5.012  0.04315  0.03726  0.09967  0.04524      0
    E4M3 window q960 L=14                                 3.770  0.09065  0.08843  0.12776  0.09209     10
    E4M3 window q1216 L=14                                4.770  0.04673  0.04529  0.10286  0.05207     15

== L42.gate_proj (2048, 4096)
    arm                                                     bpp       wt      out       a4       a8      s
    EXL3 K=4 (LDLQ, W4A16)                                4.012  0.08580  0.05132  0.08395  0.05453      0
    EXL3 K=5 (LDLQ, W4A16)                                5.012  0.04361  0.02610  0.07145  0.03198      0
    E4M3 window q960 L=14                                 3.770  0.09014  0.06337  0.09184  0.06602     10
    E4M3 window q1216 L=14                                4.770  0.04623  0.03230  0.07397  0.03723     15

== L42.up_proj (2048, 4096)
    arm                                                     bpp       wt      out       a4       a8      s
    EXL3 K=4 (LDLQ, W4A16)                                4.012  0.08580  0.06673  0.10897  0.07088      0
    EXL3 K=5 (LDLQ, W4A16)                                5.012  0.04366  0.03389  0.09269  0.04153      0
    E4M3 window q960 L=14                                 3.770  0.09042  0.08205  0.11888  0.08545     10
    E4M3 window q1216 L=14                                4.770  0.04652  0.04228  0.09609  0.04861     15

DONE
