     sigma  reach   meas   ulp/r   snap_rel   snap_out  maxsnap distinct  d_out  sat in/floor
   63.0000    256  1.348  0.1250  7.028e-04  8.604e-04   0.1895      204     18    0     2.47
   65.0000    256  1.349  0.1250  7.033e-04  9.314e-04   0.1784      202     18    0     2.55
   67.0000    256  1.357  0.1250  7.073e-04  9.236e-04   0.1432      202     18    0     2.62
   68.5000    288  1.366  0.1111  7.071e-04  7.689e-04   0.1182      204     18    0     2.68
   70.6353    288  1.367  0.1111  7.031e-04  6.856e-04   0.0844      202     18    0     2.77
   74.5000    288  1.376  0.1111  7.053e-04  7.614e-04   0.0588      202     18    0     2.92
   77.0000    320  1.174  0.1000  7.045e-04  6.146e-04   0.0588      202     18    0     3.02
   79.5000    320  1.176  0.1000  7.010e-04  6.050e-04   0.0588      202     18    0     3.11
   83.0000    320  1.185  0.1000  7.032e-04  6.551e-04   0.0771      200     18    0     3.25
   85.5000    352  1.084  0.0909  7.001e-04  5.503e-04   0.1041      202     18    0     3.35
   88.0000    352  1.087  0.0909  6.992e-04  5.824e-04   0.1296      202     18    0     3.45
   90.0000    352  1.093  0.0909  7.010e-04  6.280e-04   0.1348      202     18    0     3.52
   92.5000    384  0.999  0.0833  7.004e-04  5.779e-04   0.1041      202     18    0     3.62
   94.1804    384  1.000  0.0833  6.976e-04  5.572e-04   0.0844      202     18    0     3.69
   99.0000    384  1.010  0.0833  7.006e-04  6.465e-04   0.0588      202     18    0     3.88
  100.5000    416  1.078  0.0769  6.995e-04  6.135e-04   0.0588      204     18    0     3.94
  103.0000    416  1.079  0.0769  6.974e-04  6.187e-04   0.0588      202     18    0     4.03
  106.5000    416  1.080  0.0769  7.012e-04  6.988e-04   0.0588      202     18    0     4.17
  109.0000    448  1.316  0.0714  6.999e-04  6.752e-04   0.0630      204     18    2     4.27
  110.5000    448  1.317  0.0714  6.998e-04  6.878e-04   0.0758      202     18    2     4.33
  111.5000    448  1.317  0.0714  6.994e-04  7.054e-04   0.0840      202     18    2     4.37

Spearman against the measured h ratio over 21 sigmas (a predictor that orders the bands reads near +1):
    snap_rel                   0.640
    snap_rel_outer             0.778
    max_rel_snap               0.243
    saturated                 -0.543
    ulp_over_reach             0.579
    -reach                     0.579
    -distinct                 -0.427
    -distinct_outer           -0.543
    -innermost_over_floor      0.543
