
== model.layers.2.mlp.down_proj (1024, 3072)  R=2048  (8 b/wt)   h top-6 share 0.9990  h_max/med 2.18e+06
     refit      m     sigma   reach reach_rms        wt         h  h ratio  rows@clip  moved  top6%      s
         0   1.00   94.1804   384.0    4.0790   0.02656   0.01356   1.0000        166      0  99.45      2
         0   0.75   70.6353   288.0    4.0786   0.02662   0.01405   1.0367        220      0  99.50      2
         4   1.00   94.1804   384.0    4.0972   0.02646   0.01024   1.0000        222    471  99.06      7
         4   0.75   70.6353   288.0    4.1002   0.02653   0.01399   1.3667        219    523  99.50      7

== model.layers.2.self_attn.q_proj (2048, 1024)  R=2048  (8 b/wt)   h top-6 share 0.3494  h_max/med 352
     refit      m     sigma   reach reach_rms        wt         h  h ratio  rows@clip  moved  top6%      s
         0   1.00   94.1804   384.0    4.0778   0.02705   0.02856   1.0000        189      0  18.58      1
         0   0.75   70.6353   288.0    4.0777   0.02719   0.02889   1.0116        246      0  18.47      1
         4   1.00   94.1804   384.0    4.0838   0.02674   0.02799   1.0000        203   1396  19.16      4
         4   0.75   70.6353   288.0    4.0833   0.02687   0.02839   1.0140        213   1441  19.37      4

== model.layers.2.self_attn.k_proj (1024, 1024)  R=2048  (8 b/wt)   h top-6 share 0.3494  h_max/med 352
     refit      m     sigma   reach reach_rms        wt         h  h ratio  rows@clip  moved  top6%      s
         0   1.00   94.1804   384.0    4.0777   0.02688   0.02769   1.0000         60      0  34.74      1
         0   0.75   70.6353   288.0    4.0776   0.02695   0.02786   1.0062         98      0  35.60      1
         4   1.00   94.1804   384.0    4.0808   0.02664   0.02721   1.0000         87    671  34.34      2
         4   0.75   70.6353   288.0    4.0801   0.02672   0.02757   1.0129         86    672  35.80      2

== model.layers.14.mlp.gate_proj (3072, 1024)  R=2048  (8 b/wt)   h top-6 share 0.3432  h_max/med 329
     refit      m     sigma   reach reach_rms        wt         h  h ratio  rows@clip  moved  top6%      s
         0   1.00   94.1804   384.0    4.0776   0.02652   0.03093   1.0000        246      0  49.23      2
         0   0.75   70.6353   288.0    4.0777   0.02656   0.03110   1.0053        319      0  49.50      2
         4   1.00   94.1804   384.0    4.0798   0.02627   0.02938   1.0000        301   1996  45.21      6
         4   0.75   70.6353   288.0    4.0805   0.02630   0.02941   1.0013        336   2078  45.14      7

== model.layers.2.mlp.up_proj (3072, 1024)  R=2048  (8 b/wt)   h top-6 share 0.6160  h_max/med 1.24e+03
     refit      m     sigma   reach reach_rms        wt         h  h ratio  rows@clip  moved  top6%      s
         0   1.00   94.1804   384.0    4.0775   0.02649   0.02649   1.0000        152      0  10.52      2
         0   0.75   70.6353   288.0    4.0775   0.02655   0.02665   1.0061        193      0  11.40      2
         4   1.00   94.1804   384.0    4.0788   0.02630   0.02631   1.0000        209   1880  10.61      8
         4   0.75   70.6353   288.0    4.0784   0.02634   0.02643   1.0047        222   2011  11.34      8

== model.layers.14.mlp.down_proj (1024, 3072)  R=2048  (8 b/wt)   h top-6 share 0.0442  h_max/med 75.1
     refit      m     sigma   reach reach_rms        wt         h  h ratio  rows@clip  moved  top6%      s
         0   1.00   94.1804   384.0    4.5304   0.02680   0.02732   1.0000        279      0   2.88      2
         0   0.75   70.6353   288.0    4.5306   0.02679   0.02730   0.9993        380      0   2.93      2
         4   1.00   94.1804   384.0    4.5272   0.02668   0.02711   1.0000        358    498   2.90      7
         4   0.75   70.6353   288.0    4.5387   0.02667   0.02708   0.9989        356    608   2.85      7

== model.layers.27.self_attn.o_proj (1024, 2048)  R=2048  (8 b/wt)   h top-6 share 0.0967  h_max/med 108
     refit      m     sigma   reach reach_rms        wt         h  h ratio  rows@clip  moved  top6%      s
         0   1.00   94.1804   384.0    4.0777   0.02649   0.02645   1.0000         67      0   2.20      1
         0   0.75   70.6353   288.0    4.0776   0.02654   0.02653   1.0029         99      0   2.11      1
         4   1.00   94.1804   384.0    4.0797   0.02636   0.02634   1.0000         82    570   2.16      4
         4   0.75   70.6353   288.0    4.0793   0.02644   0.02643   1.0034         98    618   2.13      6

== model.layers.14.self_attn.v_proj (1024, 1024)  R=2048  (8 b/wt)   h top-6 share 0.4532  h_max/med 417
     refit      m     sigma   reach reach_rms        wt         h  h ratio  rows@clip  moved  top6%      s
         0   1.00   94.1804   384.0    4.0776   0.02651   0.02654   1.0000         55      0   6.16      1
         0   0.75   70.6353   288.0    4.0776   0.02654   0.02662   1.0028         73      0   6.50      1
         4   1.00   94.1804   384.0    4.0786   0.02628   0.02634   1.0000         72    647   6.16      2
         4   0.75   70.6353   288.0    4.0787   0.02633   0.02639   1.0023         77    693   6.40      2

wrote /home/rob/tmp/musefix/out/ts89_refitall.json
