
== model.layers.2.mlp.down_proj (1024, 3072)  R=2048  (8 b/wt)   h top-6 share 0.9990  h_max/med 2.18e+06
     refit      m     sigma   reach reach_rms        wt         h  h ratio  rows@clip  moved  top6%      s
         0   1.00   94.1804   384.0    4.0790   0.02656   0.01356   1.0000        166      0  99.45      2
         0   0.75   70.6353   288.0    4.0786   0.02662   0.01405   1.0367        220      0  99.50      2
         1   1.00   94.1804   384.0    4.0859   0.02653   0.01239   1.0000        219    258  99.35      2
         1   0.75   70.6353   288.0    4.0861   0.02660   0.01403   1.1327        215    340  99.50      2
         2   1.00   94.1804   384.0    4.0901   0.02650   0.01142   1.0000        222    469  99.24      3
         2   0.75   70.6353   288.0    4.0907   0.02657   0.01402   1.2274        218    520  99.50      4
         3   1.00   94.1804   384.0    4.0934   0.02648   0.01054   1.0000        221    471  99.11      5
         3   0.75   70.6353   288.0    4.0956   0.02655   0.01401   1.3296        219    521  99.50      5
         4   1.00   94.1804   384.0    4.0972   0.02646   0.01024   1.0000        222    471  99.06      6
         4   0.75   70.6353   288.0    4.1002   0.02653   0.01399   1.3667        219    523  99.50      6

    at scale_refit=4, the two refit knobs, both sigmas
    refit arm                  m        wt         h  h ratio  rows@clip  moved  top6%      s
    metric=h                1.00   0.02796   0.00983   1.0000        340    996  98.87      6
    metric=h                0.75   0.02817   0.00969   0.9853        388   1011  98.83      6
    reach_floor             1.00   0.02649   0.01394   1.0000          0    365  99.48      6
    reach_floor             0.75   0.02655   0.01399   1.0035          0    412  99.50      7
    metric=h+floor          1.00   0.02718   0.01378   1.0000          0    743  99.45      7
    metric=h+floor          0.75   0.02720   0.01369   0.9940          0    723  99.45      7

wrote /home/rob/tmp/musefix/out/ts89_refit2.json
